******************************************************************************
                  TI ARM Linker PC v20.2.2                     
******************************************************************************
>> Linked Wed Jan 19 21:45:44 2022

OUTPUT FILE NAME:   <ejercicio-FreeRTOS.out>
ENTRY POINT SYMBOL: "_c_int00_noargs"  address: 0000c10d


MEMORY CONFIGURATION

         name            origin    length      used     unused   attr    fill
----------------------  --------  ---------  --------  --------  ----  --------
  FLASH                 00000000   00040000  0000cda2  0003325e  R  X
  SRAM                  20000000   00008000  00006263  00001d9d  RW X


SEGMENT ALLOCATION MAP

run origin  load origin   length   init length attrs members
----------  ----------- ---------- ----------- ----- -------
00000000    00000000    0000cda8   0000cda8    r-x
  00000000    00000000    0000026c   0000026c    r-- .intvecs
  0000026c    0000026c    0000c06e   0000c06e    r-x .text
  0000c2dc    0000c2dc    00000920   00000920    r-- .const
  0000cc00    0000cc00    000001a8   000001a8    r-- .cinit
20000000    20000000    00006263   00000000    rw-
  20000000    20000000    0000026c   00000000    rw- .vtable
  2000026c    2000026c    000054f4   00000000    rw- .bss
  20005760    20005760    00000800   00000000    rw- .stack
  20005f60    20005f60    00000303   00000000    rw- .data


SECTION ALLOCATION MAP

 output                                  attributes/
section   page    origin      length       input sections
--------  ----  ----------  ----------   ----------------
.intvecs   0    00000000    0000026c     
                  00000000    0000026c     startup_ccs.obj (.intvecs)

.text      0    0000026c    0000c06e     
                  0000026c    000018c4     tasks.obj (.text)
                  00001b30    0000101c     sysctl.obj (.text)
                  00002b4c    00000e10     gpio.obj (.text)
                  0000395c    00000dc4     queue.obj (.text)
                  00004720    00000c50     pwm.obj (.text)
                  00005370    00000c4c     adc.obj (.text)
                  00005fbc    00000a4e     rtsv7M4_T_le_v4SPD16_eabi.lib : _printfi.c.obj (.text:__TI_printfi)
                  00006a0a    00000002                                   : div0.asm.obj (.text)
                  00006a0c    00000a38     timer.obj (.text)
                  00007444    00000a14     ejercicio-freeRTOS.obj (.text)
                  00007e58    000008e8     uartstdio.obj (.text)
                  00008740    00000840     uart.obj (.text)
                  00008f80    00000620     timers.obj (.text)
                  000095a0    00000518     commands.obj (.text)
                  00009ab8    000003a8     interrupt.obj (.text)
                  00009e60    000002d4     heap_4.obj (.text)
                  0000a134    000002b4     croutine.obj (.text)
                  0000a3e8    00000270     rtsv7M4_T_le_v4SPD16_eabi.lib : _printfi.c.obj (.text:_pconv_a)
                  0000a658    00000258     servos.obj (.text)
                  0000a8b0    00000234     port.obj (.text)
                  0000aae4    000001d0     rtsv7M4_T_le_v4SPD16_eabi.lib : _printfi.c.obj (.text:_pconv_g)
                  0000acb4    000001b6                                   : fd_add_t2.asm.obj (.text)
                  0000ae6a    00000002     --HOLE-- [fill = 0]
                  0000ae6c    00000168     configADC.obj (.text)
                  0000afd4    0000013c     rtsv7M4_T_le_v4SPD16_eabi.lib : _printfi.c.obj (.text:_pconv_e)
                  0000b110    00000136                                   : fd_div_t2.asm.obj (.text)
                  0000b246    00000002     --HOLE-- [fill = 0]
                  0000b248    00000124                                   : _printfi.c.obj (.text:fcvt)
                  0000b36c    00000110                                   : s_scalbn.c.obj (.text:scalbn)
                  0000b47c    000000fc                                   : fd_mul_t2.asm.obj (.text)
                  0000b578    000000f8     buttons.obj (.text)
                  0000b670    000000f8     cpu_usage.obj (.text)
                  0000b768    000000da     portasm.obj (.text)
                  0000b842    00000002     --HOLE-- [fill = 0]
                  0000b844    000000b1     rtsv7M4_T_le_v4SPD16_eabi.lib : _printfi.c.obj (.text:_ltostr)
                  0000b8f5    00000001     --HOLE-- [fill = 0]
                  0000b8f6    0000009c                                   : memcpy_t2.asm.obj (.text)
                  0000b992    00000096                                   : ull_div_t2.asm.obj (.text)
                  0000ba28    00000094     list.obj (.text)
                  0000babc    00000086     rtsv7M4_T_le_v4SPD16_eabi.lib : fd_cmp_t2.asm.obj (.text:__aeabi_cdcmple)
                  0000bb42    00000086                                   : fd_cmp_t2.asm.obj (.text:__aeabi_cdrcmple)
                  0000bbc8    0000007a                                   : memset_t2.asm.obj (.text)
                  0000bc42    0000006e                                   : _printfi.c.obj (.text:_mcpy)
                  0000bcb0    00000068                                   : copy_decompress_lzss.c.obj (.text:decompress:lzss:__TI_decompress_lzss)
                  0000bd18    00000064     RunTimeStatsConfig.obj (.text)
                  0000bd7c    00000064     cmdline.obj (.text)
                  0000bde0    00000064     rtsv7M4_T_le_v4SPD16_eabi.lib : s_frexp.c.obj (.text:frexp)
                  0000be44    00000056                                   : _printfi.c.obj (.text:_pconv_f)
                  0000be9a    00000054                                   : _ltoa.c.obj (.text:__TI_ltoa)
                  0000beee    00000052                                   : _printfi.c.obj (.text:_ecpy)
                  0000bf40    0000004c                                   : atoi.c.obj (.text:atoi)
                  0000bf8c    00000048                                   : fd_toi_t2.asm.obj (.text)
                  0000bfd4    00000044                                   : autoinit.c.obj (.text:__TI_auto_init_nobinit_nopinit:__TI_auto_init_nobinit_nopinit)
                  0000c018    00000040                                   : u_divt2.asm.obj (.text)
                  0000c058    00000040                                   : sprintf.c.obj (.text:sprintf)
                  0000c098    0000003e                                   : _printfi.c.obj (.text:_fcpy)
                  0000c0d6    00000036     cpu.obj (.text)
                  0000c10c    00000034     rtsv7M4_T_le_v4SPD16_eabi.lib : boot_cortex_m.c.obj (.text:_c_int00_noargs:_c_int00_noargs)
                  0000c140    0000002e                                   : i_tofd_t2.asm.obj (.text)
                  0000c16e    0000002c                                   : strncmp.c.obj (.text:strncmp)
                  0000c19a    00000002     --HOLE-- [fill = 0]
                  0000c19c    00000028     startup_ccs.obj (.text)
                  0000c1c4    00000024     RunTimeStatsConfig.obj (.text:GetOverflowCounts)
                  0000c1e8    0000001c     rtsv7M4_T_le_v4SPD16_eabi.lib : memccpy.c.obj (.text:memccpy)
                  0000c204    0000001a                                   : s_copysign.c.obj (.text:copysign)
                  0000c21e    00000018                                   : sprintf.c.obj (.text:_outs)
                  0000c236    00000018                                   : strcmp.c.obj (.text:strcmp)
                  0000c24e    00000016                                   : strchr.c.obj (.text:strchr)
                  0000c264    00000014                                   : strcpy.c.obj (.text:strcpy)
                  0000c278    00000014                                   : strlen.c.obj (.text:strlen)
                  0000c28c    00000012                                   : wcslen.c.obj (.text:wcslen)
                  0000c29e    0000000e                                   : copy_decompress_none.c.obj (.text:decompress:none:__TI_decompress_none)
                  0000c2ac    0000000c                                   : copy_zero_init.c.obj (.text:decompress:ZI:__TI_zero_init)
                  0000c2b8    0000000a                                   : sprintf.c.obj (.text:_outc)
                  0000c2c2    00000002     --HOLE-- [fill = 0]
                  0000c2c4    00000008                                   : errno.c.obj (.text:__aeabi_errno_addr)
                  0000c2cc    00000006     sysctl.obj (.text:SysCtlDelay)
                  0000c2d2    00000004     rtsv7M4_T_le_v4SPD16_eabi.lib : pre_init.c.obj (.text:_system_pre_init)
                  0000c2d6    00000004                                   : exit.c.obj (.text:abort:abort)

.const     0    0000c2dc    00000920     
                  0000c2dc    000001b0     sysctl.obj (.const:g_pppui32XTALtoVCO)
                  0000c48c    0000012c     commands.obj (.const:.string)
                  0000c5b8    00000101     rtsv7M4_T_le_v4SPD16_eabi.lib : ctype.c.obj (.const:.string:_ctypes_)
                  0000c6b9    00000003     --HOLE-- [fill = 0]
                  0000c6bc    000000d8     gpio.obj (.const:g_ppui32GPIOIntMapSnowflake)
                  0000c794    000000c0     gpio.obj (.const:g_ppui32GPIOIntMapBlizzard)
                  0000c854    0000009c     interrupt.obj (.const:g_pui32Regs)
                  0000c8f0    00000090     gpio.obj (.const:g_pui32GPIOBaseAddrs)
                  0000c980    0000006c     sysctl.obj (.const:g_pui32Xtals)
                  0000c9ec    00000060     timer.obj (.const:g_ppui32TimerIntMap)
                  0000ca4c    00000040     timer.obj (.const:g_ppui32TimerIntMapSnowflake)
                  0000ca8c    00000040     uart.obj (.const:g_ppui32UARTIntMap)
                  0000cacc    00000040     uart.obj (.const:g_ppui32UARTIntMapSnowflake)
                  0000cb0c    00000030     sysctl.obj (.const:g_sXTALtoMEMTIM)
                  0000cb3c    00000020     interrupt.obj (.const:g_pui32Priority)
                  0000cb5c    00000014     interrupt.obj (.const:g_pui32Dii16Regs)
                  0000cb70    00000014     interrupt.obj (.const:g_pui32EnRegs)
                  0000cb84    00000014     interrupt.obj (.const:g_pui32PendRegs)
                  0000cb98    00000014     interrupt.obj (.const:g_pui32UnpendRegs)
                  0000cbac    00000012     uartstdio.obj (.const:.string)
                  0000cbbe    00000002     --HOLE-- [fill = 0]
                  0000cbc0    0000000c     uartstdio.obj (.const:g_ui32UARTBase)
                  0000cbcc    0000000c     uartstdio.obj (.const:g_ui32UARTInt)
                  0000cbd8    0000000c     uartstdio.obj (.const:g_ui32UARTPeriph)
                  0000cbe4    00000008     sysctl.obj (.const:g_pui32VCOFrequencies)
                  0000cbec    00000008     port.obj (.const)
                  0000cbf4    00000004     tasks.obj (.const)
                  0000cbf8    00000004     uartstdio.obj (.const)

.cinit     0    0000cc00    000001a8     
                  0000cc00    0000016f     (.cinit..data.load) [load image, compression = lzss]
                  0000cd6f    00000001     --HOLE-- [fill = 0]
                  0000cd70    0000000c     (__TI_handler_table)
                  0000cd7c    00000004     --HOLE-- [fill = 0]
                  0000cd80    00000008     (.cinit..bss.load) [load image, compression = zero_init]
                  0000cd88    00000008     (.cinit..vtable.load) [load image, compression = zero_init]
                  0000cd90    00000018     (__TI_cinit_table)

.init_array 
*          0    00000000    00000000     UNINITIALIZED

.vtable    0    20000000    0000026c     UNINITIALIZED
                  20000000    0000026c     interrupt.obj (.vtable)

.bss       0    2000026c    000054f4     UNINITIALIZED
                  2000026c    00005000     heap_4.obj (.bss:ucHeap)
                  2000526c    00000200     uartstdio.obj (.bss:g_pcUARTRxHistoryBuffer)
                  2000546c    00000140     tasks.obj (.bss:pxReadyTasksLists)
                  200055ac    00000028     croutine.obj (.bss:pxReadyCoRoutineLists)
                  200055d4    00000024     cmdline.obj (.bss:g_ppcArgv)
                  200055f8    00000020     uartstdio.obj (.bss:g_usUARTRxHistoryOffset)
                  20005618    00000014     uartstdio.obj (.bss)
                  2000562c    00000014     timers.obj (.bss:xActiveTimerList1)
                  20005640    00000014     timers.obj (.bss:xActiveTimerList2)
                  20005654    00000014     croutine.obj (.bss:xDelayedCoRoutineList1)
                  20005668    00000014     croutine.obj (.bss:xDelayedCoRoutineList2)
                  2000567c    00000014     tasks.obj (.bss:xDelayedTaskList1)
                  20005690    00000014     tasks.obj (.bss:xDelayedTaskList2)
                  200056a4    00000014     croutine.obj (.bss:xPendingReadyCoRoutineList)
                  200056b8    00000014     tasks.obj (.bss:xPendingReadyList)
                  200056cc    00000014     tasks.obj (.bss:xSuspendedTaskList)
                  200056e0    00000014     tasks.obj (.bss:xTasksWaitingTermination)
                  200056f4    0000000c     cpu_usage.obj (.bss)
                  20005700    00000008     adc.obj (.bss:g_pui8OversampleFactor)
                  20005708    00000008     tasks.obj (.bss)
                  20005710    00000008     timers.obj (.bss)
                  20005718    00000008     heap_4.obj (.bss:xStart)
                  20005720    00000004     (.common:cola_adc)
                  20005724    00000004     (.common:g_event)
                  20005728    00000004     (.common:g_servo_mode)
                  2000572c    00000004     (.common:g_ui32CPUUsage)
                  20005730    00000004     (.common:g_ui32SystemClock)
                  20005734    00000004     (.common:move_set)
                  20005738    00000004     (.common:ordenes_set)
                  2000573c    00000004     (.common:q_encoders)
                  20005740    00000004     (.common:q_steps)
                  20005744    00000004     (.common:s_control)
                  20005748    00000004     (.common:s_der)
                  2000574c    00000004     (.common:s_izq)
                  20005750    00000004     (.common:s_suelo)
                  20005754    00000004     (.common:servos_ctl)
                  20005758    00000004     (.common:servos_mode)
                  2000575c    00000004     (.common:servos_set)

.data      0    20005f60    00000303     UNINITIALIZED
                  20005f60    000000a0     ejercicio-freeRTOS.obj (.data:historial)
                  20006000    00000060     commands.obj (.data:g_psCmdTable)
                  20006060    0000005c     ejercicio-freeRTOS.obj (.data:g_d21)
                  200060bc    0000005c     ejercicio-freeRTOS.obj (.data:g_v21)
                  20006118    0000003c     tasks.obj (.data)
                  20006154    00000038     ejercicio-freeRTOS.obj (.data:g_d41)
                  2000618c    00000038     ejercicio-freeRTOS.obj (.data:g_v41)
                  200061c4    0000001c     croutine.obj (.data)
                  200061e0    00000018     cpu_usage.obj (.data:g_pui32CPUUsageTimerBase)
                  200061f8    00000018     cpu_usage.obj (.data:g_pui32CPUUsageTimerPeriph)
                  20006210    00000018     heap_4.obj (.data)
                  20006228    0000000e     ejercicio-freeRTOS.obj (.data)
                  20006236    00000002     --HOLE--
                  20006238    0000000c     port.obj (.data)
                  20006244    0000000c     timers.obj (.data)
                  20006250    0000000c     uartstdio.obj (.data)
                  2000625c    00000004     rtsv7M4_T_le_v4SPD16_eabi.lib : errno.c.obj (.data)
                  20006260    00000003     buttons.obj (.data)

.stack     0    20005760    00000800     UNINITIALIZED
                  20005760    00000004     rtsv7M4_T_le_v4SPD16_eabi.lib : boot_cortex_m.c.obj (.stack)
                  20005764    000007fc     --HOLE--

__llvm_prf_cnts 
*          0    20000000    00000000     UNINITIALIZED

MODULE SUMMARY

       Module                       code    ro data   rw data
       ------                       ----    -------   -------
    .\
       ejercicio-freeRTOS.obj       2580    0         530    
       commands.obj                 1304    300       96     
       startup_ccs.obj              40      620       0      
    +--+----------------------------+-------+---------+---------+
       Total:                       3924    920       626    
                                                             
    .\FreeRTOS\Source\
       tasks.obj                    6340    4         488    
       queue.obj                    3524    0         0      
       timers.obj                   1568    0         60     
       croutine.obj                 692     0         128    
       list.obj                     148     0         0      
    +--+----------------------------+-------+---------+---------+
       Total:                       12272   4         676    
                                                             
    .\FreeRTOS\Source\portable\CCS\ARM_CM4F\
       port.obj                     564     8         12     
       portasm.obj                  218     0         0      
    +--+----------------------------+-------+---------+---------+
       Total:                       782     8         12     
                                                             
    .\FreeRTOS\Source\portable\MemMang\
       heap_4.obj                   724     0         20512  
    +--+----------------------------+-------+---------+---------+
       Total:                       724     0         20512  
                                                             
    .\driverlib\
       sysctl.obj                   4130    596       0      
       gpio.obj                     3600    552       0      
       adc.obj                      3148    0         8      
       pwm.obj                      3152    0         0      
       timer.obj                    2616    160       0      
       uart.obj                     2112    128       0      
       interrupt.obj                936     268       620    
       cpu.obj                      54      0         0      
    +--+----------------------------+-------+---------+---------+
       Total:                       19748   1704      628    
                                                             
    .\drivers\
       servos.obj                   600     0         4      
       configADC.obj                360     0         0      
       buttons.obj                  248     0         3      
    +--+----------------------------+-------+---------+---------+
       Total:                       1208    0         7      
                                                             
    .\utils\
       uartstdio.obj                2280    58        576    
       cpu_usage.obj                248     0         60     
       RunTimeStatsConfig.obj       136     0         0      
       cmdline.obj                  100     0         36     
    +--+----------------------------+-------+---------+---------+
       Total:                       2764    58        672    
                                                             
    C:\ti\ccs1020\ccs\tools\compiler\ti-cgt-arm_20.2.2.LTS\lib\rtsv7M4_T_le_v4SPD16_eabi.lib
       _printfi.c.obj               4851    0         0      
       fd_add_t2.asm.obj            438     0         0      
       fd_div_t2.asm.obj            310     0         0      
       s_scalbn.c.obj               272     0         0      
       fd_cmp_t2.asm.obj            268     0         0      
       ctype.c.obj                  0       257       0      
       fd_mul_t2.asm.obj            252     0         0      
       memcpy_t2.asm.obj            156     0         0      
       ull_div_t2.asm.obj           150     0         0      
       memset_t2.asm.obj            122     0         0      
       copy_decompress_lzss.c.obj   104     0         0      
       s_frexp.c.obj                100     0         0      
       sprintf.c.obj                98      0         0      
       _ltoa.c.obj                  84      0         0      
       atoi.c.obj                   76      0         0      
       fd_toi_t2.asm.obj            72      0         0      
       autoinit.c.obj               68      0         0      
       u_divt2.asm.obj              64      0         0      
       boot_cortex_m.c.obj          52      0         0      
       i_tofd_t2.asm.obj            46      0         0      
       strncmp.c.obj                44      0         0      
       memccpy.c.obj                28      0         0      
       s_copysign.c.obj             26      0         0      
       strcmp.c.obj                 24      0         0      
       strchr.c.obj                 22      0         0      
       strcpy.c.obj                 20      0         0      
       strlen.c.obj                 20      0         0      
       wcslen.c.obj                 18      0         0      
       copy_decompress_none.c.obj   14      0         0      
       copy_zero_init.c.obj         12      0         0      
       errno.c.obj                  8       0         4      
       exit.c.obj                   4       0         0      
       pre_init.c.obj               4       0         0      
       div0.asm.obj                 2       0         0      
    +--+----------------------------+-------+---------+---------+
       Total:                       7829    257       4      
                                                             
       Stack:                       0       0         2048   
       Linker Generated:            0       419       0      
    +--+----------------------------+-------+---------+---------+
       Grand Total:                 49251   3370      25185  


LINKER GENERATED COPY TABLES

__TI_cinit_table @ 0000cd90 records: 3, size/record: 8, table size: 24
	.data: load addr=0000cc00, load size=0000016f bytes, run addr=20005f60, run size=00000303 bytes, compression=lzss
	.bss: load addr=0000cd80, load size=00000008 bytes, run addr=2000026c, run size=000054f4 bytes, compression=zero_init
	.vtable: load addr=0000cd88, load size=00000008 bytes, run addr=20000000, run size=0000026c bytes, compression=zero_init


LINKER GENERATED HANDLER TABLE

__TI_handler_table @ 0000cd70 records: 3, size/record: 4, table size: 12
	index: 0, handler: __TI_zero_init
	index: 1, handler: __TI_decompress_lzss
	index: 2, handler: __TI_decompress_none


GLOBAL SYMBOLS: SORTED ALPHABETICALLY BY Name 

address   name                               
-------   ----                               
00005f8b  ADCBusy                            
00005f59  ADCClockConfigGet                  
00005f07  ADCClockConfigSet                  
00005ecf  ADCComparatorConfigure             
00005eaf  ADCComparatorIntClear              
00005e75  ADCComparatorIntDisable            
00005e3b  ADCComparatorIntEnable             
00005e1d  ADCComparatorIntStatus             
00005db9  ADCComparatorRegionSet             
00005d55  ADCComparatorReset                 
00005cf3  ADCHardwareOversampleConfigure     
00005cbf  ADCIntClear                        
00005cbb  ADCIntClearEx                      
00005c87  ADCIntDisable                      
00005c63  ADCIntDisableEx                    
00005c25  ADCIntEnable                       
00005c01  ADCIntEnableEx                     
00005bb3  ADCIntRegister                     
00005b57  ADCIntStatus                       
00005b27  ADCIntStatusEx                     
00005add  ADCIntUnregister                   
00005a7f  ADCPhaseDelayGet                   
00005a15  ADCPhaseDelaySet                   
000059c5  ADCProcessorTrigger                
000059a3  ADCReferenceGet                    
00005969  ADCReferenceSet                    
0000587f  ADCSequenceConfigure               
00005845  ADCSequenceDMADisable              
0000580b  ADCSequenceDMAEnable               
000057bf  ADCSequenceDataGet                 
00005787  ADCSequenceDisable                 
0000574f  ADCSequenceEnable                  
00005719  ADCSequenceOverflow                
000056e5  ADCSequenceOverflowClear           
000055e9  ADCSequenceStepConfigure           
000055b3  ADCSequenceUnderflow               
0000557f  ADCSequenceUnderflowClear          
0000550b  ADCSoftwareOversampleConfigure     
0000545b  ADCSoftwareOversampleDataGet       
00005371  ADCSoftwareOversampleStepConfigure 
0000b5f9  ButtonsInit                        
0000b579  ButtonsPoll                        
0000c2d7  C$$EXIT                            
0000b6a5  CPUUsageInit                       
0000b671  CPUUsageTick                       
0000c103  CPUbasepriGet                      
0000c0fd  CPUbasepriSet                      
0000c0f1  CPUcpsid                           
0000c0e5  CPUcpsie                           
0000c0db  CPUprimask                         
0000c0d7  CPUwfi                             
0000bd7d  CmdLineProcess                     
00003935  GPIOADCTriggerDisable              
00003913  GPIOADCTriggerEnable               
000038f1  GPIODMATriggerDisable              
000038cf  GPIODMATriggerEnable               
00003879  GPIODirModeGet                     
00002c45  GPIODirModeSet                     
00003855  GPIOIntClear                       
00003827  GPIOIntDisable                     
00003805  GPIOIntEnable                      
000037c9  GPIOIntRegister                    
00003769  GPIOIntRegisterPin                 
00003745  GPIOIntStatus                      
000036d5  GPIOIntTypeGet                     
00003605  GPIOIntTypeSet                     
000035cd  GPIOIntUnregister                  
00003589  GPIOIntUnregisterPin               
0000344b  GPIOPadConfigGet                   
00002cd5  GPIOPadConfigSet                   
000033e5  GPIOPinConfigure                   
000033c9  GPIOPinRead                        
0000339b  GPIOPinTypeADC                     
0000336d  GPIOPinTypeCAN                     
0000333f  GPIOPinTypeComparator              
00003311  GPIOPinTypeComparatorOutput        
000032e3  GPIOPinTypeDIVSCLK                 
000032b5  GPIOPinTypeEPI                     
00003287  GPIOPinTypeEthernetLED             
00003259  GPIOPinTypeEthernetMII             
00003227  GPIOPinTypeGPIOInput               
000031f9  GPIOPinTypeGPIOOutput              
000031cb  GPIOPinTypeGPIOOutputOD            
0000319d  GPIOPinTypeHibernateRTCCLK         
0000316f  GPIOPinTypeI2C                     
00003141  GPIOPinTypeI2CSCL                  
00003113  GPIOPinTypeLCD                     
000030e5  GPIOPinTypeOneWire                 
000030b7  GPIOPinTypePWM                     
00003089  GPIOPinTypeQEI                     
0000304f  GPIOPinTypeSSI                     
00003021  GPIOPinTypeTimer                   
00002ff3  GPIOPinTypeTrace                   
00002fc5  GPIOPinTypeUART                    
00002f97  GPIOPinTypeUSBAnalog               
00002f69  GPIOPinTypeUSBDigital              
00002f39  GPIOPinTypeWakeHigh                
00002ef1  GPIOPinTypeWakeLow                 
00002c3f  GPIOPinWakeStatus                  
00002c21  GPIOPinWrite                       
00002bf9  GPIOUnlockPin                      
0000c1c5  GetOverflowCounts                  
00009dc9  IntDisable                         
00009d2f  IntEnable                          
00009cc7  IntIsEnabled                       
00009cb7  IntMasterDisable                   
00009ca7  IntMasterEnable                    
00009c59  IntPendClear                       
00009bfd  IntPendSet                         
00009bcf  IntPriorityGet                     
00009bad  IntPriorityGroupingGet             
00009b89  IntPriorityGroupingSet             
0000c103  IntPriorityMaskGet                 
0000c0fd  IntPriorityMaskSet                 
00009b47  IntPrioritySet                     
00009af5  IntRegister                        
00009ad7  IntTrigger                         
00009abb  IntUnregister                      
0000531f  PWMClockGet                        
000052c1  PWMClockSet                        
00005285  PWMDeadBandDisable                 
0000521b  PWMDeadBandEnable                  
000051f9  PWMFaultIntClear                   
000051c7  PWMFaultIntClearExt                
00005185  PWMFaultIntRegister                
00005147  PWMFaultIntUnregister              
000050ab  PWMGenConfigure                    
00005071  PWMGenDisable                      
00005037  PWMGenEnable                       
00004fb1  PWMGenFaultClear                   
00004f41  PWMGenFaultConfigure               
00004ee9  PWMGenFaultStatus                  
00004e99  PWMGenFaultTriggerGet              
00004e15  PWMGenFaultTriggerSet              
00004dbf  PWMGenIntClear                     
00004d57  PWMGenIntRegister                  
00004d19  PWMGenIntStatus                    
00004ccd  PWMGenIntTrigDisable               
00004c81  PWMGenIntTrigEnable                
00004c2d  PWMGenIntUnregister                
00004b25  PWMGenPeriodGet                    
00004abd  PWMGenPeriodSet                    
00004a6d  PWMIntDisable                      
00004a15  PWMIntEnable                       
000049ef  PWMIntStatus                       
000049ab  PWMOutputFault                     
00004967  PWMOutputFaultLevel                
00004923  PWMOutputInvert                    
000048df  PWMOutputState                     
00004865  PWMOutputUpdateMode                
00004817  PWMPulseWidthGet                   
000047b3  PWMPulseWidthSet                   
00004753  PWMSyncTimeBase                    
00004721  PWMSyncUpdate                      
0000c19d  ResetISR                           
00002af5  SysCtlAltClkConfig                 
000028f5  SysCtlClockFreqSet                 
00002711  SysCtlClockGet                     
000026b5  SysCtlClockOutConfig               
000025d1  SysCtlClockSet                     
000025ab  SysCtlDeepSleep                    
00002547  SysCtlDeepSleepClockConfigSet      
0000253f  SysCtlDeepSleepClockSet            
00002539  SysCtlDeepSleepPowerSet            
0000c2cd  SysCtlDelay                        
0000250d  SysCtlFlashSectorSizeGet           
000024d1  SysCtlFlashSizeGet                 
00002475  SysCtlGPIOAHBDisable               
00002417  SysCtlGPIOAHBEnable                
0000240f  SysCtlIntClear                     
00002401  SysCtlIntDisable                   
000023f1  SysCtlIntEnable                    
000023df  SysCtlIntRegister                  
000023cf  SysCtlIntStatus                    
000023bf  SysCtlIntUnregister                
000023b7  SysCtlLDODeepSleepGet              
00002369  SysCtlLDODeepSleepSet              
0000235b  SysCtlLDOSleepGet                  
0000230d  SysCtlLDOSleepSet                  
00002301  SysCtlMOSCConfigSet                
000022f3  SysCtlNMIClear                     
000022eb  SysCtlNMIStatus                    
000022ad  SysCtlPIOSCCalibrate               
0000227d  SysCtlPWMClockGet                  
00002225  SysCtlPWMClockSet                  
000021df  SysCtlPeripheralClockGating        
0000219d  SysCtlPeripheralDeepSleepDisable   
0000213d  SysCtlPeripheralDeepSleepEnable    
000020f1  SysCtlPeripheralDisable            
000020a1  SysCtlPeripheralEnable             
00002055  SysCtlPeripheralPowerOff           
00002005  SysCtlPeripheralPowerOn            
00001fb7  SysCtlPeripheralPresent            
00001f71  SysCtlPeripheralReady              
00001ec1  SysCtlPeripheralReset              
00001e6d  SysCtlPeripheralSleepDisable       
00001e25  SysCtlPeripheralSleepEnable        
00001c03  SysCtlReset                        
00001bfb  SysCtlResetBehaviorGet             
00001bf3  SysCtlResetBehaviorSet             
00001be5  SysCtlResetCauseClear              
00001bdd  SysCtlResetCauseGet                
00001bcf  SysCtlSRAMSizeGet                  
0000c0d7  SysCtlSleep                        
00001bc7  SysCtlSleepPowerSet                
00001bb9  SysCtlUSBPLLDisable                
00001bab  SysCtlUSBPLLEnable                 
00001b49  SysCtlVCOGet                       
00001b3f  SysCtlVoltageEventClear            
00001b37  SysCtlVoltageEventConfig           
00001b31  SysCtlVoltageEventStatus           
00007419  TimerADCEventGet                   
000073ff  TimerADCEventSet                   
000073e5  TimerClockSourceGet                
000073b1  TimerClockSourceSet                
0000723d  TimerConfigure                     
000071ed  TimerControlEvent                  
000071a1  TimerControlLevel                  
00007155  TimerControlStall                  
000070d1  TimerControlTrigger                
0000705b  TimerControlWaitOnTrigger          
00007043  TimerDMAEventGet                   
00007029  TimerDMAEventSet                   
00006fe7  TimerDisable                       
00006fa9  TimerEnable                        
00006f8f  TimerIntClear                      
00006f71  TimerIntDisable                    
00006f53  TimerIntEnable                     
00006ef7  TimerIntRegister                   
00006ed7  TimerIntStatus                     
00006e8d  TimerIntUnregister                 
00006e15  TimerLoadGet                       
00006ded  TimerLoadGet64                     
00006da5  TimerLoadSet                       
00006d87  TimerLoadSet64                     
00006d39  TimerMatchGet                      
00006ced  TimerMatchGet64                    
00006c91  TimerMatchSet                      
00006c73  TimerMatchSet64                    
00006c33  TimerPrescaleGet                   
00006bf3  TimerPrescaleMatchGet              
00006b9d  TimerPrescaleMatchSet              
00006b47  TimerPrescaleSet                   
00006b29  TimerRTCDisable                    
00006b0b  TimerRTCEnable                     
00006af1  TimerSynchronize                   
00006ac9  TimerUpdateMode                    
00006a91  TimerValueGet                      
00006a69  TimerValueGet64                    
00008f3b  UART9BitAddrSend                   
00008f19  UART9BitAddrSet                    
00008ef7  UART9BitDisable                    
00008ed5  UART9BitEnable                     
00008eab  UARTBreakCtl                       
00008e8f  UARTBusy                           
00008e71  UARTCharGet                        
00008e4d  UARTCharGetNonBlocking             
00008e2d  UARTCharPut                        
00008e07  UARTCharPutNonBlocking             
00008de5  UARTCharsAvail                     
00008dcb  UARTClockSourceGet                 
00008d9d  UARTClockSourceSet                 
00008d59  UARTConfigGetExpClk                
00008cd9  UARTConfigSetExpClk                
00008cbb  UARTDMADisable                     
00008c9d  UARTDMAEnable                      
00008c71  UARTDisable                        
00008c3d  UARTDisableSIR                     
000086f5  UARTEchoSet                        
00008c15  UARTEnable                         
00008be7  UARTEnableSIR                      
00008bc9  UARTFIFODisable                    
00008bab  UARTFIFOEnable                     
00008b83  UARTFIFOLevelGet                   
00008b2b  UARTFIFOLevelSet                   
00008b0f  UARTFlowControlGet                 
00008adb  UARTFlowControlSet                 
000085a5  UARTFlushRx                        
000085b5  UARTFlushTx                        
00008ac1  UARTIntClear                       
00008aa3  UARTIntDisable                     
00008a85  UARTIntEnable                      
00008a35  UARTIntRegister                    
000089f3  UARTIntStatus                      
000089bb  UARTIntUnregister                  
00008967  UARTLoopbackEnable                 
0000892d  UARTModemControlClear              
00008911  UARTModemControlGet                
000088dd  UARTModemControlSet                
000088bf  UARTModemStatusGet                 
000088a5  UARTParityModeGet                  
00008869  UARTParityModeSet                  
000086e5  UARTRxBytesAvail                   
0000884f  UARTRxErrorClear                   
00008833  UARTRxErrorGet                     
00008815  UARTSmartCardDisable               
000087eb  UARTSmartCardEnable                
000087c9  UARTSpaceAvail                     
000085dd  UARTStdioConfig                    
000084d1  UARTStdioIntHandler                
000084b3  UARTTxBytesFree                    
000087ad  UARTTxIntModeGet                   
00008779  UARTTxIntModeSet                   
0000849d  UARTgetc                           
00008181  UARTgets                           
0000814d  UARTprintf                         
00007f3f  UARTvprintf                        
00007eab  UARTwrite                          
20005f60  __STACK_END                        
00000800  __STACK_SIZE                       
20005f60  __STACK_TOP                        
0000cd90  __TI_CINIT_Base                    
0000cda8  __TI_CINIT_Limit                   
0000cd70  __TI_Handler_Table_Base            
0000cd7c  __TI_Handler_Table_Limit           
0000bfd5  __TI_auto_init_nobinit_nopinit     
0000bcb1  __TI_decompress_lzss               
0000c29f  __TI_decompress_none               
0000be9b  __TI_ltoa                          
ffffffff  __TI_pprof_out_hndl                
00005fbd  __TI_printfi                       
ffffffff  __TI_prof_data_size                
ffffffff  __TI_prof_data_start               
00000000  __TI_static_base__                 
0000c2ad  __TI_zero_init                     
0000babd  __aeabi_cdcmpeq                    
0000babd  __aeabi_cdcmple                    
0000bb43  __aeabi_cdrcmple                   
0000bf8d  __aeabi_d2iz                       
0000acbf  __aeabi_dadd                       
0000b111  __aeabi_ddiv                       
0000b47d  __aeabi_dmul                       
0000acb5  __aeabi_dsub                       
0000c2c5  __aeabi_errno_addr                 
0000c141  __aeabi_i2d                        
00006a0b  __aeabi_idiv0                      
00006a0b  __aeabi_ldiv0                      
0000bbc9  __aeabi_memclr                     
0000bbc9  __aeabi_memclr4                    
0000bbc9  __aeabi_memclr8                    
0000b8f7  __aeabi_memcpy                     
0000b8f7  __aeabi_memcpy4                    
0000b8f7  __aeabi_memcpy8                    
0000bbcb  __aeabi_memset                     
0000bbcb  __aeabi_memset4                    
0000bbcb  __aeabi_memset8                    
0000c019  __aeabi_uidiv                      
0000c019  __aeabi_uidivmod                   
0000b993  __aeabi_uldivmod                   
ffffffff  __binit__                          
ffffffff  __c_args__                         
00007ddb  __error__                          
UNDEFED   __mpu_init                         
20005760  __stack                            
20000000  __start___llvm_prf_cnts            
20000000  __stop___llvm_prf_cnts             
0000c10d  _c_int00_noargs                    
0000c5b8  _ctypes_                           
UNDEFED   _system_post_cinit                 
0000c2d3  _system_pre_init                   
0000c2d7  abort                              
0000bf41  atoi                               
ffffffff  binit                              
00007d95  botones_ISR                        
20005720  cola_adc                           
0000afa3  configADC_DisparaADC               
0000af5b  configADC_ISR                      
0000ae7b  configADC_IniciaADC                
0000ae6d  configADC_LeeADC                   
0000a7bf  configServos                       
0000c205  copysign                           
0000c205  copysignl                          
00001399  eTaskGetState                      
00007d3d  encoder_ISR                        
2000625c  errno                              
0000bde1  frexp                              
0000bde1  frexpl                             
20006060  g_d21                              
20006154  g_d41                              
20005724  g_event                            
20006230  g_n21                              
2000622c  g_n41                              
20000000  g_pfnRAMVectors                    
00000000  g_pfnVectors                       
20006000  g_psCmdTable                       
20005728  g_servo_mode                       
20006228  g_status                           
2000572c  g_ui32CPUUsage                     
20005730  g_ui32SystemClock                  
200060bc  g_v21                              
2000618c  g_v41                              
0000a789  girar_robot                        
0000a71f  girar_robot_v                      
0000a703  hacer_mov                          
20005f60  historial                          
00009611  initCommandLine                    
0000b36d  ldexp                              
0000b36d  ldexpl                             
00007a6d  main                               
0000c1e9  memccpy                            
0000b8f7  memcpy                             
0000bbd1  memset                             
20005734  move_set                           
0000a6e5  mover_robot                        
0000a6bf  mover_robot_v                      
20005738  ordenes_set                        
00001aed  pcTaskGetName                      
00009577  pcTimerGetName                     
00009fdd  pvPortMalloc                       
00001a59  pvTaskIncrementMutexHeldCount      
0000921b  pvTimerGetTimerID                  
200061cc  pxCurrentCoRoutine                 
20006118  pxCurrentTCB                       
0000aa61  pxPortInitialiseStack              
2000573c  q_encoders                         
20005740  q_steps                            
20005744  s_control                          
20005748  s_der                              
2000574c  s_izq                              
20005750  s_suelo                            
0000b36d  scalbn                             
0000b36d  scalbnl                            
20005754  servos_ctl                         
20005758  servos_mode                        
2000575c  servos_set                         
0000a69b  setServosSpeed                     
0000a659  setSingleServoSpeed                
0000c059  sprintf                            
0000c24f  strchr                             
0000c237  strcmp                             
0000c265  strcpy                             
0000c279  strlen                             
0000c16f  strncmp                            
00004715  ucQueueGetQueueType                
0000cbec  ulMaxSyscallInterruptPriority      
0000b779  ulPortGetIPSR                      
000019d1  ulTaskGenericNotifyTake            
0000198b  ulTaskGenericNotifyValueClear      
20006234  ultimo_mov                         
0000ba97  uxListRemove                       
00004711  uxQueueGetQueueNumber              
000046f3  uxQueueMessagesWaiting             
000046df  uxQueueMessagesWaitingFromISR      
000046bd  uxQueueSpacesAvailable             
00001985  uxTaskGetNumberOfTasks             
00001969  uxTaskGetStackHighWaterMark        
0000150b  uxTaskGetSystemState               
0000195f  uxTaskGetTaskNumber                
00001947  uxTaskPriorityGet                  
0000191f  uxTaskPriorityGetFromISR           
0000190b  uxTaskResetEventItemValue          
000091f7  uxTimerGetReloadMode               
000091f3  uxTimerGetTimerNumber              
0000cbf4  uxTopUsedPriority                  
0000c0d7  vApplicationIdleHook               
000074a7  vApplicationMallocFailedHook       
000074a5  vApplicationStackOverflowHook      
00007487  vApplicationTickHook               
0000a377  vCoRoutineAddToDelayedList         
0000a311  vCoRoutineSchedule                 
0000bd19  vConfigureTimerForRunTimeStats     
0000ba79  vListInitialise                    
0000ba73  vListInitialiseItem                
0000ba41  vListInsert                        
0000ba29  vListInsertEnd                     
0000b835  vPortEnableVFP                     
0000aa4b  vPortEndScheduler                  
0000aa1b  vPortEnterCritical                 
0000a9f9  vPortExitCritical                  
00009f25  vPortFree                          
00009e6f  vPortGetHeapStats                  
00009e6d  vPortInitialiseBlocks              
0000b7f1  vPortSVCHandler                    
0000a8fb  vPortSetupTimerInterrupt           
0000b811  vPortStartFirstTask                
0000a9b7  vPortValidateInterruptPriority     
000046a5  vQueueDelete                       
000046a1  vQueueSetQueueNumber               
00004659  vQueueWaitForMessageRestricted     
000018cd  vTaskDelay                         
00001825  vTaskDelete                        
000017f7  vTaskEndScheduler                  
00001735  vTaskGenericNotifyGiveFromISR      
0000142d  vTaskGetInfo                       
00001695  vTaskGetRunTimeStats               
00000d77  vTaskInternalSetTimeOutState       
000015c9  vTaskList                          
0000138d  vTaskMissedYield                   
00001365  vTaskPlaceOnEventList              
00001335  vTaskPlaceOnEventListRestricted    
000012e5  vTaskPlaceOnUnorderedEventList     
0000123d  vTaskPriorityDisinheritAfterTimeout
00001175  vTaskPrioritySet                   
00001101  vTaskRemoveFromUnorderedEventList  
00001075  vTaskResume                        
00001065  vTaskSetTaskNumber                 
0000103f  vTaskSetTimeOutState               
00000fdd  vTaskStartScheduler                
00000f05  vTaskSuspend                       
00000ad9  vTaskSuspendAll                    
00000e2f  vTaskSwitchContext                 
000091bb  vTimerSetReloadMode                
0000919d  vTimerSetTimerID                   
00009199  vTimerSetTimerNumber               
0000c28d  wcslen                             
00007445  whisker_ISR                        
0000a19b  xCoRoutineCreate                   
0000a135  xCoRoutineRemoveFromEventList      
00009e67  xPortGetFreeHeapSize               
00009e61  xPortGetMinimumEverFreeHeapSize    
0000b791  xPortPendSVHandler                 
0000a925  xPortStartScheduler                
0000a8b1  xPortSysTickHandler                
0000462d  xQueueAddToSet                     
0000459d  xQueueCRReceive                    
00004551  xQueueCRReceiveFromISR             
000044c7  xQueueCRSend                       
00004499  xQueueCRSendFromISR                
00004483  xQueueCreateMutex                  
00004467  xQueueCreateSet                    
00004403  xQueueGenericCreate                
00004363  xQueueGenericReset                 
000041fd  xQueueGenericSend                  
00004105  xQueueGenericSendFromISR           
00004055  xQueueGiveFromISR                  
00004039  xQueueIsQueueEmptyFromISR          
00004019  xQueueIsQueueFullFromISR           
00003ef7  xQueuePeek                         
00003e93  xQueuePeekFromISR                  
00003d2f  xQueueReceive                      
00003c69  xQueueReceiveFromISR               
00003e6d  xQueueRemoveFromSet                
00003e5b  xQueueSelectFromSet                
00003d1f  xQueueSelectFromSetFromISR         
00003ae3  xQueueSemaphoreTake                
00000e09  xTaskCatchUpTicks                  
00000d95  xTaskCheckForTimeOut               
00000d15  xTaskCreate                        
00000ae3  xTaskDelayUntil                    
000009c9  xTaskGenericNotify                 
00000869  xTaskGenericNotifyFromISR          
00000829  xTaskGenericNotifyStateClear       
00000775  xTaskGenericNotifyWait             
000006f7  xTaskGetCurrentTaskHandle          
000006df  xTaskGetSchedulerState             
000006d9  xTaskGetTickCount                  
000006cd  xTaskGetTickCountFromISR           
0000033d  xTaskIncrementTick                 
00000645  xTaskPriorityDisinherit            
00000591  xTaskPriorityInherit               
000004fb  xTaskRemoveFromEventList           
00000435  xTaskResumeAll                     
00000299  xTaskResumeFromISR                 
00009165  xTimerCreate                       
000090e9  xTimerCreateTimerTask              
00009041  xTimerGenericCommand               
0000902d  xTimerGetExpiryTime                
00009019  xTimerGetPeriod                    
00009003  xTimerGetTimerDaemonTaskHandle     
00008fdf  xTimerIsTimerActive                
00008fa3  xTimerPendFunctionCall             
00008f81  xTimerPendFunctionCallFromISR      


GLOBAL SYMBOLS: SORTED BY Symbol Address 

address   name                               
-------   ----                               
00000000  __TI_static_base__                 
00000000  g_pfnVectors                       
00000299  xTaskResumeFromISR                 
0000033d  xTaskIncrementTick                 
00000435  xTaskResumeAll                     
000004fb  xTaskRemoveFromEventList           
00000591  xTaskPriorityInherit               
00000645  xTaskPriorityDisinherit            
000006cd  xTaskGetTickCountFromISR           
000006d9  xTaskGetTickCount                  
000006df  xTaskGetSchedulerState             
000006f7  xTaskGetCurrentTaskHandle          
00000775  xTaskGenericNotifyWait             
00000800  __STACK_SIZE                       
00000829  xTaskGenericNotifyStateClear       
00000869  xTaskGenericNotifyFromISR          
000009c9  xTaskGenericNotify                 
00000ad9  vTaskSuspendAll                    
00000ae3  xTaskDelayUntil                    
00000d15  xTaskCreate                        
00000d77  vTaskInternalSetTimeOutState       
00000d95  xTaskCheckForTimeOut               
00000e09  xTaskCatchUpTicks                  
00000e2f  vTaskSwitchContext                 
00000f05  vTaskSuspend                       
00000fdd  vTaskStartScheduler                
0000103f  vTaskSetTimeOutState               
00001065  vTaskSetTaskNumber                 
00001075  vTaskResume                        
00001101  vTaskRemoveFromUnorderedEventList  
00001175  vTaskPrioritySet                   
0000123d  vTaskPriorityDisinheritAfterTimeout
000012e5  vTaskPlaceOnUnorderedEventList     
00001335  vTaskPlaceOnEventListRestricted    
00001365  vTaskPlaceOnEventList              
0000138d  vTaskMissedYield                   
00001399  eTaskGetState                      
0000142d  vTaskGetInfo                       
0000150b  uxTaskGetSystemState               
000015c9  vTaskList                          
00001695  vTaskGetRunTimeStats               
00001735  vTaskGenericNotifyGiveFromISR      
000017f7  vTaskEndScheduler                  
00001825  vTaskDelete                        
000018cd  vTaskDelay                         
0000190b  uxTaskResetEventItemValue          
0000191f  uxTaskPriorityGetFromISR           
00001947  uxTaskPriorityGet                  
0000195f  uxTaskGetTaskNumber                
00001969  uxTaskGetStackHighWaterMark        
00001985  uxTaskGetNumberOfTasks             
0000198b  ulTaskGenericNotifyValueClear      
000019d1  ulTaskGenericNotifyTake            
00001a59  pvTaskIncrementMutexHeldCount      
00001aed  pcTaskGetName                      
00001b31  SysCtlVoltageEventStatus           
00001b37  SysCtlVoltageEventConfig           
00001b3f  SysCtlVoltageEventClear            
00001b49  SysCtlVCOGet                       
00001bab  SysCtlUSBPLLEnable                 
00001bb9  SysCtlUSBPLLDisable                
00001bc7  SysCtlSleepPowerSet                
00001bcf  SysCtlSRAMSizeGet                  
00001bdd  SysCtlResetCauseGet                
00001be5  SysCtlResetCauseClear              
00001bf3  SysCtlResetBehaviorSet             
00001bfb  SysCtlResetBehaviorGet             
00001c03  SysCtlReset                        
00001e25  SysCtlPeripheralSleepEnable        
00001e6d  SysCtlPeripheralSleepDisable       
00001ec1  SysCtlPeripheralReset              
00001f71  SysCtlPeripheralReady              
00001fb7  SysCtlPeripheralPresent            
00002005  SysCtlPeripheralPowerOn            
00002055  SysCtlPeripheralPowerOff           
000020a1  SysCtlPeripheralEnable             
000020f1  SysCtlPeripheralDisable            
0000213d  SysCtlPeripheralDeepSleepEnable    
0000219d  SysCtlPeripheralDeepSleepDisable   
000021df  SysCtlPeripheralClockGating        
00002225  SysCtlPWMClockSet                  
0000227d  SysCtlPWMClockGet                  
000022ad  SysCtlPIOSCCalibrate               
000022eb  SysCtlNMIStatus                    
000022f3  SysCtlNMIClear                     
00002301  SysCtlMOSCConfigSet                
0000230d  SysCtlLDOSleepSet                  
0000235b  SysCtlLDOSleepGet                  
00002369  SysCtlLDODeepSleepSet              
000023b7  SysCtlLDODeepSleepGet              
000023bf  SysCtlIntUnregister                
000023cf  SysCtlIntStatus                    
000023df  SysCtlIntRegister                  
000023f1  SysCtlIntEnable                    
00002401  SysCtlIntDisable                   
0000240f  SysCtlIntClear                     
00002417  SysCtlGPIOAHBEnable                
00002475  SysCtlGPIOAHBDisable               
000024d1  SysCtlFlashSizeGet                 
0000250d  SysCtlFlashSectorSizeGet           
00002539  SysCtlDeepSleepPowerSet            
0000253f  SysCtlDeepSleepClockSet            
00002547  SysCtlDeepSleepClockConfigSet      
000025ab  SysCtlDeepSleep                    
000025d1  SysCtlClockSet                     
000026b5  SysCtlClockOutConfig               
00002711  SysCtlClockGet                     
000028f5  SysCtlClockFreqSet                 
00002af5  SysCtlAltClkConfig                 
00002bf9  GPIOUnlockPin                      
00002c21  GPIOPinWrite                       
00002c3f  GPIOPinWakeStatus                  
00002c45  GPIODirModeSet                     
00002cd5  GPIOPadConfigSet                   
00002ef1  GPIOPinTypeWakeLow                 
00002f39  GPIOPinTypeWakeHigh                
00002f69  GPIOPinTypeUSBDigital              
00002f97  GPIOPinTypeUSBAnalog               
00002fc5  GPIOPinTypeUART                    
00002ff3  GPIOPinTypeTrace                   
00003021  GPIOPinTypeTimer                   
0000304f  GPIOPinTypeSSI                     
00003089  GPIOPinTypeQEI                     
000030b7  GPIOPinTypePWM                     
000030e5  GPIOPinTypeOneWire                 
00003113  GPIOPinTypeLCD                     
00003141  GPIOPinTypeI2CSCL                  
0000316f  GPIOPinTypeI2C                     
0000319d  GPIOPinTypeHibernateRTCCLK         
000031cb  GPIOPinTypeGPIOOutputOD            
000031f9  GPIOPinTypeGPIOOutput              
00003227  GPIOPinTypeGPIOInput               
00003259  GPIOPinTypeEthernetMII             
00003287  GPIOPinTypeEthernetLED             
000032b5  GPIOPinTypeEPI                     
000032e3  GPIOPinTypeDIVSCLK                 
00003311  GPIOPinTypeComparatorOutput        
0000333f  GPIOPinTypeComparator              
0000336d  GPIOPinTypeCAN                     
0000339b  GPIOPinTypeADC                     
000033c9  GPIOPinRead                        
000033e5  GPIOPinConfigure                   
0000344b  GPIOPadConfigGet                   
00003589  GPIOIntUnregisterPin               
000035cd  GPIOIntUnregister                  
00003605  GPIOIntTypeSet                     
000036d5  GPIOIntTypeGet                     
00003745  GPIOIntStatus                      
00003769  GPIOIntRegisterPin                 
000037c9  GPIOIntRegister                    
00003805  GPIOIntEnable                      
00003827  GPIOIntDisable                     
00003855  GPIOIntClear                       
00003879  GPIODirModeGet                     
000038cf  GPIODMATriggerEnable               
000038f1  GPIODMATriggerDisable              
00003913  GPIOADCTriggerEnable               
00003935  GPIOADCTriggerDisable              
00003ae3  xQueueSemaphoreTake                
00003c69  xQueueReceiveFromISR               
00003d1f  xQueueSelectFromSetFromISR         
00003d2f  xQueueReceive                      
00003e5b  xQueueSelectFromSet                
00003e6d  xQueueRemoveFromSet                
00003e93  xQueuePeekFromISR                  
00003ef7  xQueuePeek                         
00004019  xQueueIsQueueFullFromISR           
00004039  xQueueIsQueueEmptyFromISR          
00004055  xQueueGiveFromISR                  
00004105  xQueueGenericSendFromISR           
000041fd  xQueueGenericSend                  
00004363  xQueueGenericReset                 
00004403  xQueueGenericCreate                
00004467  xQueueCreateSet                    
00004483  xQueueCreateMutex                  
00004499  xQueueCRSendFromISR                
000044c7  xQueueCRSend                       
00004551  xQueueCRReceiveFromISR             
0000459d  xQueueCRReceive                    
0000462d  xQueueAddToSet                     
00004659  vQueueWaitForMessageRestricted     
000046a1  vQueueSetQueueNumber               
000046a5  vQueueDelete                       
000046bd  uxQueueSpacesAvailable             
000046df  uxQueueMessagesWaitingFromISR      
000046f3  uxQueueMessagesWaiting             
00004711  uxQueueGetQueueNumber              
00004715  ucQueueGetQueueType                
00004721  PWMSyncUpdate                      
00004753  PWMSyncTimeBase                    
000047b3  PWMPulseWidthSet                   
00004817  PWMPulseWidthGet                   
00004865  PWMOutputUpdateMode                
000048df  PWMOutputState                     
00004923  PWMOutputInvert                    
00004967  PWMOutputFaultLevel                
000049ab  PWMOutputFault                     
000049ef  PWMIntStatus                       
00004a15  PWMIntEnable                       
00004a6d  PWMIntDisable                      
00004abd  PWMGenPeriodSet                    
00004b25  PWMGenPeriodGet                    
00004c2d  PWMGenIntUnregister                
00004c81  PWMGenIntTrigEnable                
00004ccd  PWMGenIntTrigDisable               
00004d19  PWMGenIntStatus                    
00004d57  PWMGenIntRegister                  
00004dbf  PWMGenIntClear                     
00004e15  PWMGenFaultTriggerSet              
00004e99  PWMGenFaultTriggerGet              
00004ee9  PWMGenFaultStatus                  
00004f41  PWMGenFaultConfigure               
00004fb1  PWMGenFaultClear                   
00005037  PWMGenEnable                       
00005071  PWMGenDisable                      
000050ab  PWMGenConfigure                    
00005147  PWMFaultIntUnregister              
00005185  PWMFaultIntRegister                
000051c7  PWMFaultIntClearExt                
000051f9  PWMFaultIntClear                   
0000521b  PWMDeadBandEnable                  
00005285  PWMDeadBandDisable                 
000052c1  PWMClockSet                        
0000531f  PWMClockGet                        
00005371  ADCSoftwareOversampleStepConfigure 
0000545b  ADCSoftwareOversampleDataGet       
0000550b  ADCSoftwareOversampleConfigure     
0000557f  ADCSequenceUnderflowClear          
000055b3  ADCSequenceUnderflow               
000055e9  ADCSequenceStepConfigure           
000056e5  ADCSequenceOverflowClear           
00005719  ADCSequenceOverflow                
0000574f  ADCSequenceEnable                  
00005787  ADCSequenceDisable                 
000057bf  ADCSequenceDataGet                 
0000580b  ADCSequenceDMAEnable               
00005845  ADCSequenceDMADisable              
0000587f  ADCSequenceConfigure               
00005969  ADCReferenceSet                    
000059a3  ADCReferenceGet                    
000059c5  ADCProcessorTrigger                
00005a15  ADCPhaseDelaySet                   
00005a7f  ADCPhaseDelayGet                   
00005add  ADCIntUnregister                   
00005b27  ADCIntStatusEx                     
00005b57  ADCIntStatus                       
00005bb3  ADCIntRegister                     
00005c01  ADCIntEnableEx                     
00005c25  ADCIntEnable                       
00005c63  ADCIntDisableEx                    
00005c87  ADCIntDisable                      
00005cbb  ADCIntClearEx                      
00005cbf  ADCIntClear                        
00005cf3  ADCHardwareOversampleConfigure     
00005d55  ADCComparatorReset                 
00005db9  ADCComparatorRegionSet             
00005e1d  ADCComparatorIntStatus             
00005e3b  ADCComparatorIntEnable             
00005e75  ADCComparatorIntDisable            
00005eaf  ADCComparatorIntClear              
00005ecf  ADCComparatorConfigure             
00005f07  ADCClockConfigSet                  
00005f59  ADCClockConfigGet                  
00005f8b  ADCBusy                            
00005fbd  __TI_printfi                       
00006a0b  __aeabi_idiv0                      
00006a0b  __aeabi_ldiv0                      
00006a69  TimerValueGet64                    
00006a91  TimerValueGet                      
00006ac9  TimerUpdateMode                    
00006af1  TimerSynchronize                   
00006b0b  TimerRTCEnable                     
00006b29  TimerRTCDisable                    
00006b47  TimerPrescaleSet                   
00006b9d  TimerPrescaleMatchSet              
00006bf3  TimerPrescaleMatchGet              
00006c33  TimerPrescaleGet                   
00006c73  TimerMatchSet64                    
00006c91  TimerMatchSet                      
00006ced  TimerMatchGet64                    
00006d39  TimerMatchGet                      
00006d87  TimerLoadSet64                     
00006da5  TimerLoadSet                       
00006ded  TimerLoadGet64                     
00006e15  TimerLoadGet                       
00006e8d  TimerIntUnregister                 
00006ed7  TimerIntStatus                     
00006ef7  TimerIntRegister                   
00006f53  TimerIntEnable                     
00006f71  TimerIntDisable                    
00006f8f  TimerIntClear                      
00006fa9  TimerEnable                        
00006fe7  TimerDisable                       
00007029  TimerDMAEventSet                   
00007043  TimerDMAEventGet                   
0000705b  TimerControlWaitOnTrigger          
000070d1  TimerControlTrigger                
00007155  TimerControlStall                  
000071a1  TimerControlLevel                  
000071ed  TimerControlEvent                  
0000723d  TimerConfigure                     
000073b1  TimerClockSourceSet                
000073e5  TimerClockSourceGet                
000073ff  TimerADCEventSet                   
00007419  TimerADCEventGet                   
00007445  whisker_ISR                        
00007487  vApplicationTickHook               
000074a5  vApplicationStackOverflowHook      
000074a7  vApplicationMallocFailedHook       
00007a6d  main                               
00007d3d  encoder_ISR                        
00007d95  botones_ISR                        
00007ddb  __error__                          
00007eab  UARTwrite                          
00007f3f  UARTvprintf                        
0000814d  UARTprintf                         
00008181  UARTgets                           
0000849d  UARTgetc                           
000084b3  UARTTxBytesFree                    
000084d1  UARTStdioIntHandler                
000085a5  UARTFlushRx                        
000085b5  UARTFlushTx                        
000085dd  UARTStdioConfig                    
000086e5  UARTRxBytesAvail                   
000086f5  UARTEchoSet                        
00008779  UARTTxIntModeSet                   
000087ad  UARTTxIntModeGet                   
000087c9  UARTSpaceAvail                     
000087eb  UARTSmartCardEnable                
00008815  UARTSmartCardDisable               
00008833  UARTRxErrorGet                     
0000884f  UARTRxErrorClear                   
00008869  UARTParityModeSet                  
000088a5  UARTParityModeGet                  
000088bf  UARTModemStatusGet                 
000088dd  UARTModemControlSet                
00008911  UARTModemControlGet                
0000892d  UARTModemControlClear              
00008967  UARTLoopbackEnable                 
000089bb  UARTIntUnregister                  
000089f3  UARTIntStatus                      
00008a35  UARTIntRegister                    
00008a85  UARTIntEnable                      
00008aa3  UARTIntDisable                     
00008ac1  UARTIntClear                       
00008adb  UARTFlowControlSet                 
00008b0f  UARTFlowControlGet                 
00008b2b  UARTFIFOLevelSet                   
00008b83  UARTFIFOLevelGet                   
00008bab  UARTFIFOEnable                     
00008bc9  UARTFIFODisable                    
00008be7  UARTEnableSIR                      
00008c15  UARTEnable                         
00008c3d  UARTDisableSIR                     
00008c71  UARTDisable                        
00008c9d  UARTDMAEnable                      
00008cbb  UARTDMADisable                     
00008cd9  UARTConfigSetExpClk                
00008d59  UARTConfigGetExpClk                
00008d9d  UARTClockSourceSet                 
00008dcb  UARTClockSourceGet                 
00008de5  UARTCharsAvail                     
00008e07  UARTCharPutNonBlocking             
00008e2d  UARTCharPut                        
00008e4d  UARTCharGetNonBlocking             
00008e71  UARTCharGet                        
00008e8f  UARTBusy                           
00008eab  UARTBreakCtl                       
00008ed5  UART9BitEnable                     
00008ef7  UART9BitDisable                    
00008f19  UART9BitAddrSet                    
00008f3b  UART9BitAddrSend                   
00008f81  xTimerPendFunctionCallFromISR      
00008fa3  xTimerPendFunctionCall             
00008fdf  xTimerIsTimerActive                
00009003  xTimerGetTimerDaemonTaskHandle     
00009019  xTimerGetPeriod                    
0000902d  xTimerGetExpiryTime                
00009041  xTimerGenericCommand               
000090e9  xTimerCreateTimerTask              
00009165  xTimerCreate                       
00009199  vTimerSetTimerNumber               
0000919d  vTimerSetTimerID                   
000091bb  vTimerSetReloadMode                
000091f3  uxTimerGetTimerNumber              
000091f7  uxTimerGetReloadMode               
0000921b  pvTimerGetTimerID                  
00009577  pcTimerGetName                     
00009611  initCommandLine                    
00009abb  IntUnregister                      
00009ad7  IntTrigger                         
00009af5  IntRegister                        
00009b47  IntPrioritySet                     
00009b89  IntPriorityGroupingSet             
00009bad  IntPriorityGroupingGet             
00009bcf  IntPriorityGet                     
00009bfd  IntPendSet                         
00009c59  IntPendClear                       
00009ca7  IntMasterEnable                    
00009cb7  IntMasterDisable                   
00009cc7  IntIsEnabled                       
00009d2f  IntEnable                          
00009dc9  IntDisable                         
00009e61  xPortGetMinimumEverFreeHeapSize    
00009e67  xPortGetFreeHeapSize               
00009e6d  vPortInitialiseBlocks              
00009e6f  vPortGetHeapStats                  
00009f25  vPortFree                          
00009fdd  pvPortMalloc                       
0000a135  xCoRoutineRemoveFromEventList      
0000a19b  xCoRoutineCreate                   
0000a311  vCoRoutineSchedule                 
0000a377  vCoRoutineAddToDelayedList         
0000a659  setSingleServoSpeed                
0000a69b  setServosSpeed                     
0000a6bf  mover_robot_v                      
0000a6e5  mover_robot                        
0000a703  hacer_mov                          
0000a71f  girar_robot_v                      
0000a789  girar_robot                        
0000a7bf  configServos                       
0000a8b1  xPortSysTickHandler                
0000a8fb  vPortSetupTimerInterrupt           
0000a925  xPortStartScheduler                
0000a9b7  vPortValidateInterruptPriority     
0000a9f9  vPortExitCritical                  
0000aa1b  vPortEnterCritical                 
0000aa4b  vPortEndScheduler                  
0000aa61  pxPortInitialiseStack              
0000acb5  __aeabi_dsub                       
0000acbf  __aeabi_dadd                       
0000ae6d  configADC_LeeADC                   
0000ae7b  configADC_IniciaADC                
0000af5b  configADC_ISR                      
0000afa3  configADC_DisparaADC               
0000b111  __aeabi_ddiv                       
0000b36d  ldexp                              
0000b36d  ldexpl                             
0000b36d  scalbn                             
0000b36d  scalbnl                            
0000b47d  __aeabi_dmul                       
0000b579  ButtonsPoll                        
0000b5f9  ButtonsInit                        
0000b671  CPUUsageTick                       
0000b6a5  CPUUsageInit                       
0000b779  ulPortGetIPSR                      
0000b791  xPortPendSVHandler                 
0000b7f1  vPortSVCHandler                    
0000b811  vPortStartFirstTask                
0000b835  vPortEnableVFP                     
0000b8f7  __aeabi_memcpy                     
0000b8f7  __aeabi_memcpy4                    
0000b8f7  __aeabi_memcpy8                    
0000b8f7  memcpy                             
0000b993  __aeabi_uldivmod                   
0000ba29  vListInsertEnd                     
0000ba41  vListInsert                        
0000ba73  vListInitialiseItem                
0000ba79  vListInitialise                    
0000ba97  uxListRemove                       
0000babd  __aeabi_cdcmpeq                    
0000babd  __aeabi_cdcmple                    
0000bb43  __aeabi_cdrcmple                   
0000bbc9  __aeabi_memclr                     
0000bbc9  __aeabi_memclr4                    
0000bbc9  __aeabi_memclr8                    
0000bbcb  __aeabi_memset                     
0000bbcb  __aeabi_memset4                    
0000bbcb  __aeabi_memset8                    
0000bbd1  memset                             
0000bcb1  __TI_decompress_lzss               
0000bd19  vConfigureTimerForRunTimeStats     
0000bd7d  CmdLineProcess                     
0000bde1  frexp                              
0000bde1  frexpl                             
0000be9b  __TI_ltoa                          
0000bf41  atoi                               
0000bf8d  __aeabi_d2iz                       
0000bfd5  __TI_auto_init_nobinit_nopinit     
0000c019  __aeabi_uidiv                      
0000c019  __aeabi_uidivmod                   
0000c059  sprintf                            
0000c0d7  CPUwfi                             
0000c0d7  SysCtlSleep                        
0000c0d7  vApplicationIdleHook               
0000c0db  CPUprimask                         
0000c0e5  CPUcpsie                           
0000c0f1  CPUcpsid                           
0000c0fd  CPUbasepriSet                      
0000c0fd  IntPriorityMaskSet                 
0000c103  CPUbasepriGet                      
0000c103  IntPriorityMaskGet                 
0000c10d  _c_int00_noargs                    
0000c141  __aeabi_i2d                        
0000c16f  strncmp                            
0000c19d  ResetISR                           
0000c1c5  GetOverflowCounts                  
0000c1e9  memccpy                            
0000c205  copysign                           
0000c205  copysignl                          
0000c237  strcmp                             
0000c24f  strchr                             
0000c265  strcpy                             
0000c279  strlen                             
0000c28d  wcslen                             
0000c29f  __TI_decompress_none               
0000c2ad  __TI_zero_init                     
0000c2c5  __aeabi_errno_addr                 
0000c2cd  SysCtlDelay                        
0000c2d3  _system_pre_init                   
0000c2d7  C$$EXIT                            
0000c2d7  abort                              
0000c5b8  _ctypes_                           
0000cbec  ulMaxSyscallInterruptPriority      
0000cbf4  uxTopUsedPriority                  
0000cd70  __TI_Handler_Table_Base            
0000cd7c  __TI_Handler_Table_Limit           
0000cd90  __TI_CINIT_Base                    
0000cda8  __TI_CINIT_Limit                   
20000000  __start___llvm_prf_cnts            
20000000  __stop___llvm_prf_cnts             
20000000  g_pfnRAMVectors                    
20005720  cola_adc                           
20005724  g_event                            
20005728  g_servo_mode                       
2000572c  g_ui32CPUUsage                     
20005730  g_ui32SystemClock                  
20005734  move_set                           
20005738  ordenes_set                        
2000573c  q_encoders                         
20005740  q_steps                            
20005744  s_control                          
20005748  s_der                              
2000574c  s_izq                              
20005750  s_suelo                            
20005754  servos_ctl                         
20005758  servos_mode                        
2000575c  servos_set                         
20005760  __stack                            
20005f60  __STACK_END                        
20005f60  __STACK_TOP                        
20005f60  historial                          
20006000  g_psCmdTable                       
20006060  g_d21                              
200060bc  g_v21                              
20006118  pxCurrentTCB                       
20006154  g_d41                              
2000618c  g_v41                              
200061cc  pxCurrentCoRoutine                 
20006228  g_status                           
2000622c  g_n41                              
20006230  g_n21                              
20006234  ultimo_mov                         
2000625c  errno                              
ffffffff  __TI_pprof_out_hndl                
ffffffff  __TI_prof_data_size                
ffffffff  __TI_prof_data_start               
ffffffff  __binit__                          
ffffffff  __c_args__                         
ffffffff  binit                              
UNDEFED   __mpu_init                         
UNDEFED   _system_post_cinit                 

[562 symbols]
