******************************************************************************
                  TI ARM Linker PC v20.2.2                     
******************************************************************************
>> Linked Wed Feb  2 15:08:44 2022

OUTPUT FILE NAME:   <ejercicio-FreeRTOS.out>
ENTRY POINT SYMBOL: "_c_int00_noargs"  address: 0000f049


MEMORY CONFIGURATION

         name            origin    length      used     unused   attr    fill
----------------------  --------  ---------  --------  --------  ----  --------
  FLASH                 00000000   00040000  0000fcd6  0003032a  R  X
  SRAM                  20000000   00008000  000061b9  00001e47  RW X


SEGMENT ALLOCATION MAP

run origin  load origin   length   init length attrs members
----------  ----------- ---------- ----------- ----- -------
00000000    00000000    0000fcd8   0000fcd8    r-x
  00000000    00000000    0000026c   0000026c    r-- .intvecs
  0000026c    0000026c    0000efaa   0000efaa    r-x .text
  0000f218    0000f218    00000920   00000920    r-- .const
  0000fb38    0000fb38    000001a0   000001a0    r-- .cinit
20000000    20000000    000061c0   00000000    rw-
  20000000    20000000    0000026c   00000000    rw- .vtable
  2000026c    2000026c    000054ed   00000000    rw- .bss
  20005760    20005760    00000800   00000000    rw- .stack
  20005f60    20005f60    00000260   00000000    rw- .data


SECTION ALLOCATION MAP

 output                                  attributes/
section   page    origin      length       input sections
--------  ----  ----------  ----------   ----------------
.intvecs   0    00000000    0000026c     
                  00000000    0000026c     startup_ccs.obj (.intvecs)

.text      0    0000026c    0000efaa     
                  0000026c    00002110     tasks.obj (.text)
                  0000237c    00001684     sysctl.obj (.text)
                  00003a00    000013a4     queue.obj (.text)
                  00004da4    0000128c     gpio.obj (.text)
                  00006030    00001040     adc.obj (.text)
                  00007070    00000f4c     pwm.obj (.text)
                  00007fbc    00000d20     timer.obj (.text)
                  00008cdc    00000b64     uartstdio.obj (.text)
                  00009840    00000a74     uart.obj (.text)
                  0000a2b4    00000a4e     rtsv7M4_T_le_v4SPD16_eabi.lib : _printfi.c.obj (.text:__TI_printfi)
                  0000ad02    00000002                                   : div0.asm.obj (.text)
                  0000ad04    00000a1c     ejercicio-freeRTOS.obj (.text)
                  0000b720    00000804     timers.obj (.text)
                  0000bf24    00000574     commands.obj (.text)
                  0000c498    00000490     interrupt.obj (.text)
                  0000c928    00000468     heap_4.obj (.text)
                  0000cd90    00000390     croutine.obj (.text)
                  0000d120    000002c8     port.obj (.text)
                  0000d3e8    000002b0     servos.obj (.text)
                  0000d698    00000270     rtsv7M4_T_le_v4SPD16_eabi.lib : _printfi.c.obj (.text:_pconv_a)
                  0000d908    000001d0                                   : _printfi.c.obj (.text:_pconv_g)
                  0000dad8    000001b6                                   : fd_add_t2.asm.obj (.text)
                  0000dc8e    00000002     --HOLE-- [fill = 0]
                  0000dc90    00000154     configADC.obj (.text)
                  0000dde4    0000013c     rtsv7M4_T_le_v4SPD16_eabi.lib : _printfi.c.obj (.text:_pconv_e)
                  0000df20    00000136                                   : fd_div_t2.asm.obj (.text)
                  0000e056    0000012a     list.obj (.text)
                  0000e180    00000124     buttons.obj (.text)
                  0000e2a4    00000124     rtsv7M4_T_le_v4SPD16_eabi.lib : _printfi.c.obj (.text:fcvt)
                  0000e3c8    00000118     cpu_usage.obj (.text)
                  0000e4e0    00000110     rtsv7M4_T_le_v4SPD16_eabi.lib : s_scalbn.c.obj (.text:scalbn)
                  0000e5f0    000000fc                                   : fd_mul_t2.asm.obj (.text)
                  0000e6ec    000000da     portasm.obj (.text)
                  0000e7c6    00000002     --HOLE-- [fill = 0]
                  0000e7c8    000000b1     rtsv7M4_T_le_v4SPD16_eabi.lib : _printfi.c.obj (.text:_ltostr)
                  0000e879    00000003     --HOLE-- [fill = 0]
                  0000e87c    000000a8     cmdline.obj (.text)
                  0000e924    0000009c     rtsv7M4_T_le_v4SPD16_eabi.lib : memcpy_t2.asm.obj (.text)
                  0000e9c0    00000096                                   : ull_div_t2.asm.obj (.text)
                  0000ea56    00000086                                   : fd_cmp_t2.asm.obj (.text:__aeabi_cdcmple)
                  0000eadc    00000086                                   : fd_cmp_t2.asm.obj (.text:__aeabi_cdrcmple)
                  0000eb62    0000007a                                   : memset_t2.asm.obj (.text)
                  0000ebdc    0000006e                                   : _printfi.c.obj (.text:_mcpy)
                  0000ec4a    00000068                                   : copy_decompress_lzss.c.obj (.text:decompress:lzss:__TI_decompress_lzss)
                  0000ecb2    00000002     --HOLE-- [fill = 0]
                  0000ecb4    00000064                                   : s_frexp.c.obj (.text:frexp)
                  0000ed18    00000060     RunTimeStatsConfig.obj (.text)
                  0000ed78    00000056     rtsv7M4_T_le_v4SPD16_eabi.lib : _printfi.c.obj (.text:_pconv_f)
                  0000edce    00000054                                   : _ltoa.c.obj (.text:__TI_ltoa)
                  0000ee22    00000052                                   : _printfi.c.obj (.text:_ecpy)
                  0000ee74    0000004c                                   : atoi.c.obj (.text:atoi)
                  0000eec0    00000048                                   : fd_toi_t2.asm.obj (.text)
                  0000ef08    00000044                                   : autoinit.c.obj (.text:__TI_auto_init_nobinit_nopinit:__TI_auto_init_nobinit_nopinit)
                  0000ef4c    00000040                                   : u_divt2.asm.obj (.text)
                  0000ef8c    00000040                                   : sprintf.c.obj (.text:sprintf)
                  0000efcc    0000003e                                   : _printfi.c.obj (.text:_fcpy)
                  0000f00a    0000003e     cpu.obj (.text)
                  0000f048    00000034     rtsv7M4_T_le_v4SPD16_eabi.lib : boot_cortex_m.c.obj (.text:_c_int00_noargs:_c_int00_noargs)
                  0000f07c    0000002e                                   : i_tofd_t2.asm.obj (.text)
                  0000f0aa    00000002     --HOLE-- [fill = 0]
                  0000f0ac    0000002c     startup_ccs.obj (.text)
                  0000f0d8    0000002c     rtsv7M4_T_le_v4SPD16_eabi.lib : strncmp.c.obj (.text:strncmp)
                  0000f104    00000020     RunTimeStatsConfig.obj (.text:GetOverflowCounts)
                  0000f124    0000001c     rtsv7M4_T_le_v4SPD16_eabi.lib : memccpy.c.obj (.text:memccpy)
                  0000f140    0000001a                                   : s_copysign.c.obj (.text:copysign)
                  0000f15a    00000018                                   : sprintf.c.obj (.text:_outs)
                  0000f172    00000018                                   : strcmp.c.obj (.text:strcmp)
                  0000f18a    00000016                                   : strchr.c.obj (.text:strchr)
                  0000f1a0    00000014                                   : strcpy.c.obj (.text:strcpy)
                  0000f1b4    00000014                                   : strlen.c.obj (.text:strlen)
                  0000f1c8    00000012                                   : wcslen.c.obj (.text:wcslen)
                  0000f1da    0000000e                                   : copy_decompress_none.c.obj (.text:decompress:none:__TI_decompress_none)
                  0000f1e8    0000000c                                   : copy_zero_init.c.obj (.text:decompress:ZI:__TI_zero_init)
                  0000f1f4    0000000a                                   : sprintf.c.obj (.text:_outc)
                  0000f1fe    00000002     --HOLE-- [fill = 0]
                  0000f200    00000008                                   : errno.c.obj (.text:__aeabi_errno_addr)
                  0000f208    00000006     sysctl.obj (.text:SysCtlDelay)
                  0000f20e    00000004     rtsv7M4_T_le_v4SPD16_eabi.lib : pre_init.c.obj (.text:_system_pre_init)
                  0000f212    00000004                                   : exit.c.obj (.text:abort:abort)

.const     0    0000f218    00000920     
                  0000f218    000001b0     sysctl.obj (.const:g_pppui32XTALtoVCO)
                  0000f3c8    0000012c     commands.obj (.const:.string)
                  0000f4f4    00000101     rtsv7M4_T_le_v4SPD16_eabi.lib : ctype.c.obj (.const:.string:_ctypes_)
                  0000f5f5    00000003     --HOLE-- [fill = 0]
                  0000f5f8    000000d8     gpio.obj (.const:g_ppui32GPIOIntMapSnowflake)
                  0000f6d0    000000c0     gpio.obj (.const:g_ppui32GPIOIntMapBlizzard)
                  0000f790    0000009c     interrupt.obj (.const:g_pui32Regs)
                  0000f82c    00000090     gpio.obj (.const:g_pui32GPIOBaseAddrs)
                  0000f8bc    0000006c     sysctl.obj (.const:g_pui32Xtals)
                  0000f928    00000060     timer.obj (.const:g_ppui32TimerIntMap)
                  0000f988    00000040     timer.obj (.const:g_ppui32TimerIntMapSnowflake)
                  0000f9c8    00000040     uart.obj (.const:g_ppui32UARTIntMap)
                  0000fa08    00000040     uart.obj (.const:g_ppui32UARTIntMapSnowflake)
                  0000fa48    00000030     sysctl.obj (.const:g_sXTALtoMEMTIM)
                  0000fa78    00000020     interrupt.obj (.const:g_pui32Priority)
                  0000fa98    00000014     interrupt.obj (.const:g_pui32Dii16Regs)
                  0000faac    00000014     interrupt.obj (.const:g_pui32EnRegs)
                  0000fac0    00000014     interrupt.obj (.const:g_pui32PendRegs)
                  0000fad4    00000014     interrupt.obj (.const:g_pui32UnpendRegs)
                  0000fae8    00000012     uartstdio.obj (.const:.string)
                  0000fafa    00000002     --HOLE-- [fill = 0]
                  0000fafc    0000000c     uartstdio.obj (.const:g_ui32UARTBase)
                  0000fb08    0000000c     uartstdio.obj (.const:g_ui32UARTInt)
                  0000fb14    0000000c     uartstdio.obj (.const:g_ui32UARTPeriph)
                  0000fb20    00000008     sysctl.obj (.const:g_pui32VCOFrequencies)
                  0000fb28    00000008     port.obj (.const)
                  0000fb30    00000004     tasks.obj (.const)
                  0000fb34    00000004     uartstdio.obj (.const)

.cinit     0    0000fb38    000001a0     
                  0000fb38    00000168     (.cinit..data.load) [load image, compression = lzss]
                  0000fca0    0000000c     (__TI_handler_table)
                  0000fcac    00000004     --HOLE-- [fill = 0]
                  0000fcb0    00000008     (.cinit..bss.load) [load image, compression = zero_init]
                  0000fcb8    00000008     (.cinit..vtable.load) [load image, compression = zero_init]
                  0000fcc0    00000018     (__TI_cinit_table)

.init_array 
*          0    00000000    00000000     UNINITIALIZED

.vtable    0    20000000    0000026c     UNINITIALIZED
                  20000000    0000026c     interrupt.obj (.vtable)

.bss       0    2000026c    000054ed     UNINITIALIZED
                  2000026c    00005000     heap_4.obj (.bss:ucHeap)
                  2000526c    00000200     uartstdio.obj (.bss:g_pcUARTRxHistoryBuffer)
                  2000546c    00000140     tasks.obj (.bss:pxReadyTasksLists)
                  200055ac    00000028     croutine.obj (.bss:pxReadyCoRoutineLists)
                  200055d4    00000024     cmdline.obj (.bss:g_ppcArgv)
                  200055f8    00000020     uartstdio.obj (.bss:g_usUARTRxHistoryOffset)
                  20005618    00000014     uartstdio.obj (.bss)
                  2000562c    00000014     timers.obj (.bss:xActiveTimerList1)
                  20005640    00000014     timers.obj (.bss:xActiveTimerList2)
                  20005654    00000014     croutine.obj (.bss:xDelayedCoRoutineList1)
                  20005668    00000014     croutine.obj (.bss:xDelayedCoRoutineList2)
                  2000567c    00000014     tasks.obj (.bss:xDelayedTaskList1)
                  20005690    00000014     tasks.obj (.bss:xDelayedTaskList2)
                  200056a4    00000014     croutine.obj (.bss:xPendingReadyCoRoutineList)
                  200056b8    00000014     tasks.obj (.bss:xPendingReadyList)
                  200056cc    00000014     tasks.obj (.bss:xSuspendedTaskList)
                  200056e0    00000014     tasks.obj (.bss:xTasksWaitingTermination)
                  200056f4    0000000c     cpu_usage.obj (.bss)
                  20005700    00000008     adc.obj (.bss:g_pui8OversampleFactor)
                  20005708    00000008     tasks.obj (.bss)
                  20005710    00000008     timers.obj (.bss)
                  20005718    00000008     heap_4.obj (.bss:xStart)
                  20005720    00000004     (.common:cola_adc)
                  20005724    00000004     (.common:g_ui32CPUUsage)
                  20005728    00000004     (.common:g_ui32SystemClock)
                  2000572c    00000004     (.common:move_set)
                  20005730    00000004     (.common:ordenes_set)
                  20005734    00000004     (.common:q_encoders)
                  20005738    00000004     (.common:q_steps)
                  2000573c    00000004     (.common:s_control)
                  20005740    00000004     (.common:s_der)
                  20005744    00000004     (.common:s_izq)
                  20005748    00000004     (.common:s_suelo)
                  2000574c    00000004     (.common:servos_ctl)
                  20005750    00000004     (.common:servos_mode)
                  20005754    00000004     (.common:servos_set)
                  20005758    00000001     (.common:g_event)

.data      0    20005f60    00000260     UNINITIALIZED
                  20005f60    00000060     commands.obj (.data:g_psCmdTable)
                  20005fc0    0000005c     ejercicio-freeRTOS.obj (.data:g_d21)
                  2000601c    0000005c     ejercicio-freeRTOS.obj (.data:g_v21)
                  20006078    0000003c     tasks.obj (.data)
                  200060b4    00000038     ejercicio-freeRTOS.obj (.data:g_d41)
                  200060ec    00000038     ejercicio-freeRTOS.obj (.data:g_v41)
                  20006124    0000001c     croutine.obj (.data)
                  20006140    00000018     cpu_usage.obj (.data:g_pui32CPUUsageTimerBase)
                  20006158    00000018     cpu_usage.obj (.data:g_pui32CPUUsageTimerPeriph)
                  20006170    00000018     heap_4.obj (.data)
                  20006188    0000000d     ejercicio-freeRTOS.obj (.data)
                  20006195    00000003     buttons.obj (.data)
                  20006198    0000000c     port.obj (.data)
                  200061a4    0000000c     timers.obj (.data)
                  200061b0    0000000c     uartstdio.obj (.data)
                  200061bc    00000004     rtsv7M4_T_le_v4SPD16_eabi.lib : errno.c.obj (.data)

.stack     0    20005760    00000800     UNINITIALIZED
                  20005760    00000004     rtsv7M4_T_le_v4SPD16_eabi.lib : boot_cortex_m.c.obj (.stack)
                  20005764    000007fc     --HOLE--

__llvm_prf_cnts 
*          0    20000000    00000000     UNINITIALIZED

MODULE SUMMARY

       Module                       code    ro data   rw data
       ------                       ----    -------   -------
    .\
       ejercicio-freeRTOS.obj       2588    0         362    
       commands.obj                 1396    300       96     
       startup_ccs.obj              44      620       0      
    +--+----------------------------+-------+---------+---------+
       Total:                       4028    920       458    
                                                             
    .\FreeRTOS\Source\
       tasks.obj                    8464    4         488    
       queue.obj                    5028    0         0      
       timers.obj                   2052    0         60     
       croutine.obj                 912     0         128    
       list.obj                     298     0         0      
    +--+----------------------------+-------+---------+---------+
       Total:                       16754   4         676    
                                                             
    .\FreeRTOS\Source\portable\CCS\ARM_CM4F\
       port.obj                     712     8         12     
       portasm.obj                  218     0         0      
    +--+----------------------------+-------+---------+---------+
       Total:                       930     8         12     
                                                             
    .\FreeRTOS\Source\portable\MemMang\
       heap_4.obj                   1128    0         20512  
    +--+----------------------------+-------+---------+---------+
       Total:                       1128    0         20512  
                                                             
    .\driverlib\
       sysctl.obj                   5770    596       0      
       gpio.obj                     4748    552       0      
       adc.obj                      4160    0         8      
       pwm.obj                      3916    0         0      
       timer.obj                    3360    160       0      
       uart.obj                     2676    128       0      
       interrupt.obj                1168    268       620    
       cpu.obj                      62      0         0      
    +--+----------------------------+-------+---------+---------+
       Total:                       25860   1704      628    
                                                             
    .\drivers\
       servos.obj                   688     0         4      
       configADC.obj                340     0         0      
       buttons.obj                  292     0         3      
    +--+----------------------------+-------+---------+---------+
       Total:                       1320    0         7      
                                                             
    .\utils\
       uartstdio.obj                2916    58        576    
       cpu_usage.obj                280     0         60     
       cmdline.obj                  168     0         36     
       RunTimeStatsConfig.obj       128     0         0      
    +--+----------------------------+-------+---------+---------+
       Total:                       3492    58        672    
                                                             
    C:\ti\ccs1020\ccs\tools\compiler\ti-cgt-arm_20.2.2.LTS\lib\rtsv7M4_T_le_v4SPD16_eabi.lib
       _printfi.c.obj               4851    0         0      
       fd_add_t2.asm.obj            438     0         0      
       fd_div_t2.asm.obj            310     0         0      
       s_scalbn.c.obj               272     0         0      
       fd_cmp_t2.asm.obj            268     0         0      
       ctype.c.obj                  0       257       0      
       fd_mul_t2.asm.obj            252     0         0      
       memcpy_t2.asm.obj            156     0         0      
       ull_div_t2.asm.obj           150     0         0      
       memset_t2.asm.obj            122     0         0      
       copy_decompress_lzss.c.obj   104     0         0      
       s_frexp.c.obj                100     0         0      
       sprintf.c.obj                98      0         0      
       _ltoa.c.obj                  84      0         0      
       atoi.c.obj                   76      0         0      
       fd_toi_t2.asm.obj            72      0         0      
       autoinit.c.obj               68      0         0      
       u_divt2.asm.obj              64      0         0      
       boot_cortex_m.c.obj          52      0         0      
       i_tofd_t2.asm.obj            46      0         0      
       strncmp.c.obj                44      0         0      
       memccpy.c.obj                28      0         0      
       s_copysign.c.obj             26      0         0      
       strcmp.c.obj                 24      0         0      
       strchr.c.obj                 22      0         0      
       strcpy.c.obj                 20      0         0      
       strlen.c.obj                 20      0         0      
       wcslen.c.obj                 18      0         0      
       copy_decompress_none.c.obj   14      0         0      
       copy_zero_init.c.obj         12      0         0      
       errno.c.obj                  8       0         4      
       exit.c.obj                   4       0         0      
       pre_init.c.obj               4       0         0      
       div0.asm.obj                 2       0         0      
    +--+----------------------------+-------+---------+---------+
       Total:                       7829    257       4      
                                                             
       Stack:                       0       0         2048   
       Linker Generated:            0       412       0      
    +--+----------------------------+-------+---------+---------+
       Grand Total:                 61341   3363      25017  


LINKER GENERATED COPY TABLES

__TI_cinit_table @ 0000fcc0 records: 3, size/record: 8, table size: 24
	.data: load addr=0000fb38, load size=00000168 bytes, run addr=20005f60, run size=00000260 bytes, compression=lzss
	.bss: load addr=0000fcb0, load size=00000008 bytes, run addr=2000026c, run size=000054ed bytes, compression=zero_init
	.vtable: load addr=0000fcb8, load size=00000008 bytes, run addr=20000000, run size=0000026c bytes, compression=zero_init


LINKER GENERATED HANDLER TABLE

__TI_handler_table @ 0000fca0 records: 3, size/record: 4, table size: 12
	index: 0, handler: __TI_zero_init
	index: 1, handler: __TI_decompress_lzss
	index: 2, handler: __TI_decompress_none


GLOBAL SYMBOLS: SORTED ALPHABETICALLY BY Name 

address   name                               
-------   ----                               
00006f7f  ADCBusy                            
00007015  ADCClockConfigGet                  
00006fb9  ADCClockConfigSet                  
00006b07  ADCComparatorConfigure             
00006ce9  ADCComparatorIntClear              
00006c3d  ADCComparatorIntDisable            
00006c81  ADCComparatorIntEnable             
00006cc5  ADCComparatorIntStatus             
00006b4d  ADCComparatorRegionSet             
00006bc5  ADCComparatorReset                 
00006a8d  ADCHardwareOversampleConfigure     
00006243  ADCIntClear                        
00006db9  ADCIntClearEx                      
00006135  ADCIntDisable                      
00006d15  ADCIntDisableEx                    
00006173  ADCIntEnable                       
00006d43  ADCIntEnableEx                     
0000608b  ADCIntRegister                     
000061bf  ADCIntStatus                       
00006d71  ADCIntStatusEx                     
000060e5  ADCIntUnregister                   
00006ed7  ADCPhaseDelayGet                   
00006e3d  ADCPhaseDelaySet                   
0000673d  ADCProcessorTrigger                
00006e15  ADCReferenceGet                    
00006dcb  ADCReferenceSet                    
00006319  ADCSequenceConfigure               
00006f3d  ADCSequenceDMADisable              
00006efb  ADCSequenceDMAEnable               
000066cb  ADCSequenceDataGet                 
000062d1  ADCSequenceDisable                 
0000627f  ADCSequenceEnable                  
000065d1  ADCSequenceOverflow                
00006615  ADCSequenceOverflowClear           
0000647d  ADCSequenceStepConfigure           
00006651  ADCSequenceUnderflow               
0000668f  ADCSequenceUnderflowClear          
0000678b  ADCSoftwareOversampleConfigure     
00006985  ADCSoftwareOversampleDataGet       
0000682f  ADCSoftwareOversampleStepConfigure 
0000e229  ButtonsInit                        
0000e181  ButtonsPoll                        
0000f213  C$$EXIT                            
0000e405  CPUUsageInit                       
0000e3c9  CPUUsageTick                       
0000f03f  CPUbasepriGet                      
0000f031  CPUbasepriSet                      
0000f00b  CPUcpsid                           
0000f021  CPUcpsie                           
0000f017  CPUprimask                         
0000f02d  CPUwfi                             
0000e87d  CmdLineProcess                     
00005fbf  GPIOADCTriggerDisable              
00005f93  GPIOADCTriggerEnable               
00005f67  GPIODMATriggerDisable              
00005f3b  GPIODMATriggerEnable               
00004f81  GPIODirModeGet                     
00004efd  GPIODirModeSet                     
00005755  GPIOIntClear                       
000056fd  GPIOIntDisable                     
000056d5  GPIOIntEnable                      
00005777  GPIOIntRegister                    
000057f5  GPIOIntRegisterPin                 
00005725  GPIOIntStatus                      
000051a5  GPIOIntTypeGet                     
00005055  GPIOIntTypeSet                     
000057b5  GPIOIntUnregister                  
0000586d  GPIOIntUnregisterPin               
00005541  GPIOPadConfigGet                   
00005249  GPIOPadConfigSet                   
00005eb5  GPIOPinConfigure                   
000058bf  GPIOPinRead                        
00005913  GPIOPinTypeADC                     
00005949  GPIOPinTypeCAN                     
0000597f  GPIOPinTypeComparator              
000059b5  GPIOPinTypeComparatorOutput        
000059eb  GPIOPinTypeDIVSCLK                 
00005a21  GPIOPinTypeEPI                     
00005a57  GPIOPinTypeEthernetLED             
00005a8d  GPIOPinTypeEthernetMII             
00005ad1  GPIOPinTypeGPIOInput               
00005b07  GPIOPinTypeGPIOOutput              
00005b3d  GPIOPinTypeGPIOOutputOD            
00005b73  GPIOPinTypeHibernateRTCCLK         
00005ba9  GPIOPinTypeI2C                     
00005bdf  GPIOPinTypeI2CSCL                  
00005c15  GPIOPinTypeLCD                     
00005c4b  GPIOPinTypeOneWire                 
00005c81  GPIOPinTypePWM                     
00005cb7  GPIOPinTypeQEI                     
00005ced  GPIOPinTypeSSI                     
00005d23  GPIOPinTypeTimer                   
00005d59  GPIOPinTypeTrace                   
00005d8f  GPIOPinTypeUART                    
00005dc9  GPIOPinTypeUSBAnalog               
00005dff  GPIOPinTypeUSBDigital              
00005e35  GPIOPinTypeWakeHigh                
00005e6d  GPIOPinTypeWakeLow                 
00005ea5  GPIOPinWakeStatus                  
000058e5  GPIOPinWrite                       
00005feb  GPIOUnlockPin                      
0000f105  GetOverflowCounts                  
0000c6c5  IntDisable                         
0000c647  IntEnable                          
0000c74d  IntIsEnabled                       
0000c4ab  IntMasterDisable                   
0000c49b  IntMasterEnable                    
0000c871  IntPendClear                       
0000c801  IntPendSet                         
0000c611  IntPriorityGet                     
0000c577  IntPriorityGroupingGet             
0000c551  IntPriorityGroupingSet             
0000c8d7  IntPriorityMaskGet                 
0000c8cb  IntPriorityMaskSet                 
0000c5af  IntPrioritySet                     
0000c4bb  IntRegister                        
0000c8df  IntTrigger                         
0000c531  IntUnregister                      
00007eb9  PWMClockGet                        
00007e3f  PWMClockSet                        
00007453  PWMDeadBandDisable                 
000073cb  PWMDeadBandEnable                  
00007b03  PWMFaultIntClear                   
00007b61  PWMFaultIntClearExt                
00007883  PWMFaultIntRegister                
000078c9  PWMFaultIntUnregister              
000070e5  PWMGenConfigure                    
00007267  PWMGenDisable                      
00007225  PWMGenEnable                       
00007d99  PWMGenFaultClear                   
00007ba1  PWMGenFaultConfigure               
00007d2d  PWMGenFaultStatus                  
00007cb9  PWMGenFaultTriggerGet              
00007c1f  PWMGenFaultTriggerSet              
00007a31  PWMGenIntClear                     
00007781  PWMGenIntRegister                  
000079d1  PWMGenIntStatus                    
00007975  PWMGenIntTrigDisable               
0000791d  PWMGenIntTrigEnable                
000077e3  PWMGenIntUnregister                
000071d3  PWMGenPeriodGet                    
00007153  PWMGenPeriodSet                    
00007ac3  PWMIntDisable                      
00007a83  PWMIntEnable                       
00007b2b  PWMIntStatus                       
00007619  PWMOutputFault                     
000075bf  PWMOutputFaultLevel                
00007565  PWMOutputInvert                    
0000750b  PWMOutputState                     
00007ef3  PWMOutputUpdateMode                
00007333  PWMPulseWidthGet                   
000072a9  PWMPulseWidthSet                   
000074d1  PWMSyncTimeBase                    
00007497  PWMSyncUpdate                      
0000f0ad  ResetISR                           
0000398b  SysCtlAltClkConfig                 
00002f55  SysCtlClockFreqSet                 
00003431  SysCtlClockGet                     
00003953  SysCtlClockOutConfig               
0000325d  SysCtlClockSet                     
00002e3d  SysCtlDeepSleep                    
00003609  SysCtlDeepSleepClockConfigSet      
000035ed  SysCtlDeepSleepClockSet            
00002e1d  SysCtlDeepSleepPowerSet            
0000f209  SysCtlDelay                        
00002741  SysCtlFlashSectorSizeGet           
00002715  SysCtlFlashSizeGet                 
000037dd  SysCtlGPIOAHBDisable               
00003759  SysCtlGPIOAHBEnable                
00002d31  SysCtlIntClear                     
00002d19  SysCtlIntDisable                   
00002d05  SysCtlIntEnable                    
00002ce1  SysCtlIntRegister                  
00002d41  SysCtlIntStatus                    
00002cf5  SysCtlIntUnregister                
00002e03  SysCtlLDODeepSleepGet              
00002db5  SysCtlLDODeepSleepSet              
00002dab  SysCtlLDOSleepGet                  
00002d5d  SysCtlLDOSleepSet                  
00002e79  SysCtlMOSCConfigSet                
0000393f  SysCtlNMIClear                     
00003939  SysCtlNMIStatus                    
00002e89  SysCtlPIOSCCalibrate               
00003725  SysCtlPWMClockGet                  
000036b5  SysCtlPWMClockSet                  
00002c8d  SysCtlPeripheralClockGating        
00002c3f  SysCtlPeripheralDeepSleepDisable   
00002bf1  SysCtlPeripheralDeepSleepEnable    
00002afd  SysCtlPeripheralDisable            
00002a91  SysCtlPeripheralEnable             
00002941  SysCtlPeripheralPowerOff           
000028bd  SysCtlPeripheralPowerOn            
000027ad  SysCtlPeripheralPresent            
00002839  SysCtlPeripheralReady              
000029f1  SysCtlPeripheralReset              
00002b9d  SysCtlPeripheralSleepDisable       
00002b4b  SysCtlPeripheralSleepEnable        
00002e2d  SysCtlReset                        
00002ee9  SysCtlResetBehaviorGet             
00002ed9  SysCtlResetBehaviorSet             
00002e65  SysCtlResetCauseClear              
00002e59  SysCtlResetCauseGet                
0000270b  SysCtlSRAMSizeGet                  
00002e35  SysCtlSleep                        
00002e0d  SysCtlSleepPowerSet                
00003853  SysCtlUSBPLLDisable                
00003847  SysCtlUSBPLLEnable                 
0000388d  SysCtlVCOGet                       
00003875  SysCtlVoltageEventClear            
0000385f  SysCtlVoltageEventConfig           
0000386f  SysCtlVoltageEventStatus           
00008c29  TimerADCEventGet                   
00008c09  TimerADCEventSet                   
00008659  TimerClockSourceGet                
0000861d  TimerClockSourceSet                
00008185  TimerConfigure                     
0000847d  TimerControlEvent                  
00008359  TimerControlLevel                  
000084d9  TimerControlStall                  
000083d9  TimerControlTrigger                
00008545  TimerControlWaitOnTrigger          
00008c65  TimerDMAEventGet                   
00008c45  TimerDMAEventSet                   
000080f9  TimerDisable                       
000080af  TimerEnable                        
00008bc9  TimerIntClear                      
00008b77  TimerIntDisable                    
00008b51  TimerIntEnable                     
00008a91  TimerIntRegister                   
00008b9d  TimerIntStatus                     
00008afb  TimerIntUnregister                 
0000884b  TimerLoadGet                       
000088b9  TimerLoadGet64                     
000087f1  TimerLoadSet                       
0000888d  TimerLoadSet64                     
000089e1  TimerMatchGet                      
00008a4b  TimerMatchGet64                    
00008987  TimerMatchSet                      
00008a23  TimerMatchSet64                    
000086ef  TimerPrescaleGet                   
000087a5  TimerPrescaleMatchGet              
0000873b  TimerPrescaleMatchSet              
00008685  TimerPrescaleSet                   
000085f9  TimerRTCDisable                    
000085d5  TimerRTCEnable                     
00008be9  TimerSynchronize                   
00008c81  TimerUpdateMode                    
000088ff  TimerValueGet                      
00008941  TimerValueGet64                    
0000a237  UART9BitAddrSend                   
0000a203  UART9BitAddrSet                    
0000a1df  UART9BitDisable                    
0000a1bb  UART9BitEnable                     
00009f65  UARTBreakCtl                       
00009f9d  UARTBusy                           
00009edf  UARTCharGet                        
00009eb5  UARTCharGetNonBlocking             
00009f35  UARTCharPut                        
00009f03  UARTCharPutNonBlocking             
00009e5d  UARTCharsAvail                     
0000a19d  UARTClockSourceGet                 
0000a167  UARTClockSourceSet                 
00009ae5  UARTConfigGetExpClk                
00009a07  UARTConfigSetExpClk                
0000a103  UARTDMADisable                     
0000a0dd  UARTDMAEnable                      
00009b8d  UARTDisable                        
00009c49  UARTDisableSIR                     
0000971f  UARTEchoSet                        
00009b45  UARTEnable                         
00009c0d  UARTEnableSIR                      
00009be9  UARTFIFODisable                    
00009bc5  UARTFIFOEnable                     
000099cb  UARTFIFOLevelGet                   
00009959  UARTFIFOLevelSet                   
00009dd7  UARTFlowControlGet                 
00009d9b  UARTFlowControlSet                 
000096eb  UARTFlushRx                        
000096f9  UARTFlushTx                        
0000a0bd  UARTIntClear                       
0000a067  UARTIntDisable                     
0000a041  UARTIntEnable                      
00009fc9  UARTIntRegister                    
0000a08d  UARTIntStatus                      
0000a007  UARTIntUnregister                  
0000a28d  UARTLoopbackEnable                 
00009d15  UARTModemControlClear              
00009d59  UARTModemControlGet                
00009cd1  UARTModemControlSet                
00009d79  UARTModemStatusGet                 
0000993b  UARTParityModeGet                  
000098ef  UARTParityModeSet                  
000096d3  UARTRxBytesAvail                   
0000a149  UARTRxErrorClear                   
0000a129  UARTRxErrorGet                     
00009cad  UARTSmartCardDisable               
00009c6d  UARTSmartCardEnable                
00009e89  UARTSpaceAvail                     
00008d31  UARTStdioConfig                    
00009747  UARTStdioIntHandler                
000096df  UARTTxBytesFree                    
00009e39  UARTTxIntModeGet                   
00009df7  UARTTxIntModeSet                   
00009371  UARTgetc                           
00008f15  UARTgets                           
000096af  UARTprintf                         
0000939d  UARTvprintf                        
00008e4b  UARTwrite                          
20005f60  __STACK_END                        
00000800  __STACK_SIZE                       
20005f60  __STACK_TOP                        
0000fcc0  __TI_CINIT_Base                    
0000fcd8  __TI_CINIT_Limit                   
0000fca0  __TI_Handler_Table_Base            
0000fcac  __TI_Handler_Table_Limit           
0000ef09  __TI_auto_init_nobinit_nopinit     
0000ec4b  __TI_decompress_lzss               
0000f1db  __TI_decompress_none               
0000edcf  __TI_ltoa                          
ffffffff  __TI_pprof_out_hndl                
0000a2b5  __TI_printfi                       
ffffffff  __TI_prof_data_size                
ffffffff  __TI_prof_data_start               
00000000  __TI_static_base__                 
0000f1e9  __TI_zero_init                     
0000ea57  __aeabi_cdcmpeq                    
0000ea57  __aeabi_cdcmple                    
0000eadd  __aeabi_cdrcmple                   
0000eec1  __aeabi_d2iz                       
0000dae3  __aeabi_dadd                       
0000df21  __aeabi_ddiv                       
0000e5f1  __aeabi_dmul                       
0000dad9  __aeabi_dsub                       
0000f201  __aeabi_errno_addr                 
0000f07d  __aeabi_i2d                        
0000ad03  __aeabi_idiv0                      
0000ad03  __aeabi_ldiv0                      
0000eb63  __aeabi_memclr                     
0000eb63  __aeabi_memclr4                    
0000eb63  __aeabi_memclr8                    
0000e925  __aeabi_memcpy                     
0000e925  __aeabi_memcpy4                    
0000e925  __aeabi_memcpy8                    
0000eb65  __aeabi_memset                     
0000eb65  __aeabi_memset4                    
0000eb65  __aeabi_memset8                    
0000ef4d  __aeabi_uidiv                      
0000ef4d  __aeabi_uidivmod                   
0000e9c1  __aeabi_uldivmod                   
ffffffff  __binit__                          
ffffffff  __c_args__                         
0000ad05  __error__                          
UNDEFED   __mpu_init                         
20005760  __stack                            
20000000  __start___llvm_prf_cnts            
20000000  __stop___llvm_prf_cnts             
0000f049  _c_int00_noargs                    
0000f4f4  _ctypes_                           
UNDEFED   _system_post_cinit                 
0000f20f  _system_pre_init                   
0000f213  abort                              
0000ee75  atoi                               
ffffffff  binit                              
0000ad0f  botones_ISR                        
20005720  cola_adc                           
0000dc91  configADC_DisparaADC               
0000dd87  configADC_ISR                      
0000dc9d  configADC_IniciaADC                
0000dd73  configADC_LeeADC                   
0000d3e9  configServos                       
0000f141  copysign                           
0000f141  copysignl                          
000006ad  eTaskGetState                      
0000ad4b  encoder_ISR                        
200061bc  errno                              
0000ecb5  frexp                              
0000ecb5  frexpl                             
20005fc0  g_d21                              
200060b4  g_d41                              
20005758  g_event                            
20006190  g_n21                              
2000618c  g_n41                              
20000000  g_pfnRAMVectors                    
00000000  g_pfnVectors                       
20005f60  g_psCmdTable                       
20006188  g_status                           
20005724  g_ui32CPUUsage                     
20005728  g_ui32SystemClock                  
2000601c  g_v21                              
200060ec  g_v41                              
0000d573  girar_robot                        
0000d5b1  girar_robot_v                      
0000d63f  hacer_mov                          
0000c18d  initCommandLine                    
0000e4e1  ldexp                              
0000e4e1  ldexpl                             
0000b3e9  main                               
0000f125  memccpy                            
0000e925  memcpy                             
0000eb6b  memset                             
2000572c  move_set                           
0000d51f  mover_robot                        
0000d541  mover_robot_v                      
20005730  ordenes_set                        
00000d7f  pcTaskGetName                      
0000b945  pcTimerGetName                     
0000c929  pvPortMalloc                       
00001c3d  pvTaskIncrementMutexHeldCount      
0000be1f  pvTimerGetTimerID                  
2000612c  pxCurrentCoRoutine                 
20006078  pxCurrentTCB                       
0000d121  pxPortInitialiseStack              
20005734  q_encoders                         
20005738  q_steps                            
2000573c  s_control                          
20005740  s_der                              
20005744  s_izq                              
20005748  s_suelo                            
0000e4e1  scalbn                             
0000e4e1  scalbnl                            
2000574c  servos_ctl                         
20005750  servos_mode                        
20005754  servos_set                         
0000d4ff  setServosSpeed                     
0000d4a3  setSingleServoSpeed                
0000ef8d  sprintf                            
0000f18b  strchr                             
0000f173  strcmp                             
0000f1a1  strcpy                             
0000f1b5  strlen                             
0000f0d9  strncmp                            
00004701  ucQueueGetQueueType                
0000fb28  ulMaxSyscallInterruptPriority      
0000e6fd  ulPortGetIPSR                      
00001c59  ulTaskGenericNotifyTake            
00002273  ulTaskGenericNotifyValueClear      
0000e139  uxListRemove                       
000046e1  uxQueueGetQueueNumber              
0000464b  uxQueueMessagesWaiting             
000046a3  uxQueueMessagesWaitingFromISR      
00004675  uxQueueSpacesAvailable             
00000d79  uxTaskGetNumberOfTasks             
000016a5  uxTaskGetStackHighWaterMark        
00000dbd  uxTaskGetSystemState               
0000140b  uxTaskGetTaskNumber                
00000781  uxTaskPriorityGet                  
000007a9  uxTaskPriorityGetFromISR           
00001c1b  uxTaskResetEventItemValue          
0000b8ef  uxTimerGetReloadMode               
0000beeb  uxTimerGetTimerNumber              
0000fb30  uxTopUsedPriority                  
0000adb9  vApplicationIdleHook               
0000ad97  vApplicationMallocFailedHook       
0000ad8d  vApplicationStackOverflowHook      
0000ad99  vApplicationTickHook               
0000ce3f  vCoRoutineAddToDelayedList         
0000cfe1  vCoRoutineSchedule                 
0000ed19  vConfigureTimerForRunTimeStats     
0000e057  vListInitialise                    
0000e087  vListInitialiseItem                
0000e0d3  vListInsert                        
0000e097  vListInsertEnd                     
0000e7b9  vPortEnableVFP                     
0000d255  vPortEndScheduler                  
0000d273  vPortEnterCritical                 
0000d2af  vPortExitCritical                  
0000caa7  vPortFree                          
0000ccd1  vPortGetHeapStats                  
0000cb41  vPortInitialiseBlocks              
0000e775  vPortSVCHandler                    
0000d2fd  vPortSetupTimerInterrupt           
0000e795  vPortStartFirstTask                
0000d329  vPortValidateInterruptPriority     
000046c3  vQueueDelete                       
000046ef  vQueueSetQueueNumber               
00004bdb  vQueueWaitForMessageRestricted     
0000064d  vTaskDelay                         
00000499  vTaskDelete                        
00000c23  vTaskEndScheduler                  
0000210d  vTaskGenericNotifyGiveFromISR      
00001519  vTaskGetInfo                       
00001b43  vTaskGetRunTimeStats               
00001341  vTaskInternalSetTimeOutState       
00001a31  vTaskList                          
00001403  vTaskMissedYield                   
0000112f  vTaskPlaceOnEventList              
000011ab  vTaskPlaceOnEventListRestricted    
0000115d  vTaskPlaceOnUnorderedEventList     
000018e9  vTaskPriorityDisinheritAfterTimeout
000007ed  vTaskPrioritySet                   
00001289  vTaskRemoveFromUnorderedEventList  
00000a75  vTaskResume                        
0000142b  vTaskSetTaskNumber                 
00001315  vTaskSetTimeOutState               
00000bad  vTaskStartScheduler                
00000921  vTaskSuspend                       
00000c3f  vTaskSuspendAll                    
0000103d  vTaskSwitchContext                 
0000b8ab  vTimerSetReloadMode                
0000be47  vTimerSetTimerID                   
0000bef9  vTimerSetTimerNumber               
0000f1c9  wcslen                             
0000cd91  xCoRoutineCreate                   
0000d0bd  xCoRoutineRemoveFromEventList      
0000cb35  xPortGetFreeHeapSize               
0000cb3b  xPortGetMinimumEverFreeHeapSize    
0000e715  xPortPendSVHandler                 
0000d1a5  xPortStartScheduler                
0000d2d7  xPortSysTickHandler                
00004c4b  xQueueAddToSet                     
00004a3b  xQueueCRReceive                    
00004b59  xQueueCRReceiveFromISR             
00004993  xQueueCRSend                       
00004b09  xQueueCRSendFromISR                
00003bb9  xQueueCreateMutex                  
00004c37  xQueueCreateSet                    
00003aaf  xQueueGenericCreate                
00003a01  xQueueGenericReset                 
00003be5  xQueueGenericSend                  
00003ddb  xQueueGenericSendFromISR           
00003f19  xQueueGiveFromISR                  
00004913  xQueueIsQueueEmptyFromISR          
00004963  xQueueIsQueueFullFromISR           
00004359  xQueuePeek                         
000045a9  xQueuePeekFromISR                  
0000402d  xQueueReceive                      
000044c5  xQueueReceiveFromISR               
00004c7f  xQueueRemoveFromSet                
00004cc1  xQueueSelectFromSet                
00004cd9  xQueueSelectFromSetFromISR         
0000419b  xQueueSemaphoreTake                
00000ea5  xTaskCatchUpTicks                  
0000135b  xTaskCheckForTimeOut               
0000026d  xTaskCreate                        
0000055d  xTaskDelayUntil                    
00001e11  xTaskGenericNotify                 
00001f79  xTaskGenericNotifyFromISR          
00002215  xTaskGenericNotifyStateClear       
00001d1d  xTaskGenericNotifyWait             
00001711  xTaskGetCurrentTaskHandle          
00001735  xTaskGetSchedulerState             
00000d55  xTaskGetTickCount                  
00000d65  xTaskGetTickCountFromISR           
00000ee9  xTaskIncrementTick                 
00001833  xTaskPriorityDisinherit            
0000176d  xTaskPriorityInherit               
000011e9  xTaskRemoveFromEventList           
00000c55  xTaskResumeAll                     
00000b09  xTaskResumeFromISR                 
0000b75b  xTimerCreate                       
0000b721  xTimerCreateTimerTask              
0000b7f7  xTimerGenericCommand               
0000b925  xTimerGetExpiryTime                
0000b88f  xTimerGetPeriod                    
0000b871  xTimerGetTimerDaemonTaskHandle     
0000bde9  xTimerIsTimerActive                
0000bea5  xTimerPendFunctionCall             
0000be6f  xTimerPendFunctionCallFromISR      


GLOBAL SYMBOLS: SORTED BY Symbol Address 

address   name                               
-------   ----                               
00000000  __TI_static_base__                 
00000000  g_pfnVectors                       
0000026d  xTaskCreate                        
00000499  vTaskDelete                        
0000055d  xTaskDelayUntil                    
0000064d  vTaskDelay                         
000006ad  eTaskGetState                      
00000781  uxTaskPriorityGet                  
000007a9  uxTaskPriorityGetFromISR           
000007ed  vTaskPrioritySet                   
00000800  __STACK_SIZE                       
00000921  vTaskSuspend                       
00000a75  vTaskResume                        
00000b09  xTaskResumeFromISR                 
00000bad  vTaskStartScheduler                
00000c23  vTaskEndScheduler                  
00000c3f  vTaskSuspendAll                    
00000c55  xTaskResumeAll                     
00000d55  xTaskGetTickCount                  
00000d65  xTaskGetTickCountFromISR           
00000d79  uxTaskGetNumberOfTasks             
00000d7f  pcTaskGetName                      
00000dbd  uxTaskGetSystemState               
00000ea5  xTaskCatchUpTicks                  
00000ee9  xTaskIncrementTick                 
0000103d  vTaskSwitchContext                 
0000112f  vTaskPlaceOnEventList              
0000115d  vTaskPlaceOnUnorderedEventList     
000011ab  vTaskPlaceOnEventListRestricted    
000011e9  xTaskRemoveFromEventList           
00001289  vTaskRemoveFromUnorderedEventList  
00001315  vTaskSetTimeOutState               
00001341  vTaskInternalSetTimeOutState       
0000135b  xTaskCheckForTimeOut               
00001403  vTaskMissedYield                   
0000140b  uxTaskGetTaskNumber                
0000142b  vTaskSetTaskNumber                 
00001519  vTaskGetInfo                       
000016a5  uxTaskGetStackHighWaterMark        
00001711  xTaskGetCurrentTaskHandle          
00001735  xTaskGetSchedulerState             
0000176d  xTaskPriorityInherit               
00001833  xTaskPriorityDisinherit            
000018e9  vTaskPriorityDisinheritAfterTimeout
00001a31  vTaskList                          
00001b43  vTaskGetRunTimeStats               
00001c1b  uxTaskResetEventItemValue          
00001c3d  pvTaskIncrementMutexHeldCount      
00001c59  ulTaskGenericNotifyTake            
00001d1d  xTaskGenericNotifyWait             
00001e11  xTaskGenericNotify                 
00001f79  xTaskGenericNotifyFromISR          
0000210d  vTaskGenericNotifyGiveFromISR      
00002215  xTaskGenericNotifyStateClear       
00002273  ulTaskGenericNotifyValueClear      
0000270b  SysCtlSRAMSizeGet                  
00002715  SysCtlFlashSizeGet                 
00002741  SysCtlFlashSectorSizeGet           
000027ad  SysCtlPeripheralPresent            
00002839  SysCtlPeripheralReady              
000028bd  SysCtlPeripheralPowerOn            
00002941  SysCtlPeripheralPowerOff           
000029f1  SysCtlPeripheralReset              
00002a91  SysCtlPeripheralEnable             
00002afd  SysCtlPeripheralDisable            
00002b4b  SysCtlPeripheralSleepEnable        
00002b9d  SysCtlPeripheralSleepDisable       
00002bf1  SysCtlPeripheralDeepSleepEnable    
00002c3f  SysCtlPeripheralDeepSleepDisable   
00002c8d  SysCtlPeripheralClockGating        
00002ce1  SysCtlIntRegister                  
00002cf5  SysCtlIntUnregister                
00002d05  SysCtlIntEnable                    
00002d19  SysCtlIntDisable                   
00002d31  SysCtlIntClear                     
00002d41  SysCtlIntStatus                    
00002d5d  SysCtlLDOSleepSet                  
00002dab  SysCtlLDOSleepGet                  
00002db5  SysCtlLDODeepSleepSet              
00002e03  SysCtlLDODeepSleepGet              
00002e0d  SysCtlSleepPowerSet                
00002e1d  SysCtlDeepSleepPowerSet            
00002e2d  SysCtlReset                        
00002e35  SysCtlSleep                        
00002e3d  SysCtlDeepSleep                    
00002e59  SysCtlResetCauseGet                
00002e65  SysCtlResetCauseClear              
00002e79  SysCtlMOSCConfigSet                
00002e89  SysCtlPIOSCCalibrate               
00002ed9  SysCtlResetBehaviorSet             
00002ee9  SysCtlResetBehaviorGet             
00002f55  SysCtlClockFreqSet                 
0000325d  SysCtlClockSet                     
00003431  SysCtlClockGet                     
000035ed  SysCtlDeepSleepClockSet            
00003609  SysCtlDeepSleepClockConfigSet      
000036b5  SysCtlPWMClockSet                  
00003725  SysCtlPWMClockGet                  
00003759  SysCtlGPIOAHBEnable                
000037dd  SysCtlGPIOAHBDisable               
00003847  SysCtlUSBPLLEnable                 
00003853  SysCtlUSBPLLDisable                
0000385f  SysCtlVoltageEventConfig           
0000386f  SysCtlVoltageEventStatus           
00003875  SysCtlVoltageEventClear            
0000388d  SysCtlVCOGet                       
00003939  SysCtlNMIStatus                    
0000393f  SysCtlNMIClear                     
00003953  SysCtlClockOutConfig               
0000398b  SysCtlAltClkConfig                 
00003a01  xQueueGenericReset                 
00003aaf  xQueueGenericCreate                
00003bb9  xQueueCreateMutex                  
00003be5  xQueueGenericSend                  
00003ddb  xQueueGenericSendFromISR           
00003f19  xQueueGiveFromISR                  
0000402d  xQueueReceive                      
0000419b  xQueueSemaphoreTake                
00004359  xQueuePeek                         
000044c5  xQueueReceiveFromISR               
000045a9  xQueuePeekFromISR                  
0000464b  uxQueueMessagesWaiting             
00004675  uxQueueSpacesAvailable             
000046a3  uxQueueMessagesWaitingFromISR      
000046c3  vQueueDelete                       
000046e1  uxQueueGetQueueNumber              
000046ef  vQueueSetQueueNumber               
00004701  ucQueueGetQueueType                
00004913  xQueueIsQueueEmptyFromISR          
00004963  xQueueIsQueueFullFromISR           
00004993  xQueueCRSend                       
00004a3b  xQueueCRReceive                    
00004b09  xQueueCRSendFromISR                
00004b59  xQueueCRReceiveFromISR             
00004bdb  vQueueWaitForMessageRestricted     
00004c37  xQueueCreateSet                    
00004c4b  xQueueAddToSet                     
00004c7f  xQueueRemoveFromSet                
00004cc1  xQueueSelectFromSet                
00004cd9  xQueueSelectFromSetFromISR         
00004efd  GPIODirModeSet                     
00004f81  GPIODirModeGet                     
00005055  GPIOIntTypeSet                     
000051a5  GPIOIntTypeGet                     
00005249  GPIOPadConfigSet                   
00005541  GPIOPadConfigGet                   
000056d5  GPIOIntEnable                      
000056fd  GPIOIntDisable                     
00005725  GPIOIntStatus                      
00005755  GPIOIntClear                       
00005777  GPIOIntRegister                    
000057b5  GPIOIntUnregister                  
000057f5  GPIOIntRegisterPin                 
0000586d  GPIOIntUnregisterPin               
000058bf  GPIOPinRead                        
000058e5  GPIOPinWrite                       
00005913  GPIOPinTypeADC                     
00005949  GPIOPinTypeCAN                     
0000597f  GPIOPinTypeComparator              
000059b5  GPIOPinTypeComparatorOutput        
000059eb  GPIOPinTypeDIVSCLK                 
00005a21  GPIOPinTypeEPI                     
00005a57  GPIOPinTypeEthernetLED             
00005a8d  GPIOPinTypeEthernetMII             
00005ad1  GPIOPinTypeGPIOInput               
00005b07  GPIOPinTypeGPIOOutput              
00005b3d  GPIOPinTypeGPIOOutputOD            
00005b73  GPIOPinTypeHibernateRTCCLK         
00005ba9  GPIOPinTypeI2C                     
00005bdf  GPIOPinTypeI2CSCL                  
00005c15  GPIOPinTypeLCD                     
00005c4b  GPIOPinTypeOneWire                 
00005c81  GPIOPinTypePWM                     
00005cb7  GPIOPinTypeQEI                     
00005ced  GPIOPinTypeSSI                     
00005d23  GPIOPinTypeTimer                   
00005d59  GPIOPinTypeTrace                   
00005d8f  GPIOPinTypeUART                    
00005dc9  GPIOPinTypeUSBAnalog               
00005dff  GPIOPinTypeUSBDigital              
00005e35  GPIOPinTypeWakeHigh                
00005e6d  GPIOPinTypeWakeLow                 
00005ea5  GPIOPinWakeStatus                  
00005eb5  GPIOPinConfigure                   
00005f3b  GPIODMATriggerEnable               
00005f67  GPIODMATriggerDisable              
00005f93  GPIOADCTriggerEnable               
00005fbf  GPIOADCTriggerDisable              
00005feb  GPIOUnlockPin                      
0000608b  ADCIntRegister                     
000060e5  ADCIntUnregister                   
00006135  ADCIntDisable                      
00006173  ADCIntEnable                       
000061bf  ADCIntStatus                       
00006243  ADCIntClear                        
0000627f  ADCSequenceEnable                  
000062d1  ADCSequenceDisable                 
00006319  ADCSequenceConfigure               
0000647d  ADCSequenceStepConfigure           
000065d1  ADCSequenceOverflow                
00006615  ADCSequenceOverflowClear           
00006651  ADCSequenceUnderflow               
0000668f  ADCSequenceUnderflowClear          
000066cb  ADCSequenceDataGet                 
0000673d  ADCProcessorTrigger                
0000678b  ADCSoftwareOversampleConfigure     
0000682f  ADCSoftwareOversampleStepConfigure 
00006985  ADCSoftwareOversampleDataGet       
00006a8d  ADCHardwareOversampleConfigure     
00006b07  ADCComparatorConfigure             
00006b4d  ADCComparatorRegionSet             
00006bc5  ADCComparatorReset                 
00006c3d  ADCComparatorIntDisable            
00006c81  ADCComparatorIntEnable             
00006cc5  ADCComparatorIntStatus             
00006ce9  ADCComparatorIntClear              
00006d15  ADCIntDisableEx                    
00006d43  ADCIntEnableEx                     
00006d71  ADCIntStatusEx                     
00006db9  ADCIntClearEx                      
00006dcb  ADCReferenceSet                    
00006e15  ADCReferenceGet                    
00006e3d  ADCPhaseDelaySet                   
00006ed7  ADCPhaseDelayGet                   
00006efb  ADCSequenceDMAEnable               
00006f3d  ADCSequenceDMADisable              
00006f7f  ADCBusy                            
00006fb9  ADCClockConfigSet                  
00007015  ADCClockConfigGet                  
000070e5  PWMGenConfigure                    
00007153  PWMGenPeriodSet                    
000071d3  PWMGenPeriodGet                    
00007225  PWMGenEnable                       
00007267  PWMGenDisable                      
000072a9  PWMPulseWidthSet                   
00007333  PWMPulseWidthGet                   
000073cb  PWMDeadBandEnable                  
00007453  PWMDeadBandDisable                 
00007497  PWMSyncUpdate                      
000074d1  PWMSyncTimeBase                    
0000750b  PWMOutputState                     
00007565  PWMOutputInvert                    
000075bf  PWMOutputFaultLevel                
00007619  PWMOutputFault                     
00007781  PWMGenIntRegister                  
000077e3  PWMGenIntUnregister                
00007883  PWMFaultIntRegister                
000078c9  PWMFaultIntUnregister              
0000791d  PWMGenIntTrigEnable                
00007975  PWMGenIntTrigDisable               
000079d1  PWMGenIntStatus                    
00007a31  PWMGenIntClear                     
00007a83  PWMIntEnable                       
00007ac3  PWMIntDisable                      
00007b03  PWMFaultIntClear                   
00007b2b  PWMIntStatus                       
00007b61  PWMFaultIntClearExt                
00007ba1  PWMGenFaultConfigure               
00007c1f  PWMGenFaultTriggerSet              
00007cb9  PWMGenFaultTriggerGet              
00007d2d  PWMGenFaultStatus                  
00007d99  PWMGenFaultClear                   
00007e3f  PWMClockSet                        
00007eb9  PWMClockGet                        
00007ef3  PWMOutputUpdateMode                
000080af  TimerEnable                        
000080f9  TimerDisable                       
00008185  TimerConfigure                     
00008359  TimerControlLevel                  
000083d9  TimerControlTrigger                
0000847d  TimerControlEvent                  
000084d9  TimerControlStall                  
00008545  TimerControlWaitOnTrigger          
000085d5  TimerRTCEnable                     
000085f9  TimerRTCDisable                    
0000861d  TimerClockSourceSet                
00008659  TimerClockSourceGet                
00008685  TimerPrescaleSet                   
000086ef  TimerPrescaleGet                   
0000873b  TimerPrescaleMatchSet              
000087a5  TimerPrescaleMatchGet              
000087f1  TimerLoadSet                       
0000884b  TimerLoadGet                       
0000888d  TimerLoadSet64                     
000088b9  TimerLoadGet64                     
000088ff  TimerValueGet                      
00008941  TimerValueGet64                    
00008987  TimerMatchSet                      
000089e1  TimerMatchGet                      
00008a23  TimerMatchSet64                    
00008a4b  TimerMatchGet64                    
00008a91  TimerIntRegister                   
00008afb  TimerIntUnregister                 
00008b51  TimerIntEnable                     
00008b77  TimerIntDisable                    
00008b9d  TimerIntStatus                     
00008bc9  TimerIntClear                      
00008be9  TimerSynchronize                   
00008c09  TimerADCEventSet                   
00008c29  TimerADCEventGet                   
00008c45  TimerDMAEventSet                   
00008c65  TimerDMAEventGet                   
00008c81  TimerUpdateMode                    
00008d31  UARTStdioConfig                    
00008e4b  UARTwrite                          
00008f15  UARTgets                           
00009371  UARTgetc                           
0000939d  UARTvprintf                        
000096af  UARTprintf                         
000096d3  UARTRxBytesAvail                   
000096df  UARTTxBytesFree                    
000096eb  UARTFlushRx                        
000096f9  UARTFlushTx                        
0000971f  UARTEchoSet                        
00009747  UARTStdioIntHandler                
000098ef  UARTParityModeSet                  
0000993b  UARTParityModeGet                  
00009959  UARTFIFOLevelSet                   
000099cb  UARTFIFOLevelGet                   
00009a07  UARTConfigSetExpClk                
00009ae5  UARTConfigGetExpClk                
00009b45  UARTEnable                         
00009b8d  UARTDisable                        
00009bc5  UARTFIFOEnable                     
00009be9  UARTFIFODisable                    
00009c0d  UARTEnableSIR                      
00009c49  UARTDisableSIR                     
00009c6d  UARTSmartCardEnable                
00009cad  UARTSmartCardDisable               
00009cd1  UARTModemControlSet                
00009d15  UARTModemControlClear              
00009d59  UARTModemControlGet                
00009d79  UARTModemStatusGet                 
00009d9b  UARTFlowControlSet                 
00009dd7  UARTFlowControlGet                 
00009df7  UARTTxIntModeSet                   
00009e39  UARTTxIntModeGet                   
00009e5d  UARTCharsAvail                     
00009e89  UARTSpaceAvail                     
00009eb5  UARTCharGetNonBlocking             
00009edf  UARTCharGet                        
00009f03  UARTCharPutNonBlocking             
00009f35  UARTCharPut                        
00009f65  UARTBreakCtl                       
00009f9d  UARTBusy                           
00009fc9  UARTIntRegister                    
0000a007  UARTIntUnregister                  
0000a041  UARTIntEnable                      
0000a067  UARTIntDisable                     
0000a08d  UARTIntStatus                      
0000a0bd  UARTIntClear                       
0000a0dd  UARTDMAEnable                      
0000a103  UARTDMADisable                     
0000a129  UARTRxErrorGet                     
0000a149  UARTRxErrorClear                   
0000a167  UARTClockSourceSet                 
0000a19d  UARTClockSourceGet                 
0000a1bb  UART9BitEnable                     
0000a1df  UART9BitDisable                    
0000a203  UART9BitAddrSet                    
0000a237  UART9BitAddrSend                   
0000a28d  UARTLoopbackEnable                 
0000a2b5  __TI_printfi                       
0000ad03  __aeabi_idiv0                      
0000ad03  __aeabi_ldiv0                      
0000ad05  __error__                          
0000ad0f  botones_ISR                        
0000ad4b  encoder_ISR                        
0000ad8d  vApplicationStackOverflowHook      
0000ad97  vApplicationMallocFailedHook       
0000ad99  vApplicationTickHook               
0000adb9  vApplicationIdleHook               
0000b3e9  main                               
0000b721  xTimerCreateTimerTask              
0000b75b  xTimerCreate                       
0000b7f7  xTimerGenericCommand               
0000b871  xTimerGetTimerDaemonTaskHandle     
0000b88f  xTimerGetPeriod                    
0000b8ab  vTimerSetReloadMode                
0000b8ef  uxTimerGetReloadMode               
0000b925  xTimerGetExpiryTime                
0000b945  pcTimerGetName                     
0000bde9  xTimerIsTimerActive                
0000be1f  pvTimerGetTimerID                  
0000be47  vTimerSetTimerID                   
0000be6f  xTimerPendFunctionCallFromISR      
0000bea5  xTimerPendFunctionCall             
0000beeb  uxTimerGetTimerNumber              
0000bef9  vTimerSetTimerNumber               
0000c18d  initCommandLine                    
0000c49b  IntMasterEnable                    
0000c4ab  IntMasterDisable                   
0000c4bb  IntRegister                        
0000c531  IntUnregister                      
0000c551  IntPriorityGroupingSet             
0000c577  IntPriorityGroupingGet             
0000c5af  IntPrioritySet                     
0000c611  IntPriorityGet                     
0000c647  IntEnable                          
0000c6c5  IntDisable                         
0000c74d  IntIsEnabled                       
0000c801  IntPendSet                         
0000c871  IntPendClear                       
0000c8cb  IntPriorityMaskSet                 
0000c8d7  IntPriorityMaskGet                 
0000c8df  IntTrigger                         
0000c929  pvPortMalloc                       
0000caa7  vPortFree                          
0000cb35  xPortGetFreeHeapSize               
0000cb3b  xPortGetMinimumEverFreeHeapSize    
0000cb41  vPortInitialiseBlocks              
0000ccd1  vPortGetHeapStats                  
0000cd91  xCoRoutineCreate                   
0000ce3f  vCoRoutineAddToDelayedList         
0000cfe1  vCoRoutineSchedule                 
0000d0bd  xCoRoutineRemoveFromEventList      
0000d121  pxPortInitialiseStack              
0000d1a5  xPortStartScheduler                
0000d255  vPortEndScheduler                  
0000d273  vPortEnterCritical                 
0000d2af  vPortExitCritical                  
0000d2d7  xPortSysTickHandler                
0000d2fd  vPortSetupTimerInterrupt           
0000d329  vPortValidateInterruptPriority     
0000d3e9  configServos                       
0000d4a3  setSingleServoSpeed                
0000d4ff  setServosSpeed                     
0000d51f  mover_robot                        
0000d541  mover_robot_v                      
0000d573  girar_robot                        
0000d5b1  girar_robot_v                      
0000d63f  hacer_mov                          
0000dad9  __aeabi_dsub                       
0000dae3  __aeabi_dadd                       
0000dc91  configADC_DisparaADC               
0000dc9d  configADC_IniciaADC                
0000dd73  configADC_LeeADC                   
0000dd87  configADC_ISR                      
0000df21  __aeabi_ddiv                       
0000e057  vListInitialise                    
0000e087  vListInitialiseItem                
0000e097  vListInsertEnd                     
0000e0d3  vListInsert                        
0000e139  uxListRemove                       
0000e181  ButtonsPoll                        
0000e229  ButtonsInit                        
0000e3c9  CPUUsageTick                       
0000e405  CPUUsageInit                       
0000e4e1  ldexp                              
0000e4e1  ldexpl                             
0000e4e1  scalbn                             
0000e4e1  scalbnl                            
0000e5f1  __aeabi_dmul                       
0000e6fd  ulPortGetIPSR                      
0000e715  xPortPendSVHandler                 
0000e775  vPortSVCHandler                    
0000e795  vPortStartFirstTask                
0000e7b9  vPortEnableVFP                     
0000e87d  CmdLineProcess                     
0000e925  __aeabi_memcpy                     
0000e925  __aeabi_memcpy4                    
0000e925  __aeabi_memcpy8                    
0000e925  memcpy                             
0000e9c1  __aeabi_uldivmod                   
0000ea57  __aeabi_cdcmpeq                    
0000ea57  __aeabi_cdcmple                    
0000eadd  __aeabi_cdrcmple                   
0000eb63  __aeabi_memclr                     
0000eb63  __aeabi_memclr4                    
0000eb63  __aeabi_memclr8                    
0000eb65  __aeabi_memset                     
0000eb65  __aeabi_memset4                    
0000eb65  __aeabi_memset8                    
0000eb6b  memset                             
0000ec4b  __TI_decompress_lzss               
0000ecb5  frexp                              
0000ecb5  frexpl                             
0000ed19  vConfigureTimerForRunTimeStats     
0000edcf  __TI_ltoa                          
0000ee75  atoi                               
0000eec1  __aeabi_d2iz                       
0000ef09  __TI_auto_init_nobinit_nopinit     
0000ef4d  __aeabi_uidiv                      
0000ef4d  __aeabi_uidivmod                   
0000ef8d  sprintf                            
0000f00b  CPUcpsid                           
0000f017  CPUprimask                         
0000f021  CPUcpsie                           
0000f02d  CPUwfi                             
0000f031  CPUbasepriSet                      
0000f03f  CPUbasepriGet                      
0000f049  _c_int00_noargs                    
0000f07d  __aeabi_i2d                        
0000f0ad  ResetISR                           
0000f0d9  strncmp                            
0000f105  GetOverflowCounts                  
0000f125  memccpy                            
0000f141  copysign                           
0000f141  copysignl                          
0000f173  strcmp                             
0000f18b  strchr                             
0000f1a1  strcpy                             
0000f1b5  strlen                             
0000f1c9  wcslen                             
0000f1db  __TI_decompress_none               
0000f1e9  __TI_zero_init                     
0000f201  __aeabi_errno_addr                 
0000f209  SysCtlDelay                        
0000f20f  _system_pre_init                   
0000f213  C$$EXIT                            
0000f213  abort                              
0000f4f4  _ctypes_                           
0000fb28  ulMaxSyscallInterruptPriority      
0000fb30  uxTopUsedPriority                  
0000fca0  __TI_Handler_Table_Base            
0000fcac  __TI_Handler_Table_Limit           
0000fcc0  __TI_CINIT_Base                    
0000fcd8  __TI_CINIT_Limit                   
20000000  __start___llvm_prf_cnts            
20000000  __stop___llvm_prf_cnts             
20000000  g_pfnRAMVectors                    
20005720  cola_adc                           
20005724  g_ui32CPUUsage                     
20005728  g_ui32SystemClock                  
2000572c  move_set                           
20005730  ordenes_set                        
20005734  q_encoders                         
20005738  q_steps                            
2000573c  s_control                          
20005740  s_der                              
20005744  s_izq                              
20005748  s_suelo                            
2000574c  servos_ctl                         
20005750  servos_mode                        
20005754  servos_set                         
20005758  g_event                            
20005760  __stack                            
20005f60  __STACK_END                        
20005f60  __STACK_TOP                        
20005f60  g_psCmdTable                       
20005fc0  g_d21                              
2000601c  g_v21                              
20006078  pxCurrentTCB                       
200060b4  g_d41                              
200060ec  g_v41                              
2000612c  pxCurrentCoRoutine                 
20006188  g_status                           
2000618c  g_n41                              
20006190  g_n21                              
200061bc  errno                              
ffffffff  __TI_pprof_out_hndl                
ffffffff  __TI_prof_data_size                
ffffffff  __TI_prof_data_start               
ffffffff  __binit__                          
ffffffff  __c_args__                         
ffffffff  binit                              
UNDEFED   __mpu_init                         
UNDEFED   _system_post_cinit                 

[558 symbols]
