******************************************************************************
                  TI ARM Linker PC v20.2.2                     
******************************************************************************
>> Linked Mon Nov  1 20:48:38 2021

OUTPUT FILE NAME:   <ejercicio-FreeRTOS.out>
ENTRY POINT SYMBOL: "_c_int00_noargs"  address: 0000a6d9


MEMORY CONFIGURATION

         name            origin    length      used     unused   attr    fill
----------------------  --------  ---------  --------  --------  ----  --------
  FLASH                 00000000   00040000  0000b286  00034d7a  R  X
  SRAM                  20000000   00008000  00005fdc  00002024  RW X


SEGMENT ALLOCATION MAP

run origin  load origin   length   init length attrs members
----------  ----------- ---------- ----------- ----- -------
00000000    00000000    0000b288   0000b288    r-x
  00000000    00000000    0000026c   0000026c    r-- .intvecs
  0000026c    0000026c    0000a63a   0000a63a    r-x .text
  0000a8a8    0000a8a8    00000920   00000920    r-- .const
  0000b1c8    0000b1c8    000000c0   000000c0    r-- .cinit
20000000    20000000    00005fe0   00000000    rw-
  20000000    20000000    0000026c   00000000    rw- .vtable
  2000026c    2000026c    00005460   00000000    rw- .bss
  200056d0    200056d0    00000800   00000000    rw- .stack
  20005ed0    20005ed0    00000110   00000000    rw- .data


SECTION ALLOCATION MAP

 output                                  attributes/
section   page    origin      length       input sections
--------  ----  ----------  ----------   ----------------
.intvecs   0    00000000    0000026c     
                  00000000    0000026c     startup_ccs.obj (.intvecs)

.text      0    0000026c    0000a63a     
                  0000026c    000018c4     tasks.obj (.text)
                  00001b30    0000101c     sysctl.obj (.text)
                  00002b4c    00000e10     gpio.obj (.text)
                  0000395c    00000c50     pwm.obj (.text)
                  000045ac    00000c2c     queue.obj (.text)
                  000051d8    00000a4e     rtsv7M4_T_le_v4SPD16_eabi.lib : _printfi.c.obj (.text:__TI_printfi)
                  00005c26    00000002                                   : div0.asm.obj (.text)
                  00005c28    00000a38     timer.obj (.text)
                  00006660    000008e8     uartstdio.obj (.text)
                  00006f48    00000840     uart.obj (.text)
                  00007788    00000620     timers.obj (.text)
                  00007da8    00000518     commands.obj (.text)
                  000082c0    000003a8     interrupt.obj (.text)
                  00008668    00000300     ejercicio-freeRTOS.obj (.text)
                  00008968    000002d4     heap_4.obj (.text)
                  00008c3c    00000270     rtsv7M4_T_le_v4SPD16_eabi.lib : _printfi.c.obj (.text:_pconv_a)
                  00008eac    00000234     port.obj (.text)
                  000090e0    000001d0     rtsv7M4_T_le_v4SPD16_eabi.lib : _printfi.c.obj (.text:_pconv_g)
                  000092b0    000001b6                                   : fd_add_t2.asm.obj (.text)
                  00009466    00000002     --HOLE-- [fill = 0]
                  00009468    0000013c                                   : _printfi.c.obj (.text:_pconv_e)
                  000095a4    00000138     servos.obj (.text)
                  000096dc    00000136     rtsv7M4_T_le_v4SPD16_eabi.lib : fd_div_t2.asm.obj (.text)
                  00009812    00000002     --HOLE-- [fill = 0]
                  00009814    00000124                                   : _printfi.c.obj (.text:fcvt)
                  00009938    00000110                                   : s_scalbn.c.obj (.text:scalbn)
                  00009a48    000000fc                                   : fd_mul_t2.asm.obj (.text)
                  00009b44    000000f8     buttons.obj (.text)
                  00009c3c    000000f8     cpu_usage.obj (.text)
                  00009d34    000000da     portasm.obj (.text)
                  00009e0e    00000002     --HOLE-- [fill = 0]
                  00009e10    000000b1     rtsv7M4_T_le_v4SPD16_eabi.lib : _printfi.c.obj (.text:_ltostr)
                  00009ec1    00000001     --HOLE-- [fill = 0]
                  00009ec2    0000009c                                   : memcpy_t2.asm.obj (.text)
                  00009f5e    00000096                                   : ull_div_t2.asm.obj (.text)
                  00009ff4    00000094     list.obj (.text)
                  0000a088    00000086     rtsv7M4_T_le_v4SPD16_eabi.lib : fd_cmp_t2.asm.obj (.text:__aeabi_cdcmple)
                  0000a10e    00000086                                   : fd_cmp_t2.asm.obj (.text:__aeabi_cdrcmple)
                  0000a194    0000007a                                   : memset_t2.asm.obj (.text)
                  0000a20e    0000006e                                   : _printfi.c.obj (.text:_mcpy)
                  0000a27c    00000068                                   : copy_decompress_lzss.c.obj (.text:decompress:lzss:__TI_decompress_lzss)
                  0000a2e4    00000064     RunTimeStatsConfig.obj (.text)
                  0000a348    00000064     cmdline.obj (.text)
                  0000a3ac    00000064     rtsv7M4_T_le_v4SPD16_eabi.lib : s_frexp.c.obj (.text:frexp)
                  0000a410    00000056                                   : _printfi.c.obj (.text:_pconv_f)
                  0000a466    00000054                                   : _ltoa.c.obj (.text:__TI_ltoa)
                  0000a4ba    00000052                                   : _printfi.c.obj (.text:_ecpy)
                  0000a50c    0000004c                                   : atoi.c.obj (.text:atoi)
                  0000a558    00000048                                   : fd_toi_t2.asm.obj (.text)
                  0000a5a0    00000044                                   : autoinit.c.obj (.text:__TI_auto_init_nobinit_nopinit:__TI_auto_init_nobinit_nopinit)
                  0000a5e4    00000040                                   : u_divt2.asm.obj (.text)
                  0000a624    00000040                                   : sprintf.c.obj (.text:sprintf)
                  0000a664    0000003e                                   : _printfi.c.obj (.text:_fcpy)
                  0000a6a2    00000036     cpu.obj (.text)
                  0000a6d8    00000034     rtsv7M4_T_le_v4SPD16_eabi.lib : boot_cortex_m.c.obj (.text:_c_int00_noargs:_c_int00_noargs)
                  0000a70c    0000002e                                   : i_tofd_t2.asm.obj (.text)
                  0000a73a    0000002c                                   : strncmp.c.obj (.text:strncmp)
                  0000a766    00000002     --HOLE-- [fill = 0]
                  0000a768    00000028     startup_ccs.obj (.text)
                  0000a790    00000024     RunTimeStatsConfig.obj (.text:GetOverflowCounts)
                  0000a7b4    0000001c     rtsv7M4_T_le_v4SPD16_eabi.lib : memccpy.c.obj (.text:memccpy)
                  0000a7d0    0000001a                                   : s_copysign.c.obj (.text:copysign)
                  0000a7ea    00000018                                   : sprintf.c.obj (.text:_outs)
                  0000a802    00000018                                   : strcmp.c.obj (.text:strcmp)
                  0000a81a    00000016                                   : strchr.c.obj (.text:strchr)
                  0000a830    00000014                                   : strcpy.c.obj (.text:strcpy)
                  0000a844    00000014                                   : strlen.c.obj (.text:strlen)
                  0000a858    00000012                                   : wcslen.c.obj (.text:wcslen)
                  0000a86a    0000000e                                   : copy_decompress_none.c.obj (.text:decompress:none:__TI_decompress_none)
                  0000a878    0000000c                                   : copy_zero_init.c.obj (.text:decompress:ZI:__TI_zero_init)
                  0000a884    0000000a                                   : sprintf.c.obj (.text:_outc)
                  0000a88e    00000002     --HOLE-- [fill = 0]
                  0000a890    00000008                                   : errno.c.obj (.text:__aeabi_errno_addr)
                  0000a898    00000006     sysctl.obj (.text:SysCtlDelay)
                  0000a89e    00000004     rtsv7M4_T_le_v4SPD16_eabi.lib : pre_init.c.obj (.text:_system_pre_init)
                  0000a8a2    00000004                                   : exit.c.obj (.text:abort:abort)

.const     0    0000a8a8    00000920     
                  0000a8a8    000001b0     sysctl.obj (.const:g_pppui32XTALtoVCO)
                  0000aa58    0000012c     commands.obj (.const:.string)
                  0000ab84    00000101     rtsv7M4_T_le_v4SPD16_eabi.lib : ctype.c.obj (.const:.string:_ctypes_)
                  0000ac85    00000003     --HOLE-- [fill = 0]
                  0000ac88    000000d8     gpio.obj (.const:g_ppui32GPIOIntMapSnowflake)
                  0000ad60    000000c0     gpio.obj (.const:g_ppui32GPIOIntMapBlizzard)
                  0000ae20    0000009c     interrupt.obj (.const:g_pui32Regs)
                  0000aebc    00000090     gpio.obj (.const:g_pui32GPIOBaseAddrs)
                  0000af4c    0000006c     sysctl.obj (.const:g_pui32Xtals)
                  0000afb8    00000060     timer.obj (.const:g_ppui32TimerIntMap)
                  0000b018    00000040     timer.obj (.const:g_ppui32TimerIntMapSnowflake)
                  0000b058    00000040     uart.obj (.const:g_ppui32UARTIntMap)
                  0000b098    00000040     uart.obj (.const:g_ppui32UARTIntMapSnowflake)
                  0000b0d8    00000030     sysctl.obj (.const:g_sXTALtoMEMTIM)
                  0000b108    00000020     interrupt.obj (.const:g_pui32Priority)
                  0000b128    00000014     interrupt.obj (.const:g_pui32Dii16Regs)
                  0000b13c    00000014     interrupt.obj (.const:g_pui32EnRegs)
                  0000b150    00000014     interrupt.obj (.const:g_pui32PendRegs)
                  0000b164    00000014     interrupt.obj (.const:g_pui32UnpendRegs)
                  0000b178    00000012     uartstdio.obj (.const:.string)
                  0000b18a    00000002     --HOLE-- [fill = 0]
                  0000b18c    0000000c     uartstdio.obj (.const:g_ui32UARTBase)
                  0000b198    0000000c     uartstdio.obj (.const:g_ui32UARTInt)
                  0000b1a4    0000000c     uartstdio.obj (.const:g_ui32UARTPeriph)
                  0000b1b0    00000008     sysctl.obj (.const:g_pui32VCOFrequencies)
                  0000b1b8    00000008     port.obj (.const)
                  0000b1c0    00000004     tasks.obj (.const)
                  0000b1c4    00000004     uartstdio.obj (.const)

.cinit     0    0000b1c8    000000c0     
                  0000b1c8    0000008c     (.cinit..data.load) [load image, compression = lzss]
                  0000b254    0000000c     (__TI_handler_table)
                  0000b260    00000008     (.cinit..bss.load) [load image, compression = zero_init]
                  0000b268    00000008     (.cinit..vtable.load) [load image, compression = zero_init]
                  0000b270    00000018     (__TI_cinit_table)

.init_array 
*          0    00000000    00000000     UNINITIALIZED

.vtable    0    20000000    0000026c     UNINITIALIZED
                  20000000    0000026c     interrupt.obj (.vtable)

.bss       0    2000026c    00005460     UNINITIALIZED
                  2000026c    00005000     heap_4.obj (.bss:ucHeap)
                  2000526c    00000200     uartstdio.obj (.bss:g_pcUARTRxHistoryBuffer)
                  2000546c    00000140     tasks.obj (.bss:pxReadyTasksLists)
                  200055ac    00000024     cmdline.obj (.bss:g_ppcArgv)
                  200055d0    00000020     uartstdio.obj (.bss:g_usUARTRxHistoryOffset)
                  200055f0    00000014     uartstdio.obj (.bss)
                  20005604    00000014     timers.obj (.bss:xActiveTimerList1)
                  20005618    00000014     timers.obj (.bss:xActiveTimerList2)
                  2000562c    00000014     tasks.obj (.bss:xDelayedTaskList1)
                  20005640    00000014     tasks.obj (.bss:xDelayedTaskList2)
                  20005654    00000014     tasks.obj (.bss:xPendingReadyList)
                  20005668    00000014     tasks.obj (.bss:xSuspendedTaskList)
                  2000567c    00000014     tasks.obj (.bss:xTasksWaitingTermination)
                  20005690    0000000c     cpu_usage.obj (.bss)
                  2000569c    00000008     tasks.obj (.bss)
                  200056a4    00000008     timers.obj (.bss)
                  200056ac    00000008     heap_4.obj (.bss:xStart)
                  200056b4    00000004     (.common:g_servo_mode)
                  200056b8    00000004     (.common:g_ui32CPUUsage)
                  200056bc    00000004     (.common:g_ui32SystemClock)
                  200056c0    00000004     (.common:servos_ctl)
                  200056c4    00000004     (.common:servos_mode)
                  200056c8    00000004     (.common:servos_set)

.data      0    20005ed0    00000110     UNINITIALIZED
                  20005ed0    00000060     commands.obj (.data:g_psCmdTable)
                  20005f30    0000003c     tasks.obj (.data)
                  20005f6c    00000018     cpu_usage.obj (.data:g_pui32CPUUsageTimerBase)
                  20005f84    00000018     cpu_usage.obj (.data:g_pui32CPUUsageTimerPeriph)
                  20005f9c    00000018     heap_4.obj (.data)
                  20005fb4    0000000c     port.obj (.data)
                  20005fc0    0000000c     timers.obj (.data)
                  20005fcc    0000000c     uartstdio.obj (.data)
                  20005fd8    00000004     rtsv7M4_T_le_v4SPD16_eabi.lib : errno.c.obj (.data)
                  20005fdc    00000003     buttons.obj (.data)
                  20005fdf    00000001     ejercicio-freeRTOS.obj (.data)

.stack     0    200056d0    00000800     UNINITIALIZED
                  200056d0    00000004     rtsv7M4_T_le_v4SPD16_eabi.lib : boot_cortex_m.c.obj (.stack)
                  200056d4    000007fc     --HOLE--

__llvm_prf_cnts 
*          0    20000000    00000000     UNINITIALIZED

MODULE SUMMARY

       Module                       code    ro data   rw data
       ------                       ----    -------   -------
    .\
       commands.obj                 1304    300       96     
       ejercicio-freeRTOS.obj       768     0         25     
       startup_ccs.obj              40      620       0      
    +--+----------------------------+-------+---------+---------+
       Total:                       2112    920       121    
                                                             
    .\FreeRTOS\Source\
       tasks.obj                    6340    4         488    
       queue.obj                    3116    0         0      
       timers.obj                   1568    0         60     
       list.obj                     148     0         0      
    +--+----------------------------+-------+---------+---------+
       Total:                       11172   4         548    
                                                             
    .\FreeRTOS\Source\portable\CCS\ARM_CM4F\
       port.obj                     564     8         12     
       portasm.obj                  218     0         0      
    +--+----------------------------+-------+---------+---------+
       Total:                       782     8         12     
                                                             
    .\FreeRTOS\Source\portable\MemMang\
       heap_4.obj                   724     0         20512  
    +--+----------------------------+-------+---------+---------+
       Total:                       724     0         20512  
                                                             
    .\driverlib\
       sysctl.obj                   4130    596       0      
       gpio.obj                     3600    552       0      
       pwm.obj                      3152    0         0      
       timer.obj                    2616    160       0      
       uart.obj                     2112    128       0      
       interrupt.obj                936     268       620    
       cpu.obj                      54      0         0      
    +--+----------------------------+-------+---------+---------+
       Total:                       16600   1704      620    
                                                             
    .\drivers\
       servos.obj                   312     0         0      
       buttons.obj                  248     0         3      
    +--+----------------------------+-------+---------+---------+
       Total:                       560     0         3      
                                                             
    .\utils\
       uartstdio.obj                2280    58        576    
       cpu_usage.obj                248     0         60     
       RunTimeStatsConfig.obj       136     0         0      
       cmdline.obj                  100     0         36     
    +--+----------------------------+-------+---------+---------+
       Total:                       2764    58        672    
                                                             
    C:\ti\ccs1020\ccs\tools\compiler\ti-cgt-arm_20.2.2.LTS\lib\rtsv7M4_T_le_v4SPD16_eabi.lib
       _printfi.c.obj               4851    0         0      
       fd_add_t2.asm.obj            438     0         0      
       fd_div_t2.asm.obj            310     0         0      
       s_scalbn.c.obj               272     0         0      
       fd_cmp_t2.asm.obj            268     0         0      
       ctype.c.obj                  0       257       0      
       fd_mul_t2.asm.obj            252     0         0      
       memcpy_t2.asm.obj            156     0         0      
       ull_div_t2.asm.obj           150     0         0      
       memset_t2.asm.obj            122     0         0      
       copy_decompress_lzss.c.obj   104     0         0      
       s_frexp.c.obj                100     0         0      
       sprintf.c.obj                98      0         0      
       _ltoa.c.obj                  84      0         0      
       atoi.c.obj                   76      0         0      
       fd_toi_t2.asm.obj            72      0         0      
       autoinit.c.obj               68      0         0      
       u_divt2.asm.obj              64      0         0      
       boot_cortex_m.c.obj          52      0         0      
       i_tofd_t2.asm.obj            46      0         0      
       strncmp.c.obj                44      0         0      
       memccpy.c.obj                28      0         0      
       s_copysign.c.obj             26      0         0      
       strcmp.c.obj                 24      0         0      
       strchr.c.obj                 22      0         0      
       strcpy.c.obj                 20      0         0      
       strlen.c.obj                 20      0         0      
       wcslen.c.obj                 18      0         0      
       copy_decompress_none.c.obj   14      0         0      
       copy_zero_init.c.obj         12      0         0      
       errno.c.obj                  8       0         4      
       exit.c.obj                   4       0         0      
       pre_init.c.obj               4       0         0      
       div0.asm.obj                 2       0         0      
    +--+----------------------------+-------+---------+---------+
       Total:                       7829    257       4      
                                                             
       Stack:                       0       0         2048   
       Linker Generated:            0       192       0      
    +--+----------------------------+-------+---------+---------+
       Grand Total:                 42543   3143      24540  


LINKER GENERATED COPY TABLES

__TI_cinit_table @ 0000b270 records: 3, size/record: 8, table size: 24
	.data: load addr=0000b1c8, load size=0000008c bytes, run addr=20005ed0, run size=00000110 bytes, compression=lzss
	.bss: load addr=0000b260, load size=00000008 bytes, run addr=2000026c, run size=00005460 bytes, compression=zero_init
	.vtable: load addr=0000b268, load size=00000008 bytes, run addr=20000000, run size=0000026c bytes, compression=zero_init


LINKER GENERATED HANDLER TABLE

__TI_handler_table @ 0000b254 records: 3, size/record: 4, table size: 12
	index: 0, handler: __TI_zero_init
	index: 1, handler: __TI_decompress_lzss
	index: 2, handler: __TI_decompress_none


GLOBAL SYMBOLS: SORTED ALPHABETICALLY BY Name 

address   name                               
-------   ----                               
00009bc5  ButtonsInit                        
00009b45  ButtonsPoll                        
0000a8a3  C$$EXIT                            
00009c71  CPUUsageInit                       
00009c3d  CPUUsageTick                       
0000a6cf  CPUbasepriGet                      
0000a6c9  CPUbasepriSet                      
0000a6bd  CPUcpsid                           
0000a6b1  CPUcpsie                           
0000a6a7  CPUprimask                         
0000a6a3  CPUwfi                             
0000a349  CmdLineProcess                     
00003935  GPIOADCTriggerDisable              
00003913  GPIOADCTriggerEnable               
000038f1  GPIODMATriggerDisable              
000038cf  GPIODMATriggerEnable               
00003879  GPIODirModeGet                     
00002c45  GPIODirModeSet                     
00003855  GPIOIntClear                       
00003827  GPIOIntDisable                     
00003805  GPIOIntEnable                      
000037c9  GPIOIntRegister                    
00003769  GPIOIntRegisterPin                 
00003745  GPIOIntStatus                      
000036d5  GPIOIntTypeGet                     
00003605  GPIOIntTypeSet                     
000035cd  GPIOIntUnregister                  
00003589  GPIOIntUnregisterPin               
0000344b  GPIOPadConfigGet                   
00002cd5  GPIOPadConfigSet                   
000033e5  GPIOPinConfigure                   
000033c9  GPIOPinRead                        
0000339b  GPIOPinTypeADC                     
0000336d  GPIOPinTypeCAN                     
0000333f  GPIOPinTypeComparator              
00003311  GPIOPinTypeComparatorOutput        
000032e3  GPIOPinTypeDIVSCLK                 
000032b5  GPIOPinTypeEPI                     
00003287  GPIOPinTypeEthernetLED             
00003259  GPIOPinTypeEthernetMII             
00003227  GPIOPinTypeGPIOInput               
000031f9  GPIOPinTypeGPIOOutput              
000031cb  GPIOPinTypeGPIOOutputOD            
0000319d  GPIOPinTypeHibernateRTCCLK         
0000316f  GPIOPinTypeI2C                     
00003141  GPIOPinTypeI2CSCL                  
00003113  GPIOPinTypeLCD                     
000030e5  GPIOPinTypeOneWire                 
000030b7  GPIOPinTypePWM                     
00003089  GPIOPinTypeQEI                     
0000304f  GPIOPinTypeSSI                     
00003021  GPIOPinTypeTimer                   
00002ff3  GPIOPinTypeTrace                   
00002fc5  GPIOPinTypeUART                    
00002f97  GPIOPinTypeUSBAnalog               
00002f69  GPIOPinTypeUSBDigital              
00002f39  GPIOPinTypeWakeHigh                
00002ef1  GPIOPinTypeWakeLow                 
00002c3f  GPIOPinWakeStatus                  
00002c21  GPIOPinWrite                       
00002bf9  GPIOUnlockPin                      
0000a791  GetOverflowCounts                  
000085d1  IntDisable                         
00008537  IntEnable                          
000084cf  IntIsEnabled                       
000084bf  IntMasterDisable                   
000084af  IntMasterEnable                    
00008461  IntPendClear                       
00008405  IntPendSet                         
000083d7  IntPriorityGet                     
000083b5  IntPriorityGroupingGet             
00008391  IntPriorityGroupingSet             
0000a6cf  IntPriorityMaskGet                 
0000a6c9  IntPriorityMaskSet                 
0000834f  IntPrioritySet                     
000082fd  IntRegister                        
000082df  IntTrigger                         
000082c3  IntUnregister                      
0000455b  PWMClockGet                        
000044fd  PWMClockSet                        
000044c1  PWMDeadBandDisable                 
00004457  PWMDeadBandEnable                  
00004435  PWMFaultIntClear                   
00004403  PWMFaultIntClearExt                
000043c1  PWMFaultIntRegister                
00004383  PWMFaultIntUnregister              
000042e7  PWMGenConfigure                    
000042ad  PWMGenDisable                      
00004273  PWMGenEnable                       
000041ed  PWMGenFaultClear                   
0000417d  PWMGenFaultConfigure               
00004125  PWMGenFaultStatus                  
000040d5  PWMGenFaultTriggerGet              
00004051  PWMGenFaultTriggerSet              
00003ffb  PWMGenIntClear                     
00003f93  PWMGenIntRegister                  
00003f55  PWMGenIntStatus                    
00003f09  PWMGenIntTrigDisable               
00003ebd  PWMGenIntTrigEnable                
00003e69  PWMGenIntUnregister                
00003d61  PWMGenPeriodGet                    
00003cf9  PWMGenPeriodSet                    
00003ca9  PWMIntDisable                      
00003c51  PWMIntEnable                       
00003c2b  PWMIntStatus                       
00003be7  PWMOutputFault                     
00003ba3  PWMOutputFaultLevel                
00003b5f  PWMOutputInvert                    
00003b1b  PWMOutputState                     
00003aa1  PWMOutputUpdateMode                
00003a53  PWMPulseWidthGet                   
000039ef  PWMPulseWidthSet                   
0000398f  PWMSyncTimeBase                    
0000395d  PWMSyncUpdate                      
0000a769  ResetISR                           
00002af5  SysCtlAltClkConfig                 
000028f5  SysCtlClockFreqSet                 
00002711  SysCtlClockGet                     
000026b5  SysCtlClockOutConfig               
000025d1  SysCtlClockSet                     
000025ab  SysCtlDeepSleep                    
00002547  SysCtlDeepSleepClockConfigSet      
0000253f  SysCtlDeepSleepClockSet            
00002539  SysCtlDeepSleepPowerSet            
0000a899  SysCtlDelay                        
0000250d  SysCtlFlashSectorSizeGet           
000024d1  SysCtlFlashSizeGet                 
00002475  SysCtlGPIOAHBDisable               
00002417  SysCtlGPIOAHBEnable                
0000240f  SysCtlIntClear                     
00002401  SysCtlIntDisable                   
000023f1  SysCtlIntEnable                    
000023df  SysCtlIntRegister                  
000023cf  SysCtlIntStatus                    
000023bf  SysCtlIntUnregister                
000023b7  SysCtlLDODeepSleepGet              
00002369  SysCtlLDODeepSleepSet              
0000235b  SysCtlLDOSleepGet                  
0000230d  SysCtlLDOSleepSet                  
00002301  SysCtlMOSCConfigSet                
000022f3  SysCtlNMIClear                     
000022eb  SysCtlNMIStatus                    
000022ad  SysCtlPIOSCCalibrate               
0000227d  SysCtlPWMClockGet                  
00002225  SysCtlPWMClockSet                  
000021df  SysCtlPeripheralClockGating        
0000219d  SysCtlPeripheralDeepSleepDisable   
0000213d  SysCtlPeripheralDeepSleepEnable    
000020f1  SysCtlPeripheralDisable            
000020a1  SysCtlPeripheralEnable             
00002055  SysCtlPeripheralPowerOff           
00002005  SysCtlPeripheralPowerOn            
00001fb7  SysCtlPeripheralPresent            
00001f71  SysCtlPeripheralReady              
00001ec1  SysCtlPeripheralReset              
00001e6d  SysCtlPeripheralSleepDisable       
00001e25  SysCtlPeripheralSleepEnable        
00001c03  SysCtlReset                        
00001bfb  SysCtlResetBehaviorGet             
00001bf3  SysCtlResetBehaviorSet             
00001be5  SysCtlResetCauseClear              
00001bdd  SysCtlResetCauseGet                
00001bcf  SysCtlSRAMSizeGet                  
0000a6a3  SysCtlSleep                        
00001bc7  SysCtlSleepPowerSet                
00001bb9  SysCtlUSBPLLDisable                
00001bab  SysCtlUSBPLLEnable                 
00001b49  SysCtlVCOGet                       
00001b3f  SysCtlVoltageEventClear            
00001b37  SysCtlVoltageEventConfig           
00001b31  SysCtlVoltageEventStatus           
00006635  TimerADCEventGet                   
0000661b  TimerADCEventSet                   
00006601  TimerClockSourceGet                
000065cd  TimerClockSourceSet                
00006459  TimerConfigure                     
00006409  TimerControlEvent                  
000063bd  TimerControlLevel                  
00006371  TimerControlStall                  
000062ed  TimerControlTrigger                
00006277  TimerControlWaitOnTrigger          
0000625f  TimerDMAEventGet                   
00006245  TimerDMAEventSet                   
00006203  TimerDisable                       
000061c5  TimerEnable                        
000061ab  TimerIntClear                      
0000618d  TimerIntDisable                    
0000616f  TimerIntEnable                     
00006113  TimerIntRegister                   
000060f3  TimerIntStatus                     
000060a9  TimerIntUnregister                 
00006031  TimerLoadGet                       
00006009  TimerLoadGet64                     
00005fc1  TimerLoadSet                       
00005fa3  TimerLoadSet64                     
00005f55  TimerMatchGet                      
00005f09  TimerMatchGet64                    
00005ead  TimerMatchSet                      
00005e8f  TimerMatchSet64                    
00005e4f  TimerPrescaleGet                   
00005e0f  TimerPrescaleMatchGet              
00005db9  TimerPrescaleMatchSet              
00005d63  TimerPrescaleSet                   
00005d45  TimerRTCDisable                    
00005d27  TimerRTCEnable                     
00005d0d  TimerSynchronize                   
00005ce5  TimerUpdateMode                    
00005cad  TimerValueGet                      
00005c85  TimerValueGet64                    
00007743  UART9BitAddrSend                   
00007721  UART9BitAddrSet                    
000076ff  UART9BitDisable                    
000076dd  UART9BitEnable                     
000076b3  UARTBreakCtl                       
00007697  UARTBusy                           
00007679  UARTCharGet                        
00007655  UARTCharGetNonBlocking             
00007635  UARTCharPut                        
0000760f  UARTCharPutNonBlocking             
000075ed  UARTCharsAvail                     
000075d3  UARTClockSourceGet                 
000075a5  UARTClockSourceSet                 
00007561  UARTConfigGetExpClk                
000074e1  UARTConfigSetExpClk                
000074c3  UARTDMADisable                     
000074a5  UARTDMAEnable                      
00007479  UARTDisable                        
00007445  UARTDisableSIR                     
00006efd  UARTEchoSet                        
0000741d  UARTEnable                         
000073ef  UARTEnableSIR                      
000073d1  UARTFIFODisable                    
000073b3  UARTFIFOEnable                     
0000738b  UARTFIFOLevelGet                   
00007333  UARTFIFOLevelSet                   
00007317  UARTFlowControlGet                 
000072e3  UARTFlowControlSet                 
00006dad  UARTFlushRx                        
00006dbd  UARTFlushTx                        
000072c9  UARTIntClear                       
000072ab  UARTIntDisable                     
0000728d  UARTIntEnable                      
0000723d  UARTIntRegister                    
000071fb  UARTIntStatus                      
000071c3  UARTIntUnregister                  
0000716f  UARTLoopbackEnable                 
00007135  UARTModemControlClear              
00007119  UARTModemControlGet                
000070e5  UARTModemControlSet                
000070c7  UARTModemStatusGet                 
000070ad  UARTParityModeGet                  
00007071  UARTParityModeSet                  
00006eed  UARTRxBytesAvail                   
00007057  UARTRxErrorClear                   
0000703b  UARTRxErrorGet                     
0000701d  UARTSmartCardDisable               
00006ff3  UARTSmartCardEnable                
00006fd1  UARTSpaceAvail                     
00006de5  UARTStdioConfig                    
00006cd9  UARTStdioIntHandler                
00006cbb  UARTTxBytesFree                    
00006fb5  UARTTxIntModeGet                   
00006f81  UARTTxIntModeSet                   
00006ca5  UARTgetc                           
00006989  UARTgets                           
00006955  UARTprintf                         
00006747  UARTvprintf                        
000066b3  UARTwrite                          
20005ed0  __STACK_END                        
00000800  __STACK_SIZE                       
20005ed0  __STACK_TOP                        
0000b270  __TI_CINIT_Base                    
0000b288  __TI_CINIT_Limit                   
0000b254  __TI_Handler_Table_Base            
0000b260  __TI_Handler_Table_Limit           
0000a5a1  __TI_auto_init_nobinit_nopinit     
0000a27d  __TI_decompress_lzss               
0000a86b  __TI_decompress_none               
0000a467  __TI_ltoa                          
ffffffff  __TI_pprof_out_hndl                
000051d9  __TI_printfi                       
ffffffff  __TI_prof_data_size                
ffffffff  __TI_prof_data_start               
00000000  __TI_static_base__                 
0000a879  __TI_zero_init                     
0000a089  __aeabi_cdcmpeq                    
0000a089  __aeabi_cdcmple                    
0000a10f  __aeabi_cdrcmple                   
0000a559  __aeabi_d2iz                       
000092bb  __aeabi_dadd                       
000096dd  __aeabi_ddiv                       
00009a49  __aeabi_dmul                       
000092b1  __aeabi_dsub                       
0000a891  __aeabi_errno_addr                 
0000a70d  __aeabi_i2d                        
00005c27  __aeabi_idiv0                      
00005c27  __aeabi_ldiv0                      
0000a195  __aeabi_memclr                     
0000a195  __aeabi_memclr4                    
0000a195  __aeabi_memclr8                    
00009ec3  __aeabi_memcpy                     
00009ec3  __aeabi_memcpy4                    
00009ec3  __aeabi_memcpy8                    
0000a197  __aeabi_memset                     
0000a197  __aeabi_memset4                    
0000a197  __aeabi_memset8                    
0000a5e5  __aeabi_uidiv                      
0000a5e5  __aeabi_uidivmod                   
00009f5f  __aeabi_uldivmod                   
ffffffff  __binit__                          
ffffffff  __c_args__                         
00008795  __error__                          
UNDEFED   __mpu_init                         
200056d0  __stack                            
20000000  __start___llvm_prf_cnts            
20000000  __stop___llvm_prf_cnts             
0000a6d9  _c_int00_noargs                    
0000ab84  _ctypes_                           
UNDEFED   _system_post_cinit                 
0000a89f  _system_pre_init                   
0000a8a3  abort                              
0000a50d  atoi                               
ffffffff  binit                              
00008757  botones_ISR                        
00009609  configServos                       
0000a7d1  copysign                           
0000a7d1  copysignl                          
00001399  eTaskGetState                      
20005fd8  errno                              
0000a3ad  frexp                              
0000a3ad  frexpl                             
20000000  g_pfnRAMVectors                    
00000000  g_pfnVectors                       
20005ed0  g_psCmdTable                       
200056b4  g_servo_mode                       
200056b8  g_ui32CPUUsage                     
200056bc  g_ui32SystemClock                  
00007e19  initCommandLine                    
00009939  ldexp                              
00009939  ldexpl                             
0000868b  main                               
0000a7b5  memccpy                            
00009ec3  memcpy                             
0000a19d  memset                             
00001aed  pcTaskGetName                      
00007d7f  pcTimerGetName                     
00008ae5  pvPortMalloc                       
00001a59  pvTaskIncrementMutexHeldCount      
00007a23  pvTimerGetTimerID                  
20005f30  pxCurrentTCB                       
0000905d  pxPortInitialiseStack              
00009939  scalbn                             
00009939  scalbnl                            
200056c0  servos_ctl                         
200056c4  servos_mode                        
200056c8  servos_set                         
000095e5  setServosSpeed                     
000095a5  setSingleServoSpeed                
0000a625  sprintf                            
0000a81b  strchr                             
0000a803  strcmp                             
0000a831  strcpy                             
0000a845  strlen                             
0000a73b  strncmp                            
000051cf  ucQueueGetQueueType                
0000b1b8  ulMaxSyscallInterruptPriority      
00009d45  ulPortGetIPSR                      
000019d1  ulTaskGenericNotifyTake            
0000198b  ulTaskGenericNotifyValueClear      
0000a063  uxListRemove                       
000051cb  uxQueueGetQueueNumber              
000051ad  uxQueueMessagesWaiting             
00005195  uxQueueMessagesWaitingFromISR      
00005173  uxQueueSpacesAvailable             
00001985  uxTaskGetNumberOfTasks             
00001969  uxTaskGetStackHighWaterMark        
0000150b  uxTaskGetSystemState               
0000195f  uxTaskGetTaskNumber                
00001947  uxTaskPriorityGet                  
0000191f  uxTaskPriorityGetFromISR           
0000190b  uxTaskResetEventItemValue          
000079ff  uxTimerGetReloadMode               
000079fb  uxTimerGetTimerNumber              
0000b1c0  uxTopUsedPriority                  
0000a6a3  vApplicationIdleHook               
00008689  vApplicationMallocFailedHook       
00008687  vApplicationStackOverflowHook      
00008669  vApplicationTickHook               
0000a2e5  vConfigureTimerForRunTimeStats     
0000a045  vListInitialise                    
0000a03f  vListInitialiseItem                
0000a00d  vListInsert                        
00009ff5  vListInsertEnd                     
00009e01  vPortEnableVFP                     
00009047  vPortEndScheduler                  
00009017  vPortEnterCritical                 
00008ff5  vPortExitCritical                  
00008a2d  vPortFree                          
00008977  vPortGetHeapStats                  
00008975  vPortInitialiseBlocks              
00009dbd  vPortSVCHandler                    
00008ef7  vPortSetupTimerInterrupt           
00009ddd  vPortStartFirstTask                
00008fb3  vPortValidateInterruptPriority     
0000515b  vQueueDelete                       
00005157  vQueueSetQueueNumber               
0000510f  vQueueWaitForMessageRestricted     
000018cd  vTaskDelay                         
00001825  vTaskDelete                        
000017f7  vTaskEndScheduler                  
00001735  vTaskGenericNotifyGiveFromISR      
0000142d  vTaskGetInfo                       
00001695  vTaskGetRunTimeStats               
00000d77  vTaskInternalSetTimeOutState       
000015c9  vTaskList                          
0000138d  vTaskMissedYield                   
00001365  vTaskPlaceOnEventList              
00001335  vTaskPlaceOnEventListRestricted    
000012e5  vTaskPlaceOnUnorderedEventList     
0000123d  vTaskPriorityDisinheritAfterTimeout
00001175  vTaskPrioritySet                   
00001101  vTaskRemoveFromUnorderedEventList  
00001075  vTaskResume                        
00001065  vTaskSetTaskNumber                 
0000103f  vTaskSetTimeOutState               
00000fdd  vTaskStartScheduler                
00000f05  vTaskSuspend                       
00000ad9  vTaskSuspendAll                    
00000e2f  vTaskSwitchContext                 
000079c3  vTimerSetReloadMode                
000079a5  vTimerSetTimerID                   
000079a1  vTimerSetTimerNumber               
0000a859  wcslen                             
0000896f  xPortGetFreeHeapSize               
00008969  xPortGetMinimumEverFreeHeapSize    
00009d5d  xPortPendSVHandler                 
00008f21  xPortStartScheduler                
00008ead  xPortSysTickHandler                
000050e9  xQueueAddToSet                     
000050d3  xQueueCreateMutex                  
000050b7  xQueueCreateSet                    
00005053  xQueueGenericCreate                
00004fb3  xQueueGenericReset                 
00004e4d  xQueueGenericSend                  
00004d55  xQueueGenericSendFromISR           
00004ca5  xQueueGiveFromISR                  
00004c89  xQueueIsQueueEmptyFromISR          
00004c69  xQueueIsQueueFullFromISR           
00004b47  xQueuePeek                         
00004ae3  xQueuePeekFromISR                  
0000497f  xQueueReceive                      
000048b9  xQueueReceiveFromISR               
00004abd  xQueueRemoveFromSet                
00004aab  xQueueSelectFromSet                
0000496f  xQueueSelectFromSetFromISR         
00004733  xQueueSemaphoreTake                
00000e09  xTaskCatchUpTicks                  
00000d95  xTaskCheckForTimeOut               
00000d15  xTaskCreate                        
00000ae3  xTaskDelayUntil                    
000009c9  xTaskGenericNotify                 
00000869  xTaskGenericNotifyFromISR          
00000829  xTaskGenericNotifyStateClear       
00000775  xTaskGenericNotifyWait             
000006f7  xTaskGetCurrentTaskHandle          
000006df  xTaskGetSchedulerState             
000006d9  xTaskGetTickCount                  
000006cd  xTaskGetTickCountFromISR           
0000033d  xTaskIncrementTick                 
00000645  xTaskPriorityDisinherit            
00000591  xTaskPriorityInherit               
000004fb  xTaskRemoveFromEventList           
00000435  xTaskResumeAll                     
00000299  xTaskResumeFromISR                 
0000796d  xTimerCreate                       
000078f1  xTimerCreateTimerTask              
00007849  xTimerGenericCommand               
00007835  xTimerGetExpiryTime                
00007821  xTimerGetPeriod                    
0000780b  xTimerGetTimerDaemonTaskHandle     
000077e7  xTimerIsTimerActive                
000077ab  xTimerPendFunctionCall             
00007789  xTimerPendFunctionCallFromISR      


GLOBAL SYMBOLS: SORTED BY Symbol Address 

address   name                               
-------   ----                               
00000000  __TI_static_base__                 
00000000  g_pfnVectors                       
00000299  xTaskResumeFromISR                 
0000033d  xTaskIncrementTick                 
00000435  xTaskResumeAll                     
000004fb  xTaskRemoveFromEventList           
00000591  xTaskPriorityInherit               
00000645  xTaskPriorityDisinherit            
000006cd  xTaskGetTickCountFromISR           
000006d9  xTaskGetTickCount                  
000006df  xTaskGetSchedulerState             
000006f7  xTaskGetCurrentTaskHandle          
00000775  xTaskGenericNotifyWait             
00000800  __STACK_SIZE                       
00000829  xTaskGenericNotifyStateClear       
00000869  xTaskGenericNotifyFromISR          
000009c9  xTaskGenericNotify                 
00000ad9  vTaskSuspendAll                    
00000ae3  xTaskDelayUntil                    
00000d15  xTaskCreate                        
00000d77  vTaskInternalSetTimeOutState       
00000d95  xTaskCheckForTimeOut               
00000e09  xTaskCatchUpTicks                  
00000e2f  vTaskSwitchContext                 
00000f05  vTaskSuspend                       
00000fdd  vTaskStartScheduler                
0000103f  vTaskSetTimeOutState               
00001065  vTaskSetTaskNumber                 
00001075  vTaskResume                        
00001101  vTaskRemoveFromUnorderedEventList  
00001175  vTaskPrioritySet                   
0000123d  vTaskPriorityDisinheritAfterTimeout
000012e5  vTaskPlaceOnUnorderedEventList     
00001335  vTaskPlaceOnEventListRestricted    
00001365  vTaskPlaceOnEventList              
0000138d  vTaskMissedYield                   
00001399  eTaskGetState                      
0000142d  vTaskGetInfo                       
0000150b  uxTaskGetSystemState               
000015c9  vTaskList                          
00001695  vTaskGetRunTimeStats               
00001735  vTaskGenericNotifyGiveFromISR      
000017f7  vTaskEndScheduler                  
00001825  vTaskDelete                        
000018cd  vTaskDelay                         
0000190b  uxTaskResetEventItemValue          
0000191f  uxTaskPriorityGetFromISR           
00001947  uxTaskPriorityGet                  
0000195f  uxTaskGetTaskNumber                
00001969  uxTaskGetStackHighWaterMark        
00001985  uxTaskGetNumberOfTasks             
0000198b  ulTaskGenericNotifyValueClear      
000019d1  ulTaskGenericNotifyTake            
00001a59  pvTaskIncrementMutexHeldCount      
00001aed  pcTaskGetName                      
00001b31  SysCtlVoltageEventStatus           
00001b37  SysCtlVoltageEventConfig           
00001b3f  SysCtlVoltageEventClear            
00001b49  SysCtlVCOGet                       
00001bab  SysCtlUSBPLLEnable                 
00001bb9  SysCtlUSBPLLDisable                
00001bc7  SysCtlSleepPowerSet                
00001bcf  SysCtlSRAMSizeGet                  
00001bdd  SysCtlResetCauseGet                
00001be5  SysCtlResetCauseClear              
00001bf3  SysCtlResetBehaviorSet             
00001bfb  SysCtlResetBehaviorGet             
00001c03  SysCtlReset                        
00001e25  SysCtlPeripheralSleepEnable        
00001e6d  SysCtlPeripheralSleepDisable       
00001ec1  SysCtlPeripheralReset              
00001f71  SysCtlPeripheralReady              
00001fb7  SysCtlPeripheralPresent            
00002005  SysCtlPeripheralPowerOn            
00002055  SysCtlPeripheralPowerOff           
000020a1  SysCtlPeripheralEnable             
000020f1  SysCtlPeripheralDisable            
0000213d  SysCtlPeripheralDeepSleepEnable    
0000219d  SysCtlPeripheralDeepSleepDisable   
000021df  SysCtlPeripheralClockGating        
00002225  SysCtlPWMClockSet                  
0000227d  SysCtlPWMClockGet                  
000022ad  SysCtlPIOSCCalibrate               
000022eb  SysCtlNMIStatus                    
000022f3  SysCtlNMIClear                     
00002301  SysCtlMOSCConfigSet                
0000230d  SysCtlLDOSleepSet                  
0000235b  SysCtlLDOSleepGet                  
00002369  SysCtlLDODeepSleepSet              
000023b7  SysCtlLDODeepSleepGet              
000023bf  SysCtlIntUnregister                
000023cf  SysCtlIntStatus                    
000023df  SysCtlIntRegister                  
000023f1  SysCtlIntEnable                    
00002401  SysCtlIntDisable                   
0000240f  SysCtlIntClear                     
00002417  SysCtlGPIOAHBEnable                
00002475  SysCtlGPIOAHBDisable               
000024d1  SysCtlFlashSizeGet                 
0000250d  SysCtlFlashSectorSizeGet           
00002539  SysCtlDeepSleepPowerSet            
0000253f  SysCtlDeepSleepClockSet            
00002547  SysCtlDeepSleepClockConfigSet      
000025ab  SysCtlDeepSleep                    
000025d1  SysCtlClockSet                     
000026b5  SysCtlClockOutConfig               
00002711  SysCtlClockGet                     
000028f5  SysCtlClockFreqSet                 
00002af5  SysCtlAltClkConfig                 
00002bf9  GPIOUnlockPin                      
00002c21  GPIOPinWrite                       
00002c3f  GPIOPinWakeStatus                  
00002c45  GPIODirModeSet                     
00002cd5  GPIOPadConfigSet                   
00002ef1  GPIOPinTypeWakeLow                 
00002f39  GPIOPinTypeWakeHigh                
00002f69  GPIOPinTypeUSBDigital              
00002f97  GPIOPinTypeUSBAnalog               
00002fc5  GPIOPinTypeUART                    
00002ff3  GPIOPinTypeTrace                   
00003021  GPIOPinTypeTimer                   
0000304f  GPIOPinTypeSSI                     
00003089  GPIOPinTypeQEI                     
000030b7  GPIOPinTypePWM                     
000030e5  GPIOPinTypeOneWire                 
00003113  GPIOPinTypeLCD                     
00003141  GPIOPinTypeI2CSCL                  
0000316f  GPIOPinTypeI2C                     
0000319d  GPIOPinTypeHibernateRTCCLK         
000031cb  GPIOPinTypeGPIOOutputOD            
000031f9  GPIOPinTypeGPIOOutput              
00003227  GPIOPinTypeGPIOInput               
00003259  GPIOPinTypeEthernetMII             
00003287  GPIOPinTypeEthernetLED             
000032b5  GPIOPinTypeEPI                     
000032e3  GPIOPinTypeDIVSCLK                 
00003311  GPIOPinTypeComparatorOutput        
0000333f  GPIOPinTypeComparator              
0000336d  GPIOPinTypeCAN                     
0000339b  GPIOPinTypeADC                     
000033c9  GPIOPinRead                        
000033e5  GPIOPinConfigure                   
0000344b  GPIOPadConfigGet                   
00003589  GPIOIntUnregisterPin               
000035cd  GPIOIntUnregister                  
00003605  GPIOIntTypeSet                     
000036d5  GPIOIntTypeGet                     
00003745  GPIOIntStatus                      
00003769  GPIOIntRegisterPin                 
000037c9  GPIOIntRegister                    
00003805  GPIOIntEnable                      
00003827  GPIOIntDisable                     
00003855  GPIOIntClear                       
00003879  GPIODirModeGet                     
000038cf  GPIODMATriggerEnable               
000038f1  GPIODMATriggerDisable              
00003913  GPIOADCTriggerEnable               
00003935  GPIOADCTriggerDisable              
0000395d  PWMSyncUpdate                      
0000398f  PWMSyncTimeBase                    
000039ef  PWMPulseWidthSet                   
00003a53  PWMPulseWidthGet                   
00003aa1  PWMOutputUpdateMode                
00003b1b  PWMOutputState                     
00003b5f  PWMOutputInvert                    
00003ba3  PWMOutputFaultLevel                
00003be7  PWMOutputFault                     
00003c2b  PWMIntStatus                       
00003c51  PWMIntEnable                       
00003ca9  PWMIntDisable                      
00003cf9  PWMGenPeriodSet                    
00003d61  PWMGenPeriodGet                    
00003e69  PWMGenIntUnregister                
00003ebd  PWMGenIntTrigEnable                
00003f09  PWMGenIntTrigDisable               
00003f55  PWMGenIntStatus                    
00003f93  PWMGenIntRegister                  
00003ffb  PWMGenIntClear                     
00004051  PWMGenFaultTriggerSet              
000040d5  PWMGenFaultTriggerGet              
00004125  PWMGenFaultStatus                  
0000417d  PWMGenFaultConfigure               
000041ed  PWMGenFaultClear                   
00004273  PWMGenEnable                       
000042ad  PWMGenDisable                      
000042e7  PWMGenConfigure                    
00004383  PWMFaultIntUnregister              
000043c1  PWMFaultIntRegister                
00004403  PWMFaultIntClearExt                
00004435  PWMFaultIntClear                   
00004457  PWMDeadBandEnable                  
000044c1  PWMDeadBandDisable                 
000044fd  PWMClockSet                        
0000455b  PWMClockGet                        
00004733  xQueueSemaphoreTake                
000048b9  xQueueReceiveFromISR               
0000496f  xQueueSelectFromSetFromISR         
0000497f  xQueueReceive                      
00004aab  xQueueSelectFromSet                
00004abd  xQueueRemoveFromSet                
00004ae3  xQueuePeekFromISR                  
00004b47  xQueuePeek                         
00004c69  xQueueIsQueueFullFromISR           
00004c89  xQueueIsQueueEmptyFromISR          
00004ca5  xQueueGiveFromISR                  
00004d55  xQueueGenericSendFromISR           
00004e4d  xQueueGenericSend                  
00004fb3  xQueueGenericReset                 
00005053  xQueueGenericCreate                
000050b7  xQueueCreateSet                    
000050d3  xQueueCreateMutex                  
000050e9  xQueueAddToSet                     
0000510f  vQueueWaitForMessageRestricted     
00005157  vQueueSetQueueNumber               
0000515b  vQueueDelete                       
00005173  uxQueueSpacesAvailable             
00005195  uxQueueMessagesWaitingFromISR      
000051ad  uxQueueMessagesWaiting             
000051cb  uxQueueGetQueueNumber              
000051cf  ucQueueGetQueueType                
000051d9  __TI_printfi                       
00005c27  __aeabi_idiv0                      
00005c27  __aeabi_ldiv0                      
00005c85  TimerValueGet64                    
00005cad  TimerValueGet                      
00005ce5  TimerUpdateMode                    
00005d0d  TimerSynchronize                   
00005d27  TimerRTCEnable                     
00005d45  TimerRTCDisable                    
00005d63  TimerPrescaleSet                   
00005db9  TimerPrescaleMatchSet              
00005e0f  TimerPrescaleMatchGet              
00005e4f  TimerPrescaleGet                   
00005e8f  TimerMatchSet64                    
00005ead  TimerMatchSet                      
00005f09  TimerMatchGet64                    
00005f55  TimerMatchGet                      
00005fa3  TimerLoadSet64                     
00005fc1  TimerLoadSet                       
00006009  TimerLoadGet64                     
00006031  TimerLoadGet                       
000060a9  TimerIntUnregister                 
000060f3  TimerIntStatus                     
00006113  TimerIntRegister                   
0000616f  TimerIntEnable                     
0000618d  TimerIntDisable                    
000061ab  TimerIntClear                      
000061c5  TimerEnable                        
00006203  TimerDisable                       
00006245  TimerDMAEventSet                   
0000625f  TimerDMAEventGet                   
00006277  TimerControlWaitOnTrigger          
000062ed  TimerControlTrigger                
00006371  TimerControlStall                  
000063bd  TimerControlLevel                  
00006409  TimerControlEvent                  
00006459  TimerConfigure                     
000065cd  TimerClockSourceSet                
00006601  TimerClockSourceGet                
0000661b  TimerADCEventSet                   
00006635  TimerADCEventGet                   
000066b3  UARTwrite                          
00006747  UARTvprintf                        
00006955  UARTprintf                         
00006989  UARTgets                           
00006ca5  UARTgetc                           
00006cbb  UARTTxBytesFree                    
00006cd9  UARTStdioIntHandler                
00006dad  UARTFlushRx                        
00006dbd  UARTFlushTx                        
00006de5  UARTStdioConfig                    
00006eed  UARTRxBytesAvail                   
00006efd  UARTEchoSet                        
00006f81  UARTTxIntModeSet                   
00006fb5  UARTTxIntModeGet                   
00006fd1  UARTSpaceAvail                     
00006ff3  UARTSmartCardEnable                
0000701d  UARTSmartCardDisable               
0000703b  UARTRxErrorGet                     
00007057  UARTRxErrorClear                   
00007071  UARTParityModeSet                  
000070ad  UARTParityModeGet                  
000070c7  UARTModemStatusGet                 
000070e5  UARTModemControlSet                
00007119  UARTModemControlGet                
00007135  UARTModemControlClear              
0000716f  UARTLoopbackEnable                 
000071c3  UARTIntUnregister                  
000071fb  UARTIntStatus                      
0000723d  UARTIntRegister                    
0000728d  UARTIntEnable                      
000072ab  UARTIntDisable                     
000072c9  UARTIntClear                       
000072e3  UARTFlowControlSet                 
00007317  UARTFlowControlGet                 
00007333  UARTFIFOLevelSet                   
0000738b  UARTFIFOLevelGet                   
000073b3  UARTFIFOEnable                     
000073d1  UARTFIFODisable                    
000073ef  UARTEnableSIR                      
0000741d  UARTEnable                         
00007445  UARTDisableSIR                     
00007479  UARTDisable                        
000074a5  UARTDMAEnable                      
000074c3  UARTDMADisable                     
000074e1  UARTConfigSetExpClk                
00007561  UARTConfigGetExpClk                
000075a5  UARTClockSourceSet                 
000075d3  UARTClockSourceGet                 
000075ed  UARTCharsAvail                     
0000760f  UARTCharPutNonBlocking             
00007635  UARTCharPut                        
00007655  UARTCharGetNonBlocking             
00007679  UARTCharGet                        
00007697  UARTBusy                           
000076b3  UARTBreakCtl                       
000076dd  UART9BitEnable                     
000076ff  UART9BitDisable                    
00007721  UART9BitAddrSet                    
00007743  UART9BitAddrSend                   
00007789  xTimerPendFunctionCallFromISR      
000077ab  xTimerPendFunctionCall             
000077e7  xTimerIsTimerActive                
0000780b  xTimerGetTimerDaemonTaskHandle     
00007821  xTimerGetPeriod                    
00007835  xTimerGetExpiryTime                
00007849  xTimerGenericCommand               
000078f1  xTimerCreateTimerTask              
0000796d  xTimerCreate                       
000079a1  vTimerSetTimerNumber               
000079a5  vTimerSetTimerID                   
000079c3  vTimerSetReloadMode                
000079fb  uxTimerGetTimerNumber              
000079ff  uxTimerGetReloadMode               
00007a23  pvTimerGetTimerID                  
00007d7f  pcTimerGetName                     
00007e19  initCommandLine                    
000082c3  IntUnregister                      
000082df  IntTrigger                         
000082fd  IntRegister                        
0000834f  IntPrioritySet                     
00008391  IntPriorityGroupingSet             
000083b5  IntPriorityGroupingGet             
000083d7  IntPriorityGet                     
00008405  IntPendSet                         
00008461  IntPendClear                       
000084af  IntMasterEnable                    
000084bf  IntMasterDisable                   
000084cf  IntIsEnabled                       
00008537  IntEnable                          
000085d1  IntDisable                         
00008669  vApplicationTickHook               
00008687  vApplicationStackOverflowHook      
00008689  vApplicationMallocFailedHook       
0000868b  main                               
00008757  botones_ISR                        
00008795  __error__                          
00008969  xPortGetMinimumEverFreeHeapSize    
0000896f  xPortGetFreeHeapSize               
00008975  vPortInitialiseBlocks              
00008977  vPortGetHeapStats                  
00008a2d  vPortFree                          
00008ae5  pvPortMalloc                       
00008ead  xPortSysTickHandler                
00008ef7  vPortSetupTimerInterrupt           
00008f21  xPortStartScheduler                
00008fb3  vPortValidateInterruptPriority     
00008ff5  vPortExitCritical                  
00009017  vPortEnterCritical                 
00009047  vPortEndScheduler                  
0000905d  pxPortInitialiseStack              
000092b1  __aeabi_dsub                       
000092bb  __aeabi_dadd                       
000095a5  setSingleServoSpeed                
000095e5  setServosSpeed                     
00009609  configServos                       
000096dd  __aeabi_ddiv                       
00009939  ldexp                              
00009939  ldexpl                             
00009939  scalbn                             
00009939  scalbnl                            
00009a49  __aeabi_dmul                       
00009b45  ButtonsPoll                        
00009bc5  ButtonsInit                        
00009c3d  CPUUsageTick                       
00009c71  CPUUsageInit                       
00009d45  ulPortGetIPSR                      
00009d5d  xPortPendSVHandler                 
00009dbd  vPortSVCHandler                    
00009ddd  vPortStartFirstTask                
00009e01  vPortEnableVFP                     
00009ec3  __aeabi_memcpy                     
00009ec3  __aeabi_memcpy4                    
00009ec3  __aeabi_memcpy8                    
00009ec3  memcpy                             
00009f5f  __aeabi_uldivmod                   
00009ff5  vListInsertEnd                     
0000a00d  vListInsert                        
0000a03f  vListInitialiseItem                
0000a045  vListInitialise                    
0000a063  uxListRemove                       
0000a089  __aeabi_cdcmpeq                    
0000a089  __aeabi_cdcmple                    
0000a10f  __aeabi_cdrcmple                   
0000a195  __aeabi_memclr                     
0000a195  __aeabi_memclr4                    
0000a195  __aeabi_memclr8                    
0000a197  __aeabi_memset                     
0000a197  __aeabi_memset4                    
0000a197  __aeabi_memset8                    
0000a19d  memset                             
0000a27d  __TI_decompress_lzss               
0000a2e5  vConfigureTimerForRunTimeStats     
0000a349  CmdLineProcess                     
0000a3ad  frexp                              
0000a3ad  frexpl                             
0000a467  __TI_ltoa                          
0000a50d  atoi                               
0000a559  __aeabi_d2iz                       
0000a5a1  __TI_auto_init_nobinit_nopinit     
0000a5e5  __aeabi_uidiv                      
0000a5e5  __aeabi_uidivmod                   
0000a625  sprintf                            
0000a6a3  CPUwfi                             
0000a6a3  SysCtlSleep                        
0000a6a3  vApplicationIdleHook               
0000a6a7  CPUprimask                         
0000a6b1  CPUcpsie                           
0000a6bd  CPUcpsid                           
0000a6c9  CPUbasepriSet                      
0000a6c9  IntPriorityMaskSet                 
0000a6cf  CPUbasepriGet                      
0000a6cf  IntPriorityMaskGet                 
0000a6d9  _c_int00_noargs                    
0000a70d  __aeabi_i2d                        
0000a73b  strncmp                            
0000a769  ResetISR                           
0000a791  GetOverflowCounts                  
0000a7b5  memccpy                            
0000a7d1  copysign                           
0000a7d1  copysignl                          
0000a803  strcmp                             
0000a81b  strchr                             
0000a831  strcpy                             
0000a845  strlen                             
0000a859  wcslen                             
0000a86b  __TI_decompress_none               
0000a879  __TI_zero_init                     
0000a891  __aeabi_errno_addr                 
0000a899  SysCtlDelay                        
0000a89f  _system_pre_init                   
0000a8a3  C$$EXIT                            
0000a8a3  abort                              
0000ab84  _ctypes_                           
0000b1b8  ulMaxSyscallInterruptPriority      
0000b1c0  uxTopUsedPriority                  
0000b254  __TI_Handler_Table_Base            
0000b260  __TI_Handler_Table_Limit           
0000b270  __TI_CINIT_Base                    
0000b288  __TI_CINIT_Limit                   
20000000  __start___llvm_prf_cnts            
20000000  __stop___llvm_prf_cnts             
20000000  g_pfnRAMVectors                    
200056b4  g_servo_mode                       
200056b8  g_ui32CPUUsage                     
200056bc  g_ui32SystemClock                  
200056c0  servos_ctl                         
200056c4  servos_mode                        
200056c8  servos_set                         
200056d0  __stack                            
20005ed0  __STACK_END                        
20005ed0  __STACK_TOP                        
20005ed0  g_psCmdTable                       
20005f30  pxCurrentTCB                       
20005fd8  errno                              
ffffffff  __TI_pprof_out_hndl                
ffffffff  __TI_prof_data_size                
ffffffff  __TI_prof_data_start               
ffffffff  __binit__                          
ffffffff  __c_args__                         
ffffffff  binit                              
UNDEFED   __mpu_init                         
UNDEFED   _system_post_cinit                 

[483 symbols]
