******************************************************************************
                  TI ARM Linker PC v20.2.2                     
******************************************************************************
>> Linked Fri Dec 10 13:11:58 2021

OUTPUT FILE NAME:   <ejercicio-FreeRTOS.out>
ENTRY POINT SYMBOL: "_c_int00_noargs"  address: 0000bbdd


MEMORY CONFIGURATION

         name            origin    length      used     unused   attr    fill
----------------------  --------  ---------  --------  --------  ----  --------
  FLASH                 00000000   00040000  0000c7ca  00033836  R  X
  SRAM                  20000000   00008000  000060a8  00001f58  RW X


SEGMENT ALLOCATION MAP

run origin  load origin   length   init length attrs members
----------  ----------- ---------- ----------- ----- -------
00000000    00000000    0000c7d0   0000c7d0    r-x
  00000000    00000000    0000026c   0000026c    r-- .intvecs
  0000026c    0000026c    0000bb3e   0000bb3e    r-x .text
  0000bdac    0000bdac    00000920   00000920    r-- .const
  0000c6d0    0000c6d0    00000100   00000100    r-- .cinit
20000000    20000000    000060a8   00000000    rw-
  20000000    20000000    0000026c   00000000    rw- .vtable
  2000026c    2000026c    000054d4   00000000    rw- .bss
  20005740    20005740    00000800   00000000    rw- .stack
  20005f40    20005f40    00000168   00000000    rw- .data


SECTION ALLOCATION MAP

 output                                  attributes/
section   page    origin      length       input sections
--------  ----  ----------  ----------   ----------------
.intvecs   0    00000000    0000026c     
                  00000000    0000026c     startup_ccs.obj (.intvecs)

.text      0    0000026c    0000bb3e     
                  0000026c    000018c4     tasks.obj (.text)
                  00001b30    0000101c     sysctl.obj (.text)
                  00002b4c    00000e10     gpio.obj (.text)
                  0000395c    00000dc4     queue.obj (.text)
                  00004720    00000c50     pwm.obj (.text)
                  00005370    00000c4c     adc.obj (.text)
                  00005fbc    00000a4e     rtsv7M4_T_le_v4SPD16_eabi.lib : _printfi.c.obj (.text:__TI_printfi)
                  00006a0a    00000002                                   : div0.asm.obj (.text)
                  00006a0c    00000a38     timer.obj (.text)
                  00007444    000008e8     uartstdio.obj (.text)
                  00007d2c    00000840     uart.obj (.text)
                  0000856c    00000638     ejercicio-freeRTOS.obj (.text)
                  00008ba4    00000620     timers.obj (.text)
                  000091c4    00000518     commands.obj (.text)
                  000096dc    000003a8     interrupt.obj (.text)
                  00009a84    000002d4     heap_4.obj (.text)
                  00009d58    000002b4     croutine.obj (.text)
                  0000a00c    00000270     rtsv7M4_T_le_v4SPD16_eabi.lib : _printfi.c.obj (.text:_pconv_a)
                  0000a27c    00000234     port.obj (.text)
                  0000a4b0    000001d0     rtsv7M4_T_le_v4SPD16_eabi.lib : _printfi.c.obj (.text:_pconv_g)
                  0000a680    000001b6                                   : fd_add_t2.asm.obj (.text)
                  0000a836    00000002     --HOLE-- [fill = 0]
                  0000a838    0000013c                                   : _printfi.c.obj (.text:_pconv_e)
                  0000a974    00000138     servos.obj (.text)
                  0000aaac    00000136     rtsv7M4_T_le_v4SPD16_eabi.lib : fd_div_t2.asm.obj (.text)
                  0000abe2    00000002     --HOLE-- [fill = 0]
                  0000abe4    00000134     configADC.obj (.text)
                  0000ad18    00000124     rtsv7M4_T_le_v4SPD16_eabi.lib : _printfi.c.obj (.text:fcvt)
                  0000ae3c    00000110                                   : s_scalbn.c.obj (.text:scalbn)
                  0000af4c    000000fc                                   : fd_mul_t2.asm.obj (.text)
                  0000b048    000000f8     buttons.obj (.text)
                  0000b140    000000f8     cpu_usage.obj (.text)
                  0000b238    000000da     portasm.obj (.text)
                  0000b312    00000002     --HOLE-- [fill = 0]
                  0000b314    000000b1     rtsv7M4_T_le_v4SPD16_eabi.lib : _printfi.c.obj (.text:_ltostr)
                  0000b3c5    00000001     --HOLE-- [fill = 0]
                  0000b3c6    0000009c                                   : memcpy_t2.asm.obj (.text)
                  0000b462    00000096                                   : ull_div_t2.asm.obj (.text)
                  0000b4f8    00000094     list.obj (.text)
                  0000b58c    00000086     rtsv7M4_T_le_v4SPD16_eabi.lib : fd_cmp_t2.asm.obj (.text:__aeabi_cdcmple)
                  0000b612    00000086                                   : fd_cmp_t2.asm.obj (.text:__aeabi_cdrcmple)
                  0000b698    0000007a                                   : memset_t2.asm.obj (.text)
                  0000b712    0000006e                                   : _printfi.c.obj (.text:_mcpy)
                  0000b780    00000068                                   : copy_decompress_lzss.c.obj (.text:decompress:lzss:__TI_decompress_lzss)
                  0000b7e8    00000064     RunTimeStatsConfig.obj (.text)
                  0000b84c    00000064     cmdline.obj (.text)
                  0000b8b0    00000064     rtsv7M4_T_le_v4SPD16_eabi.lib : s_frexp.c.obj (.text:frexp)
                  0000b914    00000056                                   : _printfi.c.obj (.text:_pconv_f)
                  0000b96a    00000054                                   : _ltoa.c.obj (.text:__TI_ltoa)
                  0000b9be    00000052                                   : _printfi.c.obj (.text:_ecpy)
                  0000ba10    0000004c                                   : atoi.c.obj (.text:atoi)
                  0000ba5c    00000048                                   : fd_toi_t2.asm.obj (.text)
                  0000baa4    00000044                                   : autoinit.c.obj (.text:__TI_auto_init_nobinit_nopinit:__TI_auto_init_nobinit_nopinit)
                  0000bae8    00000040                                   : u_divt2.asm.obj (.text)
                  0000bb28    00000040                                   : sprintf.c.obj (.text:sprintf)
                  0000bb68    0000003e                                   : _printfi.c.obj (.text:_fcpy)
                  0000bba6    00000036     cpu.obj (.text)
                  0000bbdc    00000034     rtsv7M4_T_le_v4SPD16_eabi.lib : boot_cortex_m.c.obj (.text:_c_int00_noargs:_c_int00_noargs)
                  0000bc10    0000002e                                   : i_tofd_t2.asm.obj (.text)
                  0000bc3e    0000002c                                   : strncmp.c.obj (.text:strncmp)
                  0000bc6a    00000002     --HOLE-- [fill = 0]
                  0000bc6c    00000028     startup_ccs.obj (.text)
                  0000bc94    00000024     RunTimeStatsConfig.obj (.text:GetOverflowCounts)
                  0000bcb8    0000001c     rtsv7M4_T_le_v4SPD16_eabi.lib : memccpy.c.obj (.text:memccpy)
                  0000bcd4    0000001a                                   : s_copysign.c.obj (.text:copysign)
                  0000bcee    00000018                                   : sprintf.c.obj (.text:_outs)
                  0000bd06    00000018                                   : strcmp.c.obj (.text:strcmp)
                  0000bd1e    00000016                                   : strchr.c.obj (.text:strchr)
                  0000bd34    00000014                                   : strcpy.c.obj (.text:strcpy)
                  0000bd48    00000014                                   : strlen.c.obj (.text:strlen)
                  0000bd5c    00000012                                   : wcslen.c.obj (.text:wcslen)
                  0000bd6e    0000000e                                   : copy_decompress_none.c.obj (.text:decompress:none:__TI_decompress_none)
                  0000bd7c    0000000c                                   : copy_zero_init.c.obj (.text:decompress:ZI:__TI_zero_init)
                  0000bd88    0000000a                                   : sprintf.c.obj (.text:_outc)
                  0000bd92    00000002     --HOLE-- [fill = 0]
                  0000bd94    00000008                                   : errno.c.obj (.text:__aeabi_errno_addr)
                  0000bd9c    00000006     sysctl.obj (.text:SysCtlDelay)
                  0000bda2    00000004     rtsv7M4_T_le_v4SPD16_eabi.lib : pre_init.c.obj (.text:_system_pre_init)
                  0000bda6    00000004                                   : exit.c.obj (.text:abort:abort)

.const     0    0000bdac    00000920     
                  0000bdac    000001b0     sysctl.obj (.const:g_pppui32XTALtoVCO)
                  0000bf5c    0000012c     commands.obj (.const:.string)
                  0000c088    00000101     rtsv7M4_T_le_v4SPD16_eabi.lib : ctype.c.obj (.const:.string:_ctypes_)
                  0000c189    00000003     --HOLE-- [fill = 0]
                  0000c18c    000000d8     gpio.obj (.const:g_ppui32GPIOIntMapSnowflake)
                  0000c264    000000c0     gpio.obj (.const:g_ppui32GPIOIntMapBlizzard)
                  0000c324    0000009c     interrupt.obj (.const:g_pui32Regs)
                  0000c3c0    00000090     gpio.obj (.const:g_pui32GPIOBaseAddrs)
                  0000c450    0000006c     sysctl.obj (.const:g_pui32Xtals)
                  0000c4bc    00000060     timer.obj (.const:g_ppui32TimerIntMap)
                  0000c51c    00000040     timer.obj (.const:g_ppui32TimerIntMapSnowflake)
                  0000c55c    00000040     uart.obj (.const:g_ppui32UARTIntMap)
                  0000c59c    00000040     uart.obj (.const:g_ppui32UARTIntMapSnowflake)
                  0000c5dc    00000030     sysctl.obj (.const:g_sXTALtoMEMTIM)
                  0000c60c    00000020     interrupt.obj (.const:g_pui32Priority)
                  0000c62c    00000014     interrupt.obj (.const:g_pui32Dii16Regs)
                  0000c640    00000014     interrupt.obj (.const:g_pui32EnRegs)
                  0000c654    00000014     interrupt.obj (.const:g_pui32PendRegs)
                  0000c668    00000014     interrupt.obj (.const:g_pui32UnpendRegs)
                  0000c67c    00000012     uartstdio.obj (.const:.string)
                  0000c68e    00000002     --HOLE-- [fill = 0]
                  0000c690    0000000c     uartstdio.obj (.const:g_ui32UARTBase)
                  0000c69c    0000000c     uartstdio.obj (.const:g_ui32UARTInt)
                  0000c6a8    0000000c     uartstdio.obj (.const:g_ui32UARTPeriph)
                  0000c6b4    00000008     sysctl.obj (.const:g_pui32VCOFrequencies)
                  0000c6bc    00000008     port.obj (.const)
                  0000c6c4    00000004     tasks.obj (.const)
                  0000c6c8    00000004     uartstdio.obj (.const)

.cinit     0    0000c6d0    00000100     
                  0000c6d0    000000c8     (.cinit..data.load) [load image, compression = lzss]
                  0000c798    0000000c     (__TI_handler_table)
                  0000c7a4    00000004     --HOLE-- [fill = 0]
                  0000c7a8    00000008     (.cinit..bss.load) [load image, compression = zero_init]
                  0000c7b0    00000008     (.cinit..vtable.load) [load image, compression = zero_init]
                  0000c7b8    00000018     (__TI_cinit_table)

.init_array 
*          0    00000000    00000000     UNINITIALIZED

.vtable    0    20000000    0000026c     UNINITIALIZED
                  20000000    0000026c     interrupt.obj (.vtable)

.bss       0    2000026c    000054d4     UNINITIALIZED
                  2000026c    00005000     heap_4.obj (.bss:ucHeap)
                  2000526c    00000200     uartstdio.obj (.bss:g_pcUARTRxHistoryBuffer)
                  2000546c    00000140     tasks.obj (.bss:pxReadyTasksLists)
                  200055ac    00000028     croutine.obj (.bss:pxReadyCoRoutineLists)
                  200055d4    00000024     cmdline.obj (.bss:g_ppcArgv)
                  200055f8    00000020     uartstdio.obj (.bss:g_usUARTRxHistoryOffset)
                  20005618    00000014     uartstdio.obj (.bss)
                  2000562c    00000014     timers.obj (.bss:xActiveTimerList1)
                  20005640    00000014     timers.obj (.bss:xActiveTimerList2)
                  20005654    00000014     croutine.obj (.bss:xDelayedCoRoutineList1)
                  20005668    00000014     croutine.obj (.bss:xDelayedCoRoutineList2)
                  2000567c    00000014     tasks.obj (.bss:xDelayedTaskList1)
                  20005690    00000014     tasks.obj (.bss:xDelayedTaskList2)
                  200056a4    00000014     croutine.obj (.bss:xPendingReadyCoRoutineList)
                  200056b8    00000014     tasks.obj (.bss:xPendingReadyList)
                  200056cc    00000014     tasks.obj (.bss:xSuspendedTaskList)
                  200056e0    00000014     tasks.obj (.bss:xTasksWaitingTermination)
                  200056f4    0000000c     cpu_usage.obj (.bss)
                  20005700    00000008     adc.obj (.bss:g_pui8OversampleFactor)
                  20005708    00000008     tasks.obj (.bss)
                  20005710    00000008     timers.obj (.bss)
                  20005718    00000008     heap_4.obj (.bss:xStart)
                  20005720    00000004     (.common:cola_adc)
                  20005724    00000004     (.common:g_servo_mode)
                  20005728    00000004     (.common:g_ui32CPUUsage)
                  2000572c    00000004     (.common:g_ui32SystemClock)
                  20005730    00000004     (.common:q_encoders)
                  20005734    00000004     (.common:servos_ctl)
                  20005738    00000004     (.common:servos_mode)
                  2000573c    00000004     (.common:servos_set)

.data      0    20005f40    00000168     UNINITIALIZED
                  20005f40    00000060     commands.obj (.data:g_psCmdTable)
                  20005fa0    0000003c     tasks.obj (.data)
                  20005fdc    00000038     ejercicio-freeRTOS.obj (.data:g_v41)
                  20006014    0000001c     croutine.obj (.data)
                  20006030    00000018     cpu_usage.obj (.data:g_pui32CPUUsageTimerBase)
                  20006048    00000018     cpu_usage.obj (.data:g_pui32CPUUsageTimerPeriph)
                  20006060    00000018     heap_4.obj (.data)
                  20006078    0000000c     port.obj (.data)
                  20006084    0000000c     timers.obj (.data)
                  20006090    0000000c     uartstdio.obj (.data)
                  2000609c    00000005     ejercicio-freeRTOS.obj (.data)
                  200060a1    00000003     buttons.obj (.data)
                  200060a4    00000004     rtsv7M4_T_le_v4SPD16_eabi.lib : errno.c.obj (.data)

.stack     0    20005740    00000800     UNINITIALIZED
                  20005740    00000004     rtsv7M4_T_le_v4SPD16_eabi.lib : boot_cortex_m.c.obj (.stack)
                  20005744    000007fc     --HOLE--

__llvm_prf_cnts 
*          0    20000000    00000000     UNINITIALIZED

MODULE SUMMARY

       Module                       code    ro data   rw data
       ------                       ----    -------   -------
    .\
       commands.obj                 1304    300       96     
       ejercicio-freeRTOS.obj       1592    0         93     
       startup_ccs.obj              40      620       0      
    +--+----------------------------+-------+---------+---------+
       Total:                       2936    920       189    
                                                             
    .\FreeRTOS\Source\
       tasks.obj                    6340    4         488    
       queue.obj                    3524    0         0      
       timers.obj                   1568    0         60     
       croutine.obj                 692     0         128    
       list.obj                     148     0         0      
    +--+----------------------------+-------+---------+---------+
       Total:                       12272   4         676    
                                                             
    .\FreeRTOS\Source\portable\CCS\ARM_CM4F\
       port.obj                     564     8         12     
       portasm.obj                  218     0         0      
    +--+----------------------------+-------+---------+---------+
       Total:                       782     8         12     
                                                             
    .\FreeRTOS\Source\portable\MemMang\
       heap_4.obj                   724     0         20512  
    +--+----------------------------+-------+---------+---------+
       Total:                       724     0         20512  
                                                             
    .\driverlib\
       sysctl.obj                   4130    596       0      
       gpio.obj                     3600    552       0      
       adc.obj                      3148    0         8      
       pwm.obj                      3152    0         0      
       timer.obj                    2616    160       0      
       uart.obj                     2112    128       0      
       interrupt.obj                936     268       620    
       cpu.obj                      54      0         0      
    +--+----------------------------+-------+---------+---------+
       Total:                       19748   1704      628    
                                                             
    .\drivers\
       servos.obj                   312     0         0      
       configADC.obj                308     0         0      
       buttons.obj                  248     0         3      
    +--+----------------------------+-------+---------+---------+
       Total:                       868     0         3      
                                                             
    .\utils\
       uartstdio.obj                2280    58        576    
       cpu_usage.obj                248     0         60     
       RunTimeStatsConfig.obj       136     0         0      
       cmdline.obj                  100     0         36     
    +--+----------------------------+-------+---------+---------+
       Total:                       2764    58        672    
                                                             
    C:\ti\ccs1020\ccs\tools\compiler\ti-cgt-arm_20.2.2.LTS\lib\rtsv7M4_T_le_v4SPD16_eabi.lib
       _printfi.c.obj               4851    0         0      
       fd_add_t2.asm.obj            438     0         0      
       fd_div_t2.asm.obj            310     0         0      
       s_scalbn.c.obj               272     0         0      
       fd_cmp_t2.asm.obj            268     0         0      
       ctype.c.obj                  0       257       0      
       fd_mul_t2.asm.obj            252     0         0      
       memcpy_t2.asm.obj            156     0         0      
       ull_div_t2.asm.obj           150     0         0      
       memset_t2.asm.obj            122     0         0      
       copy_decompress_lzss.c.obj   104     0         0      
       s_frexp.c.obj                100     0         0      
       sprintf.c.obj                98      0         0      
       _ltoa.c.obj                  84      0         0      
       atoi.c.obj                   76      0         0      
       fd_toi_t2.asm.obj            72      0         0      
       autoinit.c.obj               68      0         0      
       u_divt2.asm.obj              64      0         0      
       boot_cortex_m.c.obj          52      0         0      
       i_tofd_t2.asm.obj            46      0         0      
       strncmp.c.obj                44      0         0      
       memccpy.c.obj                28      0         0      
       s_copysign.c.obj             26      0         0      
       strcmp.c.obj                 24      0         0      
       strchr.c.obj                 22      0         0      
       strcpy.c.obj                 20      0         0      
       strlen.c.obj                 20      0         0      
       wcslen.c.obj                 18      0         0      
       copy_decompress_none.c.obj   14      0         0      
       copy_zero_init.c.obj         12      0         0      
       errno.c.obj                  8       0         4      
       exit.c.obj                   4       0         0      
       pre_init.c.obj               4       0         0      
       div0.asm.obj                 2       0         0      
    +--+----------------------------+-------+---------+---------+
       Total:                       7829    257       4      
                                                             
       Stack:                       0       0         2048   
       Linker Generated:            0       252       0      
    +--+----------------------------+-------+---------+---------+
       Grand Total:                 47923   3203      24744  


LINKER GENERATED COPY TABLES

__TI_cinit_table @ 0000c7b8 records: 3, size/record: 8, table size: 24
	.data: load addr=0000c6d0, load size=000000c8 bytes, run addr=20005f40, run size=00000168 bytes, compression=lzss
	.bss: load addr=0000c7a8, load size=00000008 bytes, run addr=2000026c, run size=000054d4 bytes, compression=zero_init
	.vtable: load addr=0000c7b0, load size=00000008 bytes, run addr=20000000, run size=0000026c bytes, compression=zero_init


LINKER GENERATED HANDLER TABLE

__TI_handler_table @ 0000c798 records: 3, size/record: 4, table size: 12
	index: 0, handler: __TI_zero_init
	index: 1, handler: __TI_decompress_lzss
	index: 2, handler: __TI_decompress_none


GLOBAL SYMBOLS: SORTED ALPHABETICALLY BY Name 

address   name                               
-------   ----                               
00005f8b  ADCBusy                            
00005f59  ADCClockConfigGet                  
00005f07  ADCClockConfigSet                  
00005ecf  ADCComparatorConfigure             
00005eaf  ADCComparatorIntClear              
00005e75  ADCComparatorIntDisable            
00005e3b  ADCComparatorIntEnable             
00005e1d  ADCComparatorIntStatus             
00005db9  ADCComparatorRegionSet             
00005d55  ADCComparatorReset                 
00005cf3  ADCHardwareOversampleConfigure     
00005cbf  ADCIntClear                        
00005cbb  ADCIntClearEx                      
00005c87  ADCIntDisable                      
00005c63  ADCIntDisableEx                    
00005c25  ADCIntEnable                       
00005c01  ADCIntEnableEx                     
00005bb3  ADCIntRegister                     
00005b57  ADCIntStatus                       
00005b27  ADCIntStatusEx                     
00005add  ADCIntUnregister                   
00005a7f  ADCPhaseDelayGet                   
00005a15  ADCPhaseDelaySet                   
000059c5  ADCProcessorTrigger                
000059a3  ADCReferenceGet                    
00005969  ADCReferenceSet                    
0000587f  ADCSequenceConfigure               
00005845  ADCSequenceDMADisable              
0000580b  ADCSequenceDMAEnable               
000057bf  ADCSequenceDataGet                 
00005787  ADCSequenceDisable                 
0000574f  ADCSequenceEnable                  
00005719  ADCSequenceOverflow                
000056e5  ADCSequenceOverflowClear           
000055e9  ADCSequenceStepConfigure           
000055b3  ADCSequenceUnderflow               
0000557f  ADCSequenceUnderflowClear          
0000550b  ADCSoftwareOversampleConfigure     
0000545b  ADCSoftwareOversampleDataGet       
00005371  ADCSoftwareOversampleStepConfigure 
0000b0c9  ButtonsInit                        
0000b049  ButtonsPoll                        
0000bda7  C$$EXIT                            
0000b175  CPUUsageInit                       
0000b141  CPUUsageTick                       
0000bbd3  CPUbasepriGet                      
0000bbcd  CPUbasepriSet                      
0000bbc1  CPUcpsid                           
0000bbb5  CPUcpsie                           
0000bbab  CPUprimask                         
0000bba7  CPUwfi                             
0000b84d  CmdLineProcess                     
00003935  GPIOADCTriggerDisable              
00003913  GPIOADCTriggerEnable               
000038f1  GPIODMATriggerDisable              
000038cf  GPIODMATriggerEnable               
00003879  GPIODirModeGet                     
00002c45  GPIODirModeSet                     
00003855  GPIOIntClear                       
00003827  GPIOIntDisable                     
00003805  GPIOIntEnable                      
000037c9  GPIOIntRegister                    
00003769  GPIOIntRegisterPin                 
00003745  GPIOIntStatus                      
000036d5  GPIOIntTypeGet                     
00003605  GPIOIntTypeSet                     
000035cd  GPIOIntUnregister                  
00003589  GPIOIntUnregisterPin               
0000344b  GPIOPadConfigGet                   
00002cd5  GPIOPadConfigSet                   
000033e5  GPIOPinConfigure                   
000033c9  GPIOPinRead                        
0000339b  GPIOPinTypeADC                     
0000336d  GPIOPinTypeCAN                     
0000333f  GPIOPinTypeComparator              
00003311  GPIOPinTypeComparatorOutput        
000032e3  GPIOPinTypeDIVSCLK                 
000032b5  GPIOPinTypeEPI                     
00003287  GPIOPinTypeEthernetLED             
00003259  GPIOPinTypeEthernetMII             
00003227  GPIOPinTypeGPIOInput               
000031f9  GPIOPinTypeGPIOOutput              
000031cb  GPIOPinTypeGPIOOutputOD            
0000319d  GPIOPinTypeHibernateRTCCLK         
0000316f  GPIOPinTypeI2C                     
00003141  GPIOPinTypeI2CSCL                  
00003113  GPIOPinTypeLCD                     
000030e5  GPIOPinTypeOneWire                 
000030b7  GPIOPinTypePWM                     
00003089  GPIOPinTypeQEI                     
0000304f  GPIOPinTypeSSI                     
00003021  GPIOPinTypeTimer                   
00002ff3  GPIOPinTypeTrace                   
00002fc5  GPIOPinTypeUART                    
00002f97  GPIOPinTypeUSBAnalog               
00002f69  GPIOPinTypeUSBDigital              
00002f39  GPIOPinTypeWakeHigh                
00002ef1  GPIOPinTypeWakeLow                 
00002c3f  GPIOPinWakeStatus                  
00002c21  GPIOPinWrite                       
00002bf9  GPIOUnlockPin                      
0000bc95  GetOverflowCounts                  
000099ed  IntDisable                         
00009953  IntEnable                          
000098eb  IntIsEnabled                       
000098db  IntMasterDisable                   
000098cb  IntMasterEnable                    
0000987d  IntPendClear                       
00009821  IntPendSet                         
000097f3  IntPriorityGet                     
000097d1  IntPriorityGroupingGet             
000097ad  IntPriorityGroupingSet             
0000bbd3  IntPriorityMaskGet                 
0000bbcd  IntPriorityMaskSet                 
0000976b  IntPrioritySet                     
00009719  IntRegister                        
000096fb  IntTrigger                         
000096df  IntUnregister                      
0000531f  PWMClockGet                        
000052c1  PWMClockSet                        
00005285  PWMDeadBandDisable                 
0000521b  PWMDeadBandEnable                  
000051f9  PWMFaultIntClear                   
000051c7  PWMFaultIntClearExt                
00005185  PWMFaultIntRegister                
00005147  PWMFaultIntUnregister              
000050ab  PWMGenConfigure                    
00005071  PWMGenDisable                      
00005037  PWMGenEnable                       
00004fb1  PWMGenFaultClear                   
00004f41  PWMGenFaultConfigure               
00004ee9  PWMGenFaultStatus                  
00004e99  PWMGenFaultTriggerGet              
00004e15  PWMGenFaultTriggerSet              
00004dbf  PWMGenIntClear                     
00004d57  PWMGenIntRegister                  
00004d19  PWMGenIntStatus                    
00004ccd  PWMGenIntTrigDisable               
00004c81  PWMGenIntTrigEnable                
00004c2d  PWMGenIntUnregister                
00004b25  PWMGenPeriodGet                    
00004abd  PWMGenPeriodSet                    
00004a6d  PWMIntDisable                      
00004a15  PWMIntEnable                       
000049ef  PWMIntStatus                       
000049ab  PWMOutputFault                     
00004967  PWMOutputFaultLevel                
00004923  PWMOutputInvert                    
000048df  PWMOutputState                     
00004865  PWMOutputUpdateMode                
00004817  PWMPulseWidthGet                   
000047b3  PWMPulseWidthSet                   
00004753  PWMSyncTimeBase                    
00004721  PWMSyncUpdate                      
0000bc6d  ResetISR                           
00002af5  SysCtlAltClkConfig                 
000028f5  SysCtlClockFreqSet                 
00002711  SysCtlClockGet                     
000026b5  SysCtlClockOutConfig               
000025d1  SysCtlClockSet                     
000025ab  SysCtlDeepSleep                    
00002547  SysCtlDeepSleepClockConfigSet      
0000253f  SysCtlDeepSleepClockSet            
00002539  SysCtlDeepSleepPowerSet            
0000bd9d  SysCtlDelay                        
0000250d  SysCtlFlashSectorSizeGet           
000024d1  SysCtlFlashSizeGet                 
00002475  SysCtlGPIOAHBDisable               
00002417  SysCtlGPIOAHBEnable                
0000240f  SysCtlIntClear                     
00002401  SysCtlIntDisable                   
000023f1  SysCtlIntEnable                    
000023df  SysCtlIntRegister                  
000023cf  SysCtlIntStatus                    
000023bf  SysCtlIntUnregister                
000023b7  SysCtlLDODeepSleepGet              
00002369  SysCtlLDODeepSleepSet              
0000235b  SysCtlLDOSleepGet                  
0000230d  SysCtlLDOSleepSet                  
00002301  SysCtlMOSCConfigSet                
000022f3  SysCtlNMIClear                     
000022eb  SysCtlNMIStatus                    
000022ad  SysCtlPIOSCCalibrate               
0000227d  SysCtlPWMClockGet                  
00002225  SysCtlPWMClockSet                  
000021df  SysCtlPeripheralClockGating        
0000219d  SysCtlPeripheralDeepSleepDisable   
0000213d  SysCtlPeripheralDeepSleepEnable    
000020f1  SysCtlPeripheralDisable            
000020a1  SysCtlPeripheralEnable             
00002055  SysCtlPeripheralPowerOff           
00002005  SysCtlPeripheralPowerOn            
00001fb7  SysCtlPeripheralPresent            
00001f71  SysCtlPeripheralReady              
00001ec1  SysCtlPeripheralReset              
00001e6d  SysCtlPeripheralSleepDisable       
00001e25  SysCtlPeripheralSleepEnable        
00001c03  SysCtlReset                        
00001bfb  SysCtlResetBehaviorGet             
00001bf3  SysCtlResetBehaviorSet             
00001be5  SysCtlResetCauseClear              
00001bdd  SysCtlResetCauseGet                
00001bcf  SysCtlSRAMSizeGet                  
0000bba7  SysCtlSleep                        
00001bc7  SysCtlSleepPowerSet                
00001bb9  SysCtlUSBPLLDisable                
00001bab  SysCtlUSBPLLEnable                 
00001b49  SysCtlVCOGet                       
00001b3f  SysCtlVoltageEventClear            
00001b37  SysCtlVoltageEventConfig           
00001b31  SysCtlVoltageEventStatus           
00007419  TimerADCEventGet                   
000073ff  TimerADCEventSet                   
000073e5  TimerClockSourceGet                
000073b1  TimerClockSourceSet                
0000723d  TimerConfigure                     
000071ed  TimerControlEvent                  
000071a1  TimerControlLevel                  
00007155  TimerControlStall                  
000070d1  TimerControlTrigger                
0000705b  TimerControlWaitOnTrigger          
00007043  TimerDMAEventGet                   
00007029  TimerDMAEventSet                   
00006fe7  TimerDisable                       
00006fa9  TimerEnable                        
00006f8f  TimerIntClear                      
00006f71  TimerIntDisable                    
00006f53  TimerIntEnable                     
00006ef7  TimerIntRegister                   
00006ed7  TimerIntStatus                     
00006e8d  TimerIntUnregister                 
00006e15  TimerLoadGet                       
00006ded  TimerLoadGet64                     
00006da5  TimerLoadSet                       
00006d87  TimerLoadSet64                     
00006d39  TimerMatchGet                      
00006ced  TimerMatchGet64                    
00006c91  TimerMatchSet                      
00006c73  TimerMatchSet64                    
00006c33  TimerPrescaleGet                   
00006bf3  TimerPrescaleMatchGet              
00006b9d  TimerPrescaleMatchSet              
00006b47  TimerPrescaleSet                   
00006b29  TimerRTCDisable                    
00006b0b  TimerRTCEnable                     
00006af1  TimerSynchronize                   
00006ac9  TimerUpdateMode                    
00006a91  TimerValueGet                      
00006a69  TimerValueGet64                    
00008527  UART9BitAddrSend                   
00008505  UART9BitAddrSet                    
000084e3  UART9BitDisable                    
000084c1  UART9BitEnable                     
00008497  UARTBreakCtl                       
0000847b  UARTBusy                           
0000845d  UARTCharGet                        
00008439  UARTCharGetNonBlocking             
00008419  UARTCharPut                        
000083f3  UARTCharPutNonBlocking             
000083d1  UARTCharsAvail                     
000083b7  UARTClockSourceGet                 
00008389  UARTClockSourceSet                 
00008345  UARTConfigGetExpClk                
000082c5  UARTConfigSetExpClk                
000082a7  UARTDMADisable                     
00008289  UARTDMAEnable                      
0000825d  UARTDisable                        
00008229  UARTDisableSIR                     
00007ce1  UARTEchoSet                        
00008201  UARTEnable                         
000081d3  UARTEnableSIR                      
000081b5  UARTFIFODisable                    
00008197  UARTFIFOEnable                     
0000816f  UARTFIFOLevelGet                   
00008117  UARTFIFOLevelSet                   
000080fb  UARTFlowControlGet                 
000080c7  UARTFlowControlSet                 
00007b91  UARTFlushRx                        
00007ba1  UARTFlushTx                        
000080ad  UARTIntClear                       
0000808f  UARTIntDisable                     
00008071  UARTIntEnable                      
00008021  UARTIntRegister                    
00007fdf  UARTIntStatus                      
00007fa7  UARTIntUnregister                  
00007f53  UARTLoopbackEnable                 
00007f19  UARTModemControlClear              
00007efd  UARTModemControlGet                
00007ec9  UARTModemControlSet                
00007eab  UARTModemStatusGet                 
00007e91  UARTParityModeGet                  
00007e55  UARTParityModeSet                  
00007cd1  UARTRxBytesAvail                   
00007e3b  UARTRxErrorClear                   
00007e1f  UARTRxErrorGet                     
00007e01  UARTSmartCardDisable               
00007dd7  UARTSmartCardEnable                
00007db5  UARTSpaceAvail                     
00007bc9  UARTStdioConfig                    
00007abd  UARTStdioIntHandler                
00007a9f  UARTTxBytesFree                    
00007d99  UARTTxIntModeGet                   
00007d65  UARTTxIntModeSet                   
00007a89  UARTgetc                           
0000776d  UARTgets                           
00007739  UARTprintf                         
0000752b  UARTvprintf                        
00007497  UARTwrite                          
20005f40  __STACK_END                        
00000800  __STACK_SIZE                       
20005f40  __STACK_TOP                        
0000c7b8  __TI_CINIT_Base                    
0000c7d0  __TI_CINIT_Limit                   
0000c798  __TI_Handler_Table_Base            
0000c7a4  __TI_Handler_Table_Limit           
0000baa5  __TI_auto_init_nobinit_nopinit     
0000b781  __TI_decompress_lzss               
0000bd6f  __TI_decompress_none               
0000b96b  __TI_ltoa                          
ffffffff  __TI_pprof_out_hndl                
00005fbd  __TI_printfi                       
ffffffff  __TI_prof_data_size                
ffffffff  __TI_prof_data_start               
00000000  __TI_static_base__                 
0000bd7d  __TI_zero_init                     
0000b58d  __aeabi_cdcmpeq                    
0000b58d  __aeabi_cdcmple                    
0000b613  __aeabi_cdrcmple                   
0000ba5d  __aeabi_d2iz                       
0000a68b  __aeabi_dadd                       
0000aaad  __aeabi_ddiv                       
0000af4d  __aeabi_dmul                       
0000a681  __aeabi_dsub                       
0000bd95  __aeabi_errno_addr                 
0000bc11  __aeabi_i2d                        
00006a0b  __aeabi_idiv0                      
00006a0b  __aeabi_ldiv0                      
0000b699  __aeabi_memclr                     
0000b699  __aeabi_memclr4                    
0000b699  __aeabi_memclr8                    
0000b3c7  __aeabi_memcpy                     
0000b3c7  __aeabi_memcpy4                    
0000b3c7  __aeabi_memcpy8                    
0000b69b  __aeabi_memset                     
0000b69b  __aeabi_memset4                    
0000b69b  __aeabi_memset8                    
0000bae9  __aeabi_uidiv                      
0000bae9  __aeabi_uidivmod                   
0000b463  __aeabi_uldivmod                   
ffffffff  __binit__                          
ffffffff  __c_args__                         
00008b47  __error__                          
UNDEFED   __mpu_init                         
20005740  __stack                            
20000000  __start___llvm_prf_cnts            
20000000  __stop___llvm_prf_cnts             
0000bbdd  _c_int00_noargs                    
0000c088  _ctypes_                           
UNDEFED   _system_post_cinit                 
0000bda3  _system_pre_init                   
0000bda7  abort                              
0000ba11  atoi                               
ffffffff  binit                              
00008b09  botones_ISR                        
20005720  cola_adc                           
0000acef  configADC_DisparaADC               
0000acb1  configADC_ISR                      
0000abf3  configADC_IniciaADC                
0000abe5  configADC_LeeADC                   
0000a9df  configServos                       
0000bcd5  copysign                           
0000bcd5  copysignl                          
00001399  eTaskGetState                      
00008abd  encoder_ISR                        
200060a4  errno                              
0000b8b1  frexp                              
0000b8b1  frexpl                             
2000609c  g_n41                              
20000000  g_pfnRAMVectors                    
00000000  g_pfnVectors                       
20005f40  g_psCmdTable                       
20005724  g_servo_mode                       
20005728  g_ui32CPUUsage                     
2000572c  g_ui32SystemClock                  
20005fdc  g_v41                              
00009235  initCommandLine                    
0000ae3d  ldexp                              
0000ae3d  ldexpl                             
000088f1  main                               
0000bcb9  memccpy                            
0000b3c7  memcpy                             
0000b6a1  memset                             
00001aed  pcTaskGetName                      
0000919b  pcTimerGetName                     
00009c01  pvPortMalloc                       
00001a59  pvTaskIncrementMutexHeldCount      
00008e3f  pvTimerGetTimerID                  
2000601c  pxCurrentCoRoutine                 
20005fa0  pxCurrentTCB                       
0000a42d  pxPortInitialiseStack              
20005730  q_encoders                         
0000ae3d  scalbn                             
0000ae3d  scalbnl                            
20005734  servos_ctl                         
20005738  servos_mode                        
2000573c  servos_set                         
0000a9bb  setServosSpeed                     
0000a975  setSingleServoSpeed                
0000bb29  sprintf                            
0000bd1f  strchr                             
0000bd07  strcmp                             
0000bd35  strcpy                             
0000bd49  strlen                             
0000bc3f  strncmp                            
00004715  ucQueueGetQueueType                
0000c6bc  ulMaxSyscallInterruptPriority      
0000b249  ulPortGetIPSR                      
000019d1  ulTaskGenericNotifyTake            
0000198b  ulTaskGenericNotifyValueClear      
0000b567  uxListRemove                       
00004711  uxQueueGetQueueNumber              
000046f3  uxQueueMessagesWaiting             
000046df  uxQueueMessagesWaitingFromISR      
000046bd  uxQueueSpacesAvailable             
00001985  uxTaskGetNumberOfTasks             
00001969  uxTaskGetStackHighWaterMark        
0000150b  uxTaskGetSystemState               
0000195f  uxTaskGetTaskNumber                
00001947  uxTaskPriorityGet                  
0000191f  uxTaskPriorityGetFromISR           
0000190b  uxTaskResetEventItemValue          
00008e1b  uxTimerGetReloadMode               
00008e17  uxTimerGetTimerNumber              
0000c6c4  uxTopUsedPriority                  
0000bba7  vApplicationIdleHook               
000085cf  vApplicationMallocFailedHook       
000085cd  vApplicationStackOverflowHook      
000085af  vApplicationTickHook               
00009f9b  vCoRoutineAddToDelayedList         
00009f35  vCoRoutineSchedule                 
0000b7e9  vConfigureTimerForRunTimeStats     
0000b549  vListInitialise                    
0000b543  vListInitialiseItem                
0000b511  vListInsert                        
0000b4f9  vListInsertEnd                     
0000b305  vPortEnableVFP                     
0000a417  vPortEndScheduler                  
0000a3e7  vPortEnterCritical                 
0000a3c5  vPortExitCritical                  
00009b49  vPortFree                          
00009a93  vPortGetHeapStats                  
00009a91  vPortInitialiseBlocks              
0000b2c1  vPortSVCHandler                    
0000a2c7  vPortSetupTimerInterrupt           
0000b2e1  vPortStartFirstTask                
0000a383  vPortValidateInterruptPriority     
000046a5  vQueueDelete                       
000046a1  vQueueSetQueueNumber               
00004659  vQueueWaitForMessageRestricted     
000018cd  vTaskDelay                         
00001825  vTaskDelete                        
000017f7  vTaskEndScheduler                  
00001735  vTaskGenericNotifyGiveFromISR      
0000142d  vTaskGetInfo                       
00001695  vTaskGetRunTimeStats               
00000d77  vTaskInternalSetTimeOutState       
000015c9  vTaskList                          
0000138d  vTaskMissedYield                   
00001365  vTaskPlaceOnEventList              
00001335  vTaskPlaceOnEventListRestricted    
000012e5  vTaskPlaceOnUnorderedEventList     
0000123d  vTaskPriorityDisinheritAfterTimeout
00001175  vTaskPrioritySet                   
00001101  vTaskRemoveFromUnorderedEventList  
00001075  vTaskResume                        
00001065  vTaskSetTaskNumber                 
0000103f  vTaskSetTimeOutState               
00000fdd  vTaskStartScheduler                
00000f05  vTaskSuspend                       
00000ad9  vTaskSuspendAll                    
00000e2f  vTaskSwitchContext                 
00008ddf  vTimerSetReloadMode                
00008dc1  vTimerSetTimerID                   
00008dbd  vTimerSetTimerNumber               
0000bd5d  wcslen                             
0000856d  whisker_ISR                        
00009dbf  xCoRoutineCreate                   
00009d59  xCoRoutineRemoveFromEventList      
00009a8b  xPortGetFreeHeapSize               
00009a85  xPortGetMinimumEverFreeHeapSize    
0000b261  xPortPendSVHandler                 
0000a2f1  xPortStartScheduler                
0000a27d  xPortSysTickHandler                
0000462d  xQueueAddToSet                     
0000459d  xQueueCRReceive                    
00004551  xQueueCRReceiveFromISR             
000044c7  xQueueCRSend                       
00004499  xQueueCRSendFromISR                
00004483  xQueueCreateMutex                  
00004467  xQueueCreateSet                    
00004403  xQueueGenericCreate                
00004363  xQueueGenericReset                 
000041fd  xQueueGenericSend                  
00004105  xQueueGenericSendFromISR           
00004055  xQueueGiveFromISR                  
00004039  xQueueIsQueueEmptyFromISR          
00004019  xQueueIsQueueFullFromISR           
00003ef7  xQueuePeek                         
00003e93  xQueuePeekFromISR                  
00003d2f  xQueueReceive                      
00003c69  xQueueReceiveFromISR               
00003e6d  xQueueRemoveFromSet                
00003e5b  xQueueSelectFromSet                
00003d1f  xQueueSelectFromSetFromISR         
00003ae3  xQueueSemaphoreTake                
00000e09  xTaskCatchUpTicks                  
00000d95  xTaskCheckForTimeOut               
00000d15  xTaskCreate                        
00000ae3  xTaskDelayUntil                    
000009c9  xTaskGenericNotify                 
00000869  xTaskGenericNotifyFromISR          
00000829  xTaskGenericNotifyStateClear       
00000775  xTaskGenericNotifyWait             
000006f7  xTaskGetCurrentTaskHandle          
000006df  xTaskGetSchedulerState             
000006d9  xTaskGetTickCount                  
000006cd  xTaskGetTickCountFromISR           
0000033d  xTaskIncrementTick                 
00000645  xTaskPriorityDisinherit            
00000591  xTaskPriorityInherit               
000004fb  xTaskRemoveFromEventList           
00000435  xTaskResumeAll                     
00000299  xTaskResumeFromISR                 
00008d89  xTimerCreate                       
00008d0d  xTimerCreateTimerTask              
00008c65  xTimerGenericCommand               
00008c51  xTimerGetExpiryTime                
00008c3d  xTimerGetPeriod                    
00008c27  xTimerGetTimerDaemonTaskHandle     
00008c03  xTimerIsTimerActive                
00008bc7  xTimerPendFunctionCall             
00008ba5  xTimerPendFunctionCallFromISR      


GLOBAL SYMBOLS: SORTED BY Symbol Address 

address   name                               
-------   ----                               
00000000  __TI_static_base__                 
00000000  g_pfnVectors                       
00000299  xTaskResumeFromISR                 
0000033d  xTaskIncrementTick                 
00000435  xTaskResumeAll                     
000004fb  xTaskRemoveFromEventList           
00000591  xTaskPriorityInherit               
00000645  xTaskPriorityDisinherit            
000006cd  xTaskGetTickCountFromISR           
000006d9  xTaskGetTickCount                  
000006df  xTaskGetSchedulerState             
000006f7  xTaskGetCurrentTaskHandle          
00000775  xTaskGenericNotifyWait             
00000800  __STACK_SIZE                       
00000829  xTaskGenericNotifyStateClear       
00000869  xTaskGenericNotifyFromISR          
000009c9  xTaskGenericNotify                 
00000ad9  vTaskSuspendAll                    
00000ae3  xTaskDelayUntil                    
00000d15  xTaskCreate                        
00000d77  vTaskInternalSetTimeOutState       
00000d95  xTaskCheckForTimeOut               
00000e09  xTaskCatchUpTicks                  
00000e2f  vTaskSwitchContext                 
00000f05  vTaskSuspend                       
00000fdd  vTaskStartScheduler                
0000103f  vTaskSetTimeOutState               
00001065  vTaskSetTaskNumber                 
00001075  vTaskResume                        
00001101  vTaskRemoveFromUnorderedEventList  
00001175  vTaskPrioritySet                   
0000123d  vTaskPriorityDisinheritAfterTimeout
000012e5  vTaskPlaceOnUnorderedEventList     
00001335  vTaskPlaceOnEventListRestricted    
00001365  vTaskPlaceOnEventList              
0000138d  vTaskMissedYield                   
00001399  eTaskGetState                      
0000142d  vTaskGetInfo                       
0000150b  uxTaskGetSystemState               
000015c9  vTaskList                          
00001695  vTaskGetRunTimeStats               
00001735  vTaskGenericNotifyGiveFromISR      
000017f7  vTaskEndScheduler                  
00001825  vTaskDelete                        
000018cd  vTaskDelay                         
0000190b  uxTaskResetEventItemValue          
0000191f  uxTaskPriorityGetFromISR           
00001947  uxTaskPriorityGet                  
0000195f  uxTaskGetTaskNumber                
00001969  uxTaskGetStackHighWaterMark        
00001985  uxTaskGetNumberOfTasks             
0000198b  ulTaskGenericNotifyValueClear      
000019d1  ulTaskGenericNotifyTake            
00001a59  pvTaskIncrementMutexHeldCount      
00001aed  pcTaskGetName                      
00001b31  SysCtlVoltageEventStatus           
00001b37  SysCtlVoltageEventConfig           
00001b3f  SysCtlVoltageEventClear            
00001b49  SysCtlVCOGet                       
00001bab  SysCtlUSBPLLEnable                 
00001bb9  SysCtlUSBPLLDisable                
00001bc7  SysCtlSleepPowerSet                
00001bcf  SysCtlSRAMSizeGet                  
00001bdd  SysCtlResetCauseGet                
00001be5  SysCtlResetCauseClear              
00001bf3  SysCtlResetBehaviorSet             
00001bfb  SysCtlResetBehaviorGet             
00001c03  SysCtlReset                        
00001e25  SysCtlPeripheralSleepEnable        
00001e6d  SysCtlPeripheralSleepDisable       
00001ec1  SysCtlPeripheralReset              
00001f71  SysCtlPeripheralReady              
00001fb7  SysCtlPeripheralPresent            
00002005  SysCtlPeripheralPowerOn            
00002055  SysCtlPeripheralPowerOff           
000020a1  SysCtlPeripheralEnable             
000020f1  SysCtlPeripheralDisable            
0000213d  SysCtlPeripheralDeepSleepEnable    
0000219d  SysCtlPeripheralDeepSleepDisable   
000021df  SysCtlPeripheralClockGating        
00002225  SysCtlPWMClockSet                  
0000227d  SysCtlPWMClockGet                  
000022ad  SysCtlPIOSCCalibrate               
000022eb  SysCtlNMIStatus                    
000022f3  SysCtlNMIClear                     
00002301  SysCtlMOSCConfigSet                
0000230d  SysCtlLDOSleepSet                  
0000235b  SysCtlLDOSleepGet                  
00002369  SysCtlLDODeepSleepSet              
000023b7  SysCtlLDODeepSleepGet              
000023bf  SysCtlIntUnregister                
000023cf  SysCtlIntStatus                    
000023df  SysCtlIntRegister                  
000023f1  SysCtlIntEnable                    
00002401  SysCtlIntDisable                   
0000240f  SysCtlIntClear                     
00002417  SysCtlGPIOAHBEnable                
00002475  SysCtlGPIOAHBDisable               
000024d1  SysCtlFlashSizeGet                 
0000250d  SysCtlFlashSectorSizeGet           
00002539  SysCtlDeepSleepPowerSet            
0000253f  SysCtlDeepSleepClockSet            
00002547  SysCtlDeepSleepClockConfigSet      
000025ab  SysCtlDeepSleep                    
000025d1  SysCtlClockSet                     
000026b5  SysCtlClockOutConfig               
00002711  SysCtlClockGet                     
000028f5  SysCtlClockFreqSet                 
00002af5  SysCtlAltClkConfig                 
00002bf9  GPIOUnlockPin                      
00002c21  GPIOPinWrite                       
00002c3f  GPIOPinWakeStatus                  
00002c45  GPIODirModeSet                     
00002cd5  GPIOPadConfigSet                   
00002ef1  GPIOPinTypeWakeLow                 
00002f39  GPIOPinTypeWakeHigh                
00002f69  GPIOPinTypeUSBDigital              
00002f97  GPIOPinTypeUSBAnalog               
00002fc5  GPIOPinTypeUART                    
00002ff3  GPIOPinTypeTrace                   
00003021  GPIOPinTypeTimer                   
0000304f  GPIOPinTypeSSI                     
00003089  GPIOPinTypeQEI                     
000030b7  GPIOPinTypePWM                     
000030e5  GPIOPinTypeOneWire                 
00003113  GPIOPinTypeLCD                     
00003141  GPIOPinTypeI2CSCL                  
0000316f  GPIOPinTypeI2C                     
0000319d  GPIOPinTypeHibernateRTCCLK         
000031cb  GPIOPinTypeGPIOOutputOD            
000031f9  GPIOPinTypeGPIOOutput              
00003227  GPIOPinTypeGPIOInput               
00003259  GPIOPinTypeEthernetMII             
00003287  GPIOPinTypeEthernetLED             
000032b5  GPIOPinTypeEPI                     
000032e3  GPIOPinTypeDIVSCLK                 
00003311  GPIOPinTypeComparatorOutput        
0000333f  GPIOPinTypeComparator              
0000336d  GPIOPinTypeCAN                     
0000339b  GPIOPinTypeADC                     
000033c9  GPIOPinRead                        
000033e5  GPIOPinConfigure                   
0000344b  GPIOPadConfigGet                   
00003589  GPIOIntUnregisterPin               
000035cd  GPIOIntUnregister                  
00003605  GPIOIntTypeSet                     
000036d5  GPIOIntTypeGet                     
00003745  GPIOIntStatus                      
00003769  GPIOIntRegisterPin                 
000037c9  GPIOIntRegister                    
00003805  GPIOIntEnable                      
00003827  GPIOIntDisable                     
00003855  GPIOIntClear                       
00003879  GPIODirModeGet                     
000038cf  GPIODMATriggerEnable               
000038f1  GPIODMATriggerDisable              
00003913  GPIOADCTriggerEnable               
00003935  GPIOADCTriggerDisable              
00003ae3  xQueueSemaphoreTake                
00003c69  xQueueReceiveFromISR               
00003d1f  xQueueSelectFromSetFromISR         
00003d2f  xQueueReceive                      
00003e5b  xQueueSelectFromSet                
00003e6d  xQueueRemoveFromSet                
00003e93  xQueuePeekFromISR                  
00003ef7  xQueuePeek                         
00004019  xQueueIsQueueFullFromISR           
00004039  xQueueIsQueueEmptyFromISR          
00004055  xQueueGiveFromISR                  
00004105  xQueueGenericSendFromISR           
000041fd  xQueueGenericSend                  
00004363  xQueueGenericReset                 
00004403  xQueueGenericCreate                
00004467  xQueueCreateSet                    
00004483  xQueueCreateMutex                  
00004499  xQueueCRSendFromISR                
000044c7  xQueueCRSend                       
00004551  xQueueCRReceiveFromISR             
0000459d  xQueueCRReceive                    
0000462d  xQueueAddToSet                     
00004659  vQueueWaitForMessageRestricted     
000046a1  vQueueSetQueueNumber               
000046a5  vQueueDelete                       
000046bd  uxQueueSpacesAvailable             
000046df  uxQueueMessagesWaitingFromISR      
000046f3  uxQueueMessagesWaiting             
00004711  uxQueueGetQueueNumber              
00004715  ucQueueGetQueueType                
00004721  PWMSyncUpdate                      
00004753  PWMSyncTimeBase                    
000047b3  PWMPulseWidthSet                   
00004817  PWMPulseWidthGet                   
00004865  PWMOutputUpdateMode                
000048df  PWMOutputState                     
00004923  PWMOutputInvert                    
00004967  PWMOutputFaultLevel                
000049ab  PWMOutputFault                     
000049ef  PWMIntStatus                       
00004a15  PWMIntEnable                       
00004a6d  PWMIntDisable                      
00004abd  PWMGenPeriodSet                    
00004b25  PWMGenPeriodGet                    
00004c2d  PWMGenIntUnregister                
00004c81  PWMGenIntTrigEnable                
00004ccd  PWMGenIntTrigDisable               
00004d19  PWMGenIntStatus                    
00004d57  PWMGenIntRegister                  
00004dbf  PWMGenIntClear                     
00004e15  PWMGenFaultTriggerSet              
00004e99  PWMGenFaultTriggerGet              
00004ee9  PWMGenFaultStatus                  
00004f41  PWMGenFaultConfigure               
00004fb1  PWMGenFaultClear                   
00005037  PWMGenEnable                       
00005071  PWMGenDisable                      
000050ab  PWMGenConfigure                    
00005147  PWMFaultIntUnregister              
00005185  PWMFaultIntRegister                
000051c7  PWMFaultIntClearExt                
000051f9  PWMFaultIntClear                   
0000521b  PWMDeadBandEnable                  
00005285  PWMDeadBandDisable                 
000052c1  PWMClockSet                        
0000531f  PWMClockGet                        
00005371  ADCSoftwareOversampleStepConfigure 
0000545b  ADCSoftwareOversampleDataGet       
0000550b  ADCSoftwareOversampleConfigure     
0000557f  ADCSequenceUnderflowClear          
000055b3  ADCSequenceUnderflow               
000055e9  ADCSequenceStepConfigure           
000056e5  ADCSequenceOverflowClear           
00005719  ADCSequenceOverflow                
0000574f  ADCSequenceEnable                  
00005787  ADCSequenceDisable                 
000057bf  ADCSequenceDataGet                 
0000580b  ADCSequenceDMAEnable               
00005845  ADCSequenceDMADisable              
0000587f  ADCSequenceConfigure               
00005969  ADCReferenceSet                    
000059a3  ADCReferenceGet                    
000059c5  ADCProcessorTrigger                
00005a15  ADCPhaseDelaySet                   
00005a7f  ADCPhaseDelayGet                   
00005add  ADCIntUnregister                   
00005b27  ADCIntStatusEx                     
00005b57  ADCIntStatus                       
00005bb3  ADCIntRegister                     
00005c01  ADCIntEnableEx                     
00005c25  ADCIntEnable                       
00005c63  ADCIntDisableEx                    
00005c87  ADCIntDisable                      
00005cbb  ADCIntClearEx                      
00005cbf  ADCIntClear                        
00005cf3  ADCHardwareOversampleConfigure     
00005d55  ADCComparatorReset                 
00005db9  ADCComparatorRegionSet             
00005e1d  ADCComparatorIntStatus             
00005e3b  ADCComparatorIntEnable             
00005e75  ADCComparatorIntDisable            
00005eaf  ADCComparatorIntClear              
00005ecf  ADCComparatorConfigure             
00005f07  ADCClockConfigSet                  
00005f59  ADCClockConfigGet                  
00005f8b  ADCBusy                            
00005fbd  __TI_printfi                       
00006a0b  __aeabi_idiv0                      
00006a0b  __aeabi_ldiv0                      
00006a69  TimerValueGet64                    
00006a91  TimerValueGet                      
00006ac9  TimerUpdateMode                    
00006af1  TimerSynchronize                   
00006b0b  TimerRTCEnable                     
00006b29  TimerRTCDisable                    
00006b47  TimerPrescaleSet                   
00006b9d  TimerPrescaleMatchSet              
00006bf3  TimerPrescaleMatchGet              
00006c33  TimerPrescaleGet                   
00006c73  TimerMatchSet64                    
00006c91  TimerMatchSet                      
00006ced  TimerMatchGet64                    
00006d39  TimerMatchGet                      
00006d87  TimerLoadSet64                     
00006da5  TimerLoadSet                       
00006ded  TimerLoadGet64                     
00006e15  TimerLoadGet                       
00006e8d  TimerIntUnregister                 
00006ed7  TimerIntStatus                     
00006ef7  TimerIntRegister                   
00006f53  TimerIntEnable                     
00006f71  TimerIntDisable                    
00006f8f  TimerIntClear                      
00006fa9  TimerEnable                        
00006fe7  TimerDisable                       
00007029  TimerDMAEventSet                   
00007043  TimerDMAEventGet                   
0000705b  TimerControlWaitOnTrigger          
000070d1  TimerControlTrigger                
00007155  TimerControlStall                  
000071a1  TimerControlLevel                  
000071ed  TimerControlEvent                  
0000723d  TimerConfigure                     
000073b1  TimerClockSourceSet                
000073e5  TimerClockSourceGet                
000073ff  TimerADCEventSet                   
00007419  TimerADCEventGet                   
00007497  UARTwrite                          
0000752b  UARTvprintf                        
00007739  UARTprintf                         
0000776d  UARTgets                           
00007a89  UARTgetc                           
00007a9f  UARTTxBytesFree                    
00007abd  UARTStdioIntHandler                
00007b91  UARTFlushRx                        
00007ba1  UARTFlushTx                        
00007bc9  UARTStdioConfig                    
00007cd1  UARTRxBytesAvail                   
00007ce1  UARTEchoSet                        
00007d65  UARTTxIntModeSet                   
00007d99  UARTTxIntModeGet                   
00007db5  UARTSpaceAvail                     
00007dd7  UARTSmartCardEnable                
00007e01  UARTSmartCardDisable               
00007e1f  UARTRxErrorGet                     
00007e3b  UARTRxErrorClear                   
00007e55  UARTParityModeSet                  
00007e91  UARTParityModeGet                  
00007eab  UARTModemStatusGet                 
00007ec9  UARTModemControlSet                
00007efd  UARTModemControlGet                
00007f19  UARTModemControlClear              
00007f53  UARTLoopbackEnable                 
00007fa7  UARTIntUnregister                  
00007fdf  UARTIntStatus                      
00008021  UARTIntRegister                    
00008071  UARTIntEnable                      
0000808f  UARTIntDisable                     
000080ad  UARTIntClear                       
000080c7  UARTFlowControlSet                 
000080fb  UARTFlowControlGet                 
00008117  UARTFIFOLevelSet                   
0000816f  UARTFIFOLevelGet                   
00008197  UARTFIFOEnable                     
000081b5  UARTFIFODisable                    
000081d3  UARTEnableSIR                      
00008201  UARTEnable                         
00008229  UARTDisableSIR                     
0000825d  UARTDisable                        
00008289  UARTDMAEnable                      
000082a7  UARTDMADisable                     
000082c5  UARTConfigSetExpClk                
00008345  UARTConfigGetExpClk                
00008389  UARTClockSourceSet                 
000083b7  UARTClockSourceGet                 
000083d1  UARTCharsAvail                     
000083f3  UARTCharPutNonBlocking             
00008419  UARTCharPut                        
00008439  UARTCharGetNonBlocking             
0000845d  UARTCharGet                        
0000847b  UARTBusy                           
00008497  UARTBreakCtl                       
000084c1  UART9BitEnable                     
000084e3  UART9BitDisable                    
00008505  UART9BitAddrSet                    
00008527  UART9BitAddrSend                   
0000856d  whisker_ISR                        
000085af  vApplicationTickHook               
000085cd  vApplicationStackOverflowHook      
000085cf  vApplicationMallocFailedHook       
000088f1  main                               
00008abd  encoder_ISR                        
00008b09  botones_ISR                        
00008b47  __error__                          
00008ba5  xTimerPendFunctionCallFromISR      
00008bc7  xTimerPendFunctionCall             
00008c03  xTimerIsTimerActive                
00008c27  xTimerGetTimerDaemonTaskHandle     
00008c3d  xTimerGetPeriod                    
00008c51  xTimerGetExpiryTime                
00008c65  xTimerGenericCommand               
00008d0d  xTimerCreateTimerTask              
00008d89  xTimerCreate                       
00008dbd  vTimerSetTimerNumber               
00008dc1  vTimerSetTimerID                   
00008ddf  vTimerSetReloadMode                
00008e17  uxTimerGetTimerNumber              
00008e1b  uxTimerGetReloadMode               
00008e3f  pvTimerGetTimerID                  
0000919b  pcTimerGetName                     
00009235  initCommandLine                    
000096df  IntUnregister                      
000096fb  IntTrigger                         
00009719  IntRegister                        
0000976b  IntPrioritySet                     
000097ad  IntPriorityGroupingSet             
000097d1  IntPriorityGroupingGet             
000097f3  IntPriorityGet                     
00009821  IntPendSet                         
0000987d  IntPendClear                       
000098cb  IntMasterEnable                    
000098db  IntMasterDisable                   
000098eb  IntIsEnabled                       
00009953  IntEnable                          
000099ed  IntDisable                         
00009a85  xPortGetMinimumEverFreeHeapSize    
00009a8b  xPortGetFreeHeapSize               
00009a91  vPortInitialiseBlocks              
00009a93  vPortGetHeapStats                  
00009b49  vPortFree                          
00009c01  pvPortMalloc                       
00009d59  xCoRoutineRemoveFromEventList      
00009dbf  xCoRoutineCreate                   
00009f35  vCoRoutineSchedule                 
00009f9b  vCoRoutineAddToDelayedList         
0000a27d  xPortSysTickHandler                
0000a2c7  vPortSetupTimerInterrupt           
0000a2f1  xPortStartScheduler                
0000a383  vPortValidateInterruptPriority     
0000a3c5  vPortExitCritical                  
0000a3e7  vPortEnterCritical                 
0000a417  vPortEndScheduler                  
0000a42d  pxPortInitialiseStack              
0000a681  __aeabi_dsub                       
0000a68b  __aeabi_dadd                       
0000a975  setSingleServoSpeed                
0000a9bb  setServosSpeed                     
0000a9df  configServos                       
0000aaad  __aeabi_ddiv                       
0000abe5  configADC_LeeADC                   
0000abf3  configADC_IniciaADC                
0000acb1  configADC_ISR                      
0000acef  configADC_DisparaADC               
0000ae3d  ldexp                              
0000ae3d  ldexpl                             
0000ae3d  scalbn                             
0000ae3d  scalbnl                            
0000af4d  __aeabi_dmul                       
0000b049  ButtonsPoll                        
0000b0c9  ButtonsInit                        
0000b141  CPUUsageTick                       
0000b175  CPUUsageInit                       
0000b249  ulPortGetIPSR                      
0000b261  xPortPendSVHandler                 
0000b2c1  vPortSVCHandler                    
0000b2e1  vPortStartFirstTask                
0000b305  vPortEnableVFP                     
0000b3c7  __aeabi_memcpy                     
0000b3c7  __aeabi_memcpy4                    
0000b3c7  __aeabi_memcpy8                    
0000b3c7  memcpy                             
0000b463  __aeabi_uldivmod                   
0000b4f9  vListInsertEnd                     
0000b511  vListInsert                        
0000b543  vListInitialiseItem                
0000b549  vListInitialise                    
0000b567  uxListRemove                       
0000b58d  __aeabi_cdcmpeq                    
0000b58d  __aeabi_cdcmple                    
0000b613  __aeabi_cdrcmple                   
0000b699  __aeabi_memclr                     
0000b699  __aeabi_memclr4                    
0000b699  __aeabi_memclr8                    
0000b69b  __aeabi_memset                     
0000b69b  __aeabi_memset4                    
0000b69b  __aeabi_memset8                    
0000b6a1  memset                             
0000b781  __TI_decompress_lzss               
0000b7e9  vConfigureTimerForRunTimeStats     
0000b84d  CmdLineProcess                     
0000b8b1  frexp                              
0000b8b1  frexpl                             
0000b96b  __TI_ltoa                          
0000ba11  atoi                               
0000ba5d  __aeabi_d2iz                       
0000baa5  __TI_auto_init_nobinit_nopinit     
0000bae9  __aeabi_uidiv                      
0000bae9  __aeabi_uidivmod                   
0000bb29  sprintf                            
0000bba7  CPUwfi                             
0000bba7  SysCtlSleep                        
0000bba7  vApplicationIdleHook               
0000bbab  CPUprimask                         
0000bbb5  CPUcpsie                           
0000bbc1  CPUcpsid                           
0000bbcd  CPUbasepriSet                      
0000bbcd  IntPriorityMaskSet                 
0000bbd3  CPUbasepriGet                      
0000bbd3  IntPriorityMaskGet                 
0000bbdd  _c_int00_noargs                    
0000bc11  __aeabi_i2d                        
0000bc3f  strncmp                            
0000bc6d  ResetISR                           
0000bc95  GetOverflowCounts                  
0000bcb9  memccpy                            
0000bcd5  copysign                           
0000bcd5  copysignl                          
0000bd07  strcmp                             
0000bd1f  strchr                             
0000bd35  strcpy                             
0000bd49  strlen                             
0000bd5d  wcslen                             
0000bd6f  __TI_decompress_none               
0000bd7d  __TI_zero_init                     
0000bd95  __aeabi_errno_addr                 
0000bd9d  SysCtlDelay                        
0000bda3  _system_pre_init                   
0000bda7  C$$EXIT                            
0000bda7  abort                              
0000c088  _ctypes_                           
0000c6bc  ulMaxSyscallInterruptPriority      
0000c6c4  uxTopUsedPriority                  
0000c798  __TI_Handler_Table_Base            
0000c7a4  __TI_Handler_Table_Limit           
0000c7b8  __TI_CINIT_Base                    
0000c7d0  __TI_CINIT_Limit                   
20000000  __start___llvm_prf_cnts            
20000000  __stop___llvm_prf_cnts             
20000000  g_pfnRAMVectors                    
20005720  cola_adc                           
20005724  g_servo_mode                       
20005728  g_ui32CPUUsage                     
2000572c  g_ui32SystemClock                  
20005730  q_encoders                         
20005734  servos_ctl                         
20005738  servos_mode                        
2000573c  servos_set                         
20005740  __stack                            
20005f40  __STACK_END                        
20005f40  __STACK_TOP                        
20005f40  g_psCmdTable                       
20005fa0  pxCurrentTCB                       
20005fdc  g_v41                              
2000601c  pxCurrentCoRoutine                 
2000609c  g_n41                              
200060a4  errno                              
ffffffff  __TI_pprof_out_hndl                
ffffffff  __TI_prof_data_size                
ffffffff  __TI_prof_data_start               
ffffffff  __binit__                          
ffffffff  __c_args__                         
ffffffff  binit                              
UNDEFED   __mpu_init                         
UNDEFED   _system_post_cinit                 

[542 symbols]
