******************************************************************************
                  TI ARM Linker PC v20.2.2                     
******************************************************************************
>> Linked Thu Jan 20 12:22:39 2022

OUTPUT FILE NAME:   <ejercicio-FreeRTOS.out>
ENTRY POINT SYMBOL: "_c_int00_noargs"  address: 0000c125


MEMORY CONFIGURATION

         name            origin    length      used     unused   attr    fill
----------------------  --------  ---------  --------  --------  ----  --------
  FLASH                 00000000   00040000  0000cdba  00033246  R  X
  SRAM                  20000000   00008000  00006263  00001d9d  RW X


SEGMENT ALLOCATION MAP

run origin  load origin   length   init length attrs members
----------  ----------- ---------- ----------- ----- -------
00000000    00000000    0000cdc0   0000cdc0    r-x
  00000000    00000000    0000026c   0000026c    r-- .intvecs
  0000026c    0000026c    0000c086   0000c086    r-x .text
  0000c2f4    0000c2f4    00000920   00000920    r-- .const
  0000cc18    0000cc18    000001a8   000001a8    r-- .cinit
20000000    20000000    00006263   00000000    rw-
  20000000    20000000    0000026c   00000000    rw- .vtable
  2000026c    2000026c    000054f4   00000000    rw- .bss
  20005760    20005760    00000800   00000000    rw- .stack
  20005f60    20005f60    00000303   00000000    rw- .data


SECTION ALLOCATION MAP

 output                                  attributes/
section   page    origin      length       input sections
--------  ----  ----------  ----------   ----------------
.intvecs   0    00000000    0000026c     
                  00000000    0000026c     startup_ccs.obj (.intvecs)

.text      0    0000026c    0000c086     
                  0000026c    000018c4     tasks.obj (.text)
                  00001b30    0000101c     sysctl.obj (.text)
                  00002b4c    00000e10     gpio.obj (.text)
                  0000395c    00000dc4     queue.obj (.text)
                  00004720    00000c50     pwm.obj (.text)
                  00005370    00000c4c     adc.obj (.text)
                  00005fbc    00000a4e     rtsv7M4_T_le_v4SPD16_eabi.lib : _printfi.c.obj (.text:__TI_printfi)
                  00006a0a    00000002                                   : div0.asm.obj (.text)
                  00006a0c    00000a4c     ejercicio-freeRTOS.obj (.text)
                  00007458    00000a38     timer.obj (.text)
                  00007e90    000008e8     uartstdio.obj (.text)
                  00008778    00000840     uart.obj (.text)
                  00008fb8    00000620     timers.obj (.text)
                  000095d8    00000518     commands.obj (.text)
                  00009af0    000003a8     interrupt.obj (.text)
                  00009e98    000002d4     heap_4.obj (.text)
                  0000a16c    000002b4     croutine.obj (.text)
                  0000a420    00000270     rtsv7M4_T_le_v4SPD16_eabi.lib : _printfi.c.obj (.text:_pconv_a)
                  0000a690    00000258     servos.obj (.text)
                  0000a8e8    00000234     port.obj (.text)
                  0000ab1c    000001d0     rtsv7M4_T_le_v4SPD16_eabi.lib : _printfi.c.obj (.text:_pconv_g)
                  0000acec    000001b6                                   : fd_add_t2.asm.obj (.text)
                  0000aea2    00000002     --HOLE-- [fill = 0]
                  0000aea4    00000148     configADC.obj (.text)
                  0000afec    0000013c     rtsv7M4_T_le_v4SPD16_eabi.lib : _printfi.c.obj (.text:_pconv_e)
                  0000b128    00000136                                   : fd_div_t2.asm.obj (.text)
                  0000b25e    00000002     --HOLE-- [fill = 0]
                  0000b260    00000124                                   : _printfi.c.obj (.text:fcvt)
                  0000b384    00000110                                   : s_scalbn.c.obj (.text:scalbn)
                  0000b494    000000fc                                   : fd_mul_t2.asm.obj (.text)
                  0000b590    000000f8     buttons.obj (.text)
                  0000b688    000000f8     cpu_usage.obj (.text)
                  0000b780    000000da     portasm.obj (.text)
                  0000b85a    00000002     --HOLE-- [fill = 0]
                  0000b85c    000000b1     rtsv7M4_T_le_v4SPD16_eabi.lib : _printfi.c.obj (.text:_ltostr)
                  0000b90d    00000001     --HOLE-- [fill = 0]
                  0000b90e    0000009c                                   : memcpy_t2.asm.obj (.text)
                  0000b9aa    00000096                                   : ull_div_t2.asm.obj (.text)
                  0000ba40    00000094     list.obj (.text)
                  0000bad4    00000086     rtsv7M4_T_le_v4SPD16_eabi.lib : fd_cmp_t2.asm.obj (.text:__aeabi_cdcmple)
                  0000bb5a    00000086                                   : fd_cmp_t2.asm.obj (.text:__aeabi_cdrcmple)
                  0000bbe0    0000007a                                   : memset_t2.asm.obj (.text)
                  0000bc5a    0000006e                                   : _printfi.c.obj (.text:_mcpy)
                  0000bcc8    00000068                                   : copy_decompress_lzss.c.obj (.text:decompress:lzss:__TI_decompress_lzss)
                  0000bd30    00000064     RunTimeStatsConfig.obj (.text)
                  0000bd94    00000064     cmdline.obj (.text)
                  0000bdf8    00000064     rtsv7M4_T_le_v4SPD16_eabi.lib : s_frexp.c.obj (.text:frexp)
                  0000be5c    00000056                                   : _printfi.c.obj (.text:_pconv_f)
                  0000beb2    00000054                                   : _ltoa.c.obj (.text:__TI_ltoa)
                  0000bf06    00000052                                   : _printfi.c.obj (.text:_ecpy)
                  0000bf58    0000004c                                   : atoi.c.obj (.text:atoi)
                  0000bfa4    00000048                                   : fd_toi_t2.asm.obj (.text)
                  0000bfec    00000044                                   : autoinit.c.obj (.text:__TI_auto_init_nobinit_nopinit:__TI_auto_init_nobinit_nopinit)
                  0000c030    00000040                                   : u_divt2.asm.obj (.text)
                  0000c070    00000040                                   : sprintf.c.obj (.text:sprintf)
                  0000c0b0    0000003e                                   : _printfi.c.obj (.text:_fcpy)
                  0000c0ee    00000036     cpu.obj (.text)
                  0000c124    00000034     rtsv7M4_T_le_v4SPD16_eabi.lib : boot_cortex_m.c.obj (.text:_c_int00_noargs:_c_int00_noargs)
                  0000c158    0000002e                                   : i_tofd_t2.asm.obj (.text)
                  0000c186    0000002c                                   : strncmp.c.obj (.text:strncmp)
                  0000c1b2    00000002     --HOLE-- [fill = 0]
                  0000c1b4    00000028     startup_ccs.obj (.text)
                  0000c1dc    00000024     RunTimeStatsConfig.obj (.text:GetOverflowCounts)
                  0000c200    0000001c     rtsv7M4_T_le_v4SPD16_eabi.lib : memccpy.c.obj (.text:memccpy)
                  0000c21c    0000001a                                   : s_copysign.c.obj (.text:copysign)
                  0000c236    00000018                                   : sprintf.c.obj (.text:_outs)
                  0000c24e    00000018                                   : strcmp.c.obj (.text:strcmp)
                  0000c266    00000016                                   : strchr.c.obj (.text:strchr)
                  0000c27c    00000014                                   : strcpy.c.obj (.text:strcpy)
                  0000c290    00000014                                   : strlen.c.obj (.text:strlen)
                  0000c2a4    00000012                                   : wcslen.c.obj (.text:wcslen)
                  0000c2b6    0000000e                                   : copy_decompress_none.c.obj (.text:decompress:none:__TI_decompress_none)
                  0000c2c4    0000000c                                   : copy_zero_init.c.obj (.text:decompress:ZI:__TI_zero_init)
                  0000c2d0    0000000a                                   : sprintf.c.obj (.text:_outc)
                  0000c2da    00000002     --HOLE-- [fill = 0]
                  0000c2dc    00000008                                   : errno.c.obj (.text:__aeabi_errno_addr)
                  0000c2e4    00000006     sysctl.obj (.text:SysCtlDelay)
                  0000c2ea    00000004     rtsv7M4_T_le_v4SPD16_eabi.lib : pre_init.c.obj (.text:_system_pre_init)
                  0000c2ee    00000004                                   : exit.c.obj (.text:abort:abort)

.const     0    0000c2f4    00000920     
                  0000c2f4    000001b0     sysctl.obj (.const:g_pppui32XTALtoVCO)
                  0000c4a4    0000012c     commands.obj (.const:.string)
                  0000c5d0    00000101     rtsv7M4_T_le_v4SPD16_eabi.lib : ctype.c.obj (.const:.string:_ctypes_)
                  0000c6d1    00000003     --HOLE-- [fill = 0]
                  0000c6d4    000000d8     gpio.obj (.const:g_ppui32GPIOIntMapSnowflake)
                  0000c7ac    000000c0     gpio.obj (.const:g_ppui32GPIOIntMapBlizzard)
                  0000c86c    0000009c     interrupt.obj (.const:g_pui32Regs)
                  0000c908    00000090     gpio.obj (.const:g_pui32GPIOBaseAddrs)
                  0000c998    0000006c     sysctl.obj (.const:g_pui32Xtals)
                  0000ca04    00000060     timer.obj (.const:g_ppui32TimerIntMap)
                  0000ca64    00000040     timer.obj (.const:g_ppui32TimerIntMapSnowflake)
                  0000caa4    00000040     uart.obj (.const:g_ppui32UARTIntMap)
                  0000cae4    00000040     uart.obj (.const:g_ppui32UARTIntMapSnowflake)
                  0000cb24    00000030     sysctl.obj (.const:g_sXTALtoMEMTIM)
                  0000cb54    00000020     interrupt.obj (.const:g_pui32Priority)
                  0000cb74    00000014     interrupt.obj (.const:g_pui32Dii16Regs)
                  0000cb88    00000014     interrupt.obj (.const:g_pui32EnRegs)
                  0000cb9c    00000014     interrupt.obj (.const:g_pui32PendRegs)
                  0000cbb0    00000014     interrupt.obj (.const:g_pui32UnpendRegs)
                  0000cbc4    00000012     uartstdio.obj (.const:.string)
                  0000cbd6    00000002     --HOLE-- [fill = 0]
                  0000cbd8    0000000c     uartstdio.obj (.const:g_ui32UARTBase)
                  0000cbe4    0000000c     uartstdio.obj (.const:g_ui32UARTInt)
                  0000cbf0    0000000c     uartstdio.obj (.const:g_ui32UARTPeriph)
                  0000cbfc    00000008     sysctl.obj (.const:g_pui32VCOFrequencies)
                  0000cc04    00000008     port.obj (.const)
                  0000cc0c    00000004     tasks.obj (.const)
                  0000cc10    00000004     uartstdio.obj (.const)

.cinit     0    0000cc18    000001a8     
                  0000cc18    00000171     (.cinit..data.load) [load image, compression = lzss]
                  0000cd89    00000003     --HOLE-- [fill = 0]
                  0000cd8c    0000000c     (__TI_handler_table)
                  0000cd98    00000008     (.cinit..bss.load) [load image, compression = zero_init]
                  0000cda0    00000008     (.cinit..vtable.load) [load image, compression = zero_init]
                  0000cda8    00000018     (__TI_cinit_table)

.init_array 
*          0    00000000    00000000     UNINITIALIZED

.vtable    0    20000000    0000026c     UNINITIALIZED
                  20000000    0000026c     interrupt.obj (.vtable)

.bss       0    2000026c    000054f4     UNINITIALIZED
                  2000026c    00005000     heap_4.obj (.bss:ucHeap)
                  2000526c    00000200     uartstdio.obj (.bss:g_pcUARTRxHistoryBuffer)
                  2000546c    00000140     tasks.obj (.bss:pxReadyTasksLists)
                  200055ac    00000028     croutine.obj (.bss:pxReadyCoRoutineLists)
                  200055d4    00000024     cmdline.obj (.bss:g_ppcArgv)
                  200055f8    00000020     uartstdio.obj (.bss:g_usUARTRxHistoryOffset)
                  20005618    00000014     uartstdio.obj (.bss)
                  2000562c    00000014     timers.obj (.bss:xActiveTimerList1)
                  20005640    00000014     timers.obj (.bss:xActiveTimerList2)
                  20005654    00000014     croutine.obj (.bss:xDelayedCoRoutineList1)
                  20005668    00000014     croutine.obj (.bss:xDelayedCoRoutineList2)
                  2000567c    00000014     tasks.obj (.bss:xDelayedTaskList1)
                  20005690    00000014     tasks.obj (.bss:xDelayedTaskList2)
                  200056a4    00000014     croutine.obj (.bss:xPendingReadyCoRoutineList)
                  200056b8    00000014     tasks.obj (.bss:xPendingReadyList)
                  200056cc    00000014     tasks.obj (.bss:xSuspendedTaskList)
                  200056e0    00000014     tasks.obj (.bss:xTasksWaitingTermination)
                  200056f4    0000000c     cpu_usage.obj (.bss)
                  20005700    00000008     adc.obj (.bss:g_pui8OversampleFactor)
                  20005708    00000008     tasks.obj (.bss)
                  20005710    00000008     timers.obj (.bss)
                  20005718    00000008     heap_4.obj (.bss:xStart)
                  20005720    00000004     (.common:cola_adc)
                  20005724    00000004     (.common:g_event)
                  20005728    00000004     (.common:g_servo_mode)
                  2000572c    00000004     (.common:g_ui32CPUUsage)
                  20005730    00000004     (.common:g_ui32SystemClock)
                  20005734    00000004     (.common:move_set)
                  20005738    00000004     (.common:ordenes_set)
                  2000573c    00000004     (.common:q_encoders)
                  20005740    00000004     (.common:q_steps)
                  20005744    00000004     (.common:s_control)
                  20005748    00000004     (.common:s_der)
                  2000574c    00000004     (.common:s_izq)
                  20005750    00000004     (.common:s_suelo)
                  20005754    00000004     (.common:servos_ctl)
                  20005758    00000004     (.common:servos_mode)
                  2000575c    00000004     (.common:servos_set)

.data      0    20005f60    00000303     UNINITIALIZED
                  20005f60    000000a0     ejercicio-freeRTOS.obj (.data:historial)
                  20006000    00000060     commands.obj (.data:g_psCmdTable)
                  20006060    0000005c     ejercicio-freeRTOS.obj (.data:g_d21)
                  200060bc    0000005c     ejercicio-freeRTOS.obj (.data:g_v21)
                  20006118    0000003c     tasks.obj (.data)
                  20006154    00000038     ejercicio-freeRTOS.obj (.data:g_d41)
                  2000618c    00000038     ejercicio-freeRTOS.obj (.data:g_v41)
                  200061c4    0000001c     croutine.obj (.data)
                  200061e0    00000018     cpu_usage.obj (.data:g_pui32CPUUsageTimerBase)
                  200061f8    00000018     cpu_usage.obj (.data:g_pui32CPUUsageTimerPeriph)
                  20006210    00000018     heap_4.obj (.data)
                  20006228    0000000e     ejercicio-freeRTOS.obj (.data)
                  20006236    00000002     --HOLE--
                  20006238    0000000c     port.obj (.data)
                  20006244    0000000c     timers.obj (.data)
                  20006250    0000000c     uartstdio.obj (.data)
                  2000625c    00000004     rtsv7M4_T_le_v4SPD16_eabi.lib : errno.c.obj (.data)
                  20006260    00000003     buttons.obj (.data)

.stack     0    20005760    00000800     UNINITIALIZED
                  20005760    00000004     rtsv7M4_T_le_v4SPD16_eabi.lib : boot_cortex_m.c.obj (.stack)
                  20005764    000007fc     --HOLE--

__llvm_prf_cnts 
*          0    20000000    00000000     UNINITIALIZED

MODULE SUMMARY

       Module                       code    ro data   rw data
       ------                       ----    -------   -------
    .\
       ejercicio-freeRTOS.obj       2636    0         530    
       commands.obj                 1304    300       96     
       startup_ccs.obj              40      620       0      
    +--+----------------------------+-------+---------+---------+
       Total:                       3980    920       626    
                                                             
    .\FreeRTOS\Source\
       tasks.obj                    6340    4         488    
       queue.obj                    3524    0         0      
       timers.obj                   1568    0         60     
       croutine.obj                 692     0         128    
       list.obj                     148     0         0      
    +--+----------------------------+-------+---------+---------+
       Total:                       12272   4         676    
                                                             
    .\FreeRTOS\Source\portable\CCS\ARM_CM4F\
       port.obj                     564     8         12     
       portasm.obj                  218     0         0      
    +--+----------------------------+-------+---------+---------+
       Total:                       782     8         12     
                                                             
    .\FreeRTOS\Source\portable\MemMang\
       heap_4.obj                   724     0         20512  
    +--+----------------------------+-------+---------+---------+
       Total:                       724     0         20512  
                                                             
    .\driverlib\
       sysctl.obj                   4130    596       0      
       gpio.obj                     3600    552       0      
       adc.obj                      3148    0         8      
       pwm.obj                      3152    0         0      
       timer.obj                    2616    160       0      
       uart.obj                     2112    128       0      
       interrupt.obj                936     268       620    
       cpu.obj                      54      0         0      
    +--+----------------------------+-------+---------+---------+
       Total:                       19748   1704      628    
                                                             
    .\drivers\
       servos.obj                   600     0         4      
       configADC.obj                328     0         0      
       buttons.obj                  248     0         3      
    +--+----------------------------+-------+---------+---------+
       Total:                       1176    0         7      
                                                             
    .\utils\
       uartstdio.obj                2280    58        576    
       cpu_usage.obj                248     0         60     
       RunTimeStatsConfig.obj       136     0         0      
       cmdline.obj                  100     0         36     
    +--+----------------------------+-------+---------+---------+
       Total:                       2764    58        672    
                                                             
    C:\ti\ccs1020\ccs\tools\compiler\ti-cgt-arm_20.2.2.LTS\lib\rtsv7M4_T_le_v4SPD16_eabi.lib
       _printfi.c.obj               4851    0         0      
       fd_add_t2.asm.obj            438     0         0      
       fd_div_t2.asm.obj            310     0         0      
       s_scalbn.c.obj               272     0         0      
       fd_cmp_t2.asm.obj            268     0         0      
       ctype.c.obj                  0       257       0      
       fd_mul_t2.asm.obj            252     0         0      
       memcpy_t2.asm.obj            156     0         0      
       ull_div_t2.asm.obj           150     0         0      
       memset_t2.asm.obj            122     0         0      
       copy_decompress_lzss.c.obj   104     0         0      
       s_frexp.c.obj                100     0         0      
       sprintf.c.obj                98      0         0      
       _ltoa.c.obj                  84      0         0      
       atoi.c.obj                   76      0         0      
       fd_toi_t2.asm.obj            72      0         0      
       autoinit.c.obj               68      0         0      
       u_divt2.asm.obj              64      0         0      
       boot_cortex_m.c.obj          52      0         0      
       i_tofd_t2.asm.obj            46      0         0      
       strncmp.c.obj                44      0         0      
       memccpy.c.obj                28      0         0      
       s_copysign.c.obj             26      0         0      
       strcmp.c.obj                 24      0         0      
       strchr.c.obj                 22      0         0      
       strcpy.c.obj                 20      0         0      
       strlen.c.obj                 20      0         0      
       wcslen.c.obj                 18      0         0      
       copy_decompress_none.c.obj   14      0         0      
       copy_zero_init.c.obj         12      0         0      
       errno.c.obj                  8       0         4      
       exit.c.obj                   4       0         0      
       pre_init.c.obj               4       0         0      
       div0.asm.obj                 2       0         0      
    +--+----------------------------+-------+---------+---------+
       Total:                       7829    257       4      
                                                             
       Stack:                       0       0         2048   
       Linker Generated:            0       421       0      
    +--+----------------------------+-------+---------+---------+
       Grand Total:                 49275   3372      25185  


LINKER GENERATED COPY TABLES

__TI_cinit_table @ 0000cda8 records: 3, size/record: 8, table size: 24
	.data: load addr=0000cc18, load size=00000171 bytes, run addr=20005f60, run size=00000303 bytes, compression=lzss
	.bss: load addr=0000cd98, load size=00000008 bytes, run addr=2000026c, run size=000054f4 bytes, compression=zero_init
	.vtable: load addr=0000cda0, load size=00000008 bytes, run addr=20000000, run size=0000026c bytes, compression=zero_init


LINKER GENERATED HANDLER TABLE

__TI_handler_table @ 0000cd8c records: 3, size/record: 4, table size: 12
	index: 0, handler: __TI_zero_init
	index: 1, handler: __TI_decompress_lzss
	index: 2, handler: __TI_decompress_none


GLOBAL SYMBOLS: SORTED ALPHABETICALLY BY Name 

address   name                               
-------   ----                               
00005f8b  ADCBusy                            
00005f59  ADCClockConfigGet                  
00005f07  ADCClockConfigSet                  
00005ecf  ADCComparatorConfigure             
00005eaf  ADCComparatorIntClear              
00005e75  ADCComparatorIntDisable            
00005e3b  ADCComparatorIntEnable             
00005e1d  ADCComparatorIntStatus             
00005db9  ADCComparatorRegionSet             
00005d55  ADCComparatorReset                 
00005cf3  ADCHardwareOversampleConfigure     
00005cbf  ADCIntClear                        
00005cbb  ADCIntClearEx                      
00005c87  ADCIntDisable                      
00005c63  ADCIntDisableEx                    
00005c25  ADCIntEnable                       
00005c01  ADCIntEnableEx                     
00005bb3  ADCIntRegister                     
00005b57  ADCIntStatus                       
00005b27  ADCIntStatusEx                     
00005add  ADCIntUnregister                   
00005a7f  ADCPhaseDelayGet                   
00005a15  ADCPhaseDelaySet                   
000059c5  ADCProcessorTrigger                
000059a3  ADCReferenceGet                    
00005969  ADCReferenceSet                    
0000587f  ADCSequenceConfigure               
00005845  ADCSequenceDMADisable              
0000580b  ADCSequenceDMAEnable               
000057bf  ADCSequenceDataGet                 
00005787  ADCSequenceDisable                 
0000574f  ADCSequenceEnable                  
00005719  ADCSequenceOverflow                
000056e5  ADCSequenceOverflowClear           
000055e9  ADCSequenceStepConfigure           
000055b3  ADCSequenceUnderflow               
0000557f  ADCSequenceUnderflowClear          
0000550b  ADCSoftwareOversampleConfigure     
0000545b  ADCSoftwareOversampleDataGet       
00005371  ADCSoftwareOversampleStepConfigure 
0000b611  ButtonsInit                        
0000b591  ButtonsPoll                        
0000c2ef  C$$EXIT                            
0000b6bd  CPUUsageInit                       
0000b689  CPUUsageTick                       
0000c11b  CPUbasepriGet                      
0000c115  CPUbasepriSet                      
0000c109  CPUcpsid                           
0000c0fd  CPUcpsie                           
0000c0f3  CPUprimask                         
0000c0ef  CPUwfi                             
0000bd95  CmdLineProcess                     
00003935  GPIOADCTriggerDisable              
00003913  GPIOADCTriggerEnable               
000038f1  GPIODMATriggerDisable              
000038cf  GPIODMATriggerEnable               
00003879  GPIODirModeGet                     
00002c45  GPIODirModeSet                     
00003855  GPIOIntClear                       
00003827  GPIOIntDisable                     
00003805  GPIOIntEnable                      
000037c9  GPIOIntRegister                    
00003769  GPIOIntRegisterPin                 
00003745  GPIOIntStatus                      
000036d5  GPIOIntTypeGet                     
00003605  GPIOIntTypeSet                     
000035cd  GPIOIntUnregister                  
00003589  GPIOIntUnregisterPin               
0000344b  GPIOPadConfigGet                   
00002cd5  GPIOPadConfigSet                   
000033e5  GPIOPinConfigure                   
000033c9  GPIOPinRead                        
0000339b  GPIOPinTypeADC                     
0000336d  GPIOPinTypeCAN                     
0000333f  GPIOPinTypeComparator              
00003311  GPIOPinTypeComparatorOutput        
000032e3  GPIOPinTypeDIVSCLK                 
000032b5  GPIOPinTypeEPI                     
00003287  GPIOPinTypeEthernetLED             
00003259  GPIOPinTypeEthernetMII             
00003227  GPIOPinTypeGPIOInput               
000031f9  GPIOPinTypeGPIOOutput              
000031cb  GPIOPinTypeGPIOOutputOD            
0000319d  GPIOPinTypeHibernateRTCCLK         
0000316f  GPIOPinTypeI2C                     
00003141  GPIOPinTypeI2CSCL                  
00003113  GPIOPinTypeLCD                     
000030e5  GPIOPinTypeOneWire                 
000030b7  GPIOPinTypePWM                     
00003089  GPIOPinTypeQEI                     
0000304f  GPIOPinTypeSSI                     
00003021  GPIOPinTypeTimer                   
00002ff3  GPIOPinTypeTrace                   
00002fc5  GPIOPinTypeUART                    
00002f97  GPIOPinTypeUSBAnalog               
00002f69  GPIOPinTypeUSBDigital              
00002f39  GPIOPinTypeWakeHigh                
00002ef1  GPIOPinTypeWakeLow                 
00002c3f  GPIOPinWakeStatus                  
00002c21  GPIOPinWrite                       
00002bf9  GPIOUnlockPin                      
0000c1dd  GetOverflowCounts                  
00009e01  IntDisable                         
00009d67  IntEnable                          
00009cff  IntIsEnabled                       
00009cef  IntMasterDisable                   
00009cdf  IntMasterEnable                    
00009c91  IntPendClear                       
00009c35  IntPendSet                         
00009c07  IntPriorityGet                     
00009be5  IntPriorityGroupingGet             
00009bc1  IntPriorityGroupingSet             
0000c11b  IntPriorityMaskGet                 
0000c115  IntPriorityMaskSet                 
00009b7f  IntPrioritySet                     
00009b2d  IntRegister                        
00009b0f  IntTrigger                         
00009af3  IntUnregister                      
0000531f  PWMClockGet                        
000052c1  PWMClockSet                        
00005285  PWMDeadBandDisable                 
0000521b  PWMDeadBandEnable                  
000051f9  PWMFaultIntClear                   
000051c7  PWMFaultIntClearExt                
00005185  PWMFaultIntRegister                
00005147  PWMFaultIntUnregister              
000050ab  PWMGenConfigure                    
00005071  PWMGenDisable                      
00005037  PWMGenEnable                       
00004fb1  PWMGenFaultClear                   
00004f41  PWMGenFaultConfigure               
00004ee9  PWMGenFaultStatus                  
00004e99  PWMGenFaultTriggerGet              
00004e15  PWMGenFaultTriggerSet              
00004dbf  PWMGenIntClear                     
00004d57  PWMGenIntRegister                  
00004d19  PWMGenIntStatus                    
00004ccd  PWMGenIntTrigDisable               
00004c81  PWMGenIntTrigEnable                
00004c2d  PWMGenIntUnregister                
00004b25  PWMGenPeriodGet                    
00004abd  PWMGenPeriodSet                    
00004a6d  PWMIntDisable                      
00004a15  PWMIntEnable                       
000049ef  PWMIntStatus                       
000049ab  PWMOutputFault                     
00004967  PWMOutputFaultLevel                
00004923  PWMOutputInvert                    
000048df  PWMOutputState                     
00004865  PWMOutputUpdateMode                
00004817  PWMPulseWidthGet                   
000047b3  PWMPulseWidthSet                   
00004753  PWMSyncTimeBase                    
00004721  PWMSyncUpdate                      
0000c1b5  ResetISR                           
00002af5  SysCtlAltClkConfig                 
000028f5  SysCtlClockFreqSet                 
00002711  SysCtlClockGet                     
000026b5  SysCtlClockOutConfig               
000025d1  SysCtlClockSet                     
000025ab  SysCtlDeepSleep                    
00002547  SysCtlDeepSleepClockConfigSet      
0000253f  SysCtlDeepSleepClockSet            
00002539  SysCtlDeepSleepPowerSet            
0000c2e5  SysCtlDelay                        
0000250d  SysCtlFlashSectorSizeGet           
000024d1  SysCtlFlashSizeGet                 
00002475  SysCtlGPIOAHBDisable               
00002417  SysCtlGPIOAHBEnable                
0000240f  SysCtlIntClear                     
00002401  SysCtlIntDisable                   
000023f1  SysCtlIntEnable                    
000023df  SysCtlIntRegister                  
000023cf  SysCtlIntStatus                    
000023bf  SysCtlIntUnregister                
000023b7  SysCtlLDODeepSleepGet              
00002369  SysCtlLDODeepSleepSet              
0000235b  SysCtlLDOSleepGet                  
0000230d  SysCtlLDOSleepSet                  
00002301  SysCtlMOSCConfigSet                
000022f3  SysCtlNMIClear                     
000022eb  SysCtlNMIStatus                    
000022ad  SysCtlPIOSCCalibrate               
0000227d  SysCtlPWMClockGet                  
00002225  SysCtlPWMClockSet                  
000021df  SysCtlPeripheralClockGating        
0000219d  SysCtlPeripheralDeepSleepDisable   
0000213d  SysCtlPeripheralDeepSleepEnable    
000020f1  SysCtlPeripheralDisable            
000020a1  SysCtlPeripheralEnable             
00002055  SysCtlPeripheralPowerOff           
00002005  SysCtlPeripheralPowerOn            
00001fb7  SysCtlPeripheralPresent            
00001f71  SysCtlPeripheralReady              
00001ec1  SysCtlPeripheralReset              
00001e6d  SysCtlPeripheralSleepDisable       
00001e25  SysCtlPeripheralSleepEnable        
00001c03  SysCtlReset                        
00001bfb  SysCtlResetBehaviorGet             
00001bf3  SysCtlResetBehaviorSet             
00001be5  SysCtlResetCauseClear              
00001bdd  SysCtlResetCauseGet                
00001bcf  SysCtlSRAMSizeGet                  
0000c0ef  SysCtlSleep                        
00001bc7  SysCtlSleepPowerSet                
00001bb9  SysCtlUSBPLLDisable                
00001bab  SysCtlUSBPLLEnable                 
00001b49  SysCtlVCOGet                       
00001b3f  SysCtlVoltageEventClear            
00001b37  SysCtlVoltageEventConfig           
00001b31  SysCtlVoltageEventStatus           
00007e65  TimerADCEventGet                   
00007e4b  TimerADCEventSet                   
00007e31  TimerClockSourceGet                
00007dfd  TimerClockSourceSet                
00007c89  TimerConfigure                     
00007c39  TimerControlEvent                  
00007bed  TimerControlLevel                  
00007ba1  TimerControlStall                  
00007b1d  TimerControlTrigger                
00007aa7  TimerControlWaitOnTrigger          
00007a8f  TimerDMAEventGet                   
00007a75  TimerDMAEventSet                   
00007a33  TimerDisable                       
000079f5  TimerEnable                        
000079db  TimerIntClear                      
000079bd  TimerIntDisable                    
0000799f  TimerIntEnable                     
00007943  TimerIntRegister                   
00007923  TimerIntStatus                     
000078d9  TimerIntUnregister                 
00007861  TimerLoadGet                       
00007839  TimerLoadGet64                     
000077f1  TimerLoadSet                       
000077d3  TimerLoadSet64                     
00007785  TimerMatchGet                      
00007739  TimerMatchGet64                    
000076dd  TimerMatchSet                      
000076bf  TimerMatchSet64                    
0000767f  TimerPrescaleGet                   
0000763f  TimerPrescaleMatchGet              
000075e9  TimerPrescaleMatchSet              
00007593  TimerPrescaleSet                   
00007575  TimerRTCDisable                    
00007557  TimerRTCEnable                     
0000753d  TimerSynchronize                   
00007515  TimerUpdateMode                    
000074dd  TimerValueGet                      
000074b5  TimerValueGet64                    
00008f73  UART9BitAddrSend                   
00008f51  UART9BitAddrSet                    
00008f2f  UART9BitDisable                    
00008f0d  UART9BitEnable                     
00008ee3  UARTBreakCtl                       
00008ec7  UARTBusy                           
00008ea9  UARTCharGet                        
00008e85  UARTCharGetNonBlocking             
00008e65  UARTCharPut                        
00008e3f  UARTCharPutNonBlocking             
00008e1d  UARTCharsAvail                     
00008e03  UARTClockSourceGet                 
00008dd5  UARTClockSourceSet                 
00008d91  UARTConfigGetExpClk                
00008d11  UARTConfigSetExpClk                
00008cf3  UARTDMADisable                     
00008cd5  UARTDMAEnable                      
00008ca9  UARTDisable                        
00008c75  UARTDisableSIR                     
0000872d  UARTEchoSet                        
00008c4d  UARTEnable                         
00008c1f  UARTEnableSIR                      
00008c01  UARTFIFODisable                    
00008be3  UARTFIFOEnable                     
00008bbb  UARTFIFOLevelGet                   
00008b63  UARTFIFOLevelSet                   
00008b47  UARTFlowControlGet                 
00008b13  UARTFlowControlSet                 
000085dd  UARTFlushRx                        
000085ed  UARTFlushTx                        
00008af9  UARTIntClear                       
00008adb  UARTIntDisable                     
00008abd  UARTIntEnable                      
00008a6d  UARTIntRegister                    
00008a2b  UARTIntStatus                      
000089f3  UARTIntUnregister                  
0000899f  UARTLoopbackEnable                 
00008965  UARTModemControlClear              
00008949  UARTModemControlGet                
00008915  UARTModemControlSet                
000088f7  UARTModemStatusGet                 
000088dd  UARTParityModeGet                  
000088a1  UARTParityModeSet                  
0000871d  UARTRxBytesAvail                   
00008887  UARTRxErrorClear                   
0000886b  UARTRxErrorGet                     
0000884d  UARTSmartCardDisable               
00008823  UARTSmartCardEnable                
00008801  UARTSpaceAvail                     
00008615  UARTStdioConfig                    
00008509  UARTStdioIntHandler                
000084eb  UARTTxBytesFree                    
000087e5  UARTTxIntModeGet                   
000087b1  UARTTxIntModeSet                   
000084d5  UARTgetc                           
000081b9  UARTgets                           
00008185  UARTprintf                         
00007f77  UARTvprintf                        
00007ee3  UARTwrite                          
20005f60  __STACK_END                        
00000800  __STACK_SIZE                       
20005f60  __STACK_TOP                        
0000cda8  __TI_CINIT_Base                    
0000cdc0  __TI_CINIT_Limit                   
0000cd8c  __TI_Handler_Table_Base            
0000cd98  __TI_Handler_Table_Limit           
0000bfed  __TI_auto_init_nobinit_nopinit     
0000bcc9  __TI_decompress_lzss               
0000c2b7  __TI_decompress_none               
0000beb3  __TI_ltoa                          
ffffffff  __TI_pprof_out_hndl                
00005fbd  __TI_printfi                       
ffffffff  __TI_prof_data_size                
ffffffff  __TI_prof_data_start               
00000000  __TI_static_base__                 
0000c2c5  __TI_zero_init                     
0000bad5  __aeabi_cdcmpeq                    
0000bad5  __aeabi_cdcmple                    
0000bb5b  __aeabi_cdrcmple                   
0000bfa5  __aeabi_d2iz                       
0000acf7  __aeabi_dadd                       
0000b129  __aeabi_ddiv                       
0000b495  __aeabi_dmul                       
0000aced  __aeabi_dsub                       
0000c2dd  __aeabi_errno_addr                 
0000c159  __aeabi_i2d                        
00006a0b  __aeabi_idiv0                      
00006a0b  __aeabi_ldiv0                      
0000bbe1  __aeabi_memclr                     
0000bbe1  __aeabi_memclr4                    
0000bbe1  __aeabi_memclr8                    
0000b90f  __aeabi_memcpy                     
0000b90f  __aeabi_memcpy4                    
0000b90f  __aeabi_memcpy8                    
0000bbe3  __aeabi_memset                     
0000bbe3  __aeabi_memset4                    
0000bbe3  __aeabi_memset8                    
0000c031  __aeabi_uidiv                      
0000c031  __aeabi_uidivmod                   
0000b9ab  __aeabi_uldivmod                   
ffffffff  __binit__                          
ffffffff  __c_args__                         
000073dd  __error__                          
UNDEFED   __mpu_init                         
20005760  __stack                            
20000000  __start___llvm_prf_cnts            
20000000  __stop___llvm_prf_cnts             
0000c125  _c_int00_noargs                    
0000c5d0  _ctypes_                           
UNDEFED   _system_post_cinit                 
0000c2eb  _system_pre_init                   
0000c2ef  abort                              
0000bf59  atoi                               
ffffffff  binit                              
00007399  botones_ISR                        
20005720  cola_adc                           
0000afc5  configADC_DisparaADC               
0000af87  configADC_ISR                      
0000aeb3  configADC_IniciaADC                
0000aea5  configADC_LeeADC                   
0000a7f7  configServos                       
0000c21d  copysign                           
0000c21d  copysignl                          
00001399  eTaskGetState                      
00007345  encoder_ISR                        
2000625c  errno                              
0000bdf9  frexp                              
0000bdf9  frexpl                             
20006060  g_d21                              
20006154  g_d41                              
20005724  g_event                            
20006230  g_n21                              
2000622c  g_n41                              
20000000  g_pfnRAMVectors                    
00000000  g_pfnVectors                       
20006000  g_psCmdTable                       
20005728  g_servo_mode                       
20006228  g_status                           
2000572c  g_ui32CPUUsage                     
20005730  g_ui32SystemClock                  
200060bc  g_v21                              
2000618c  g_v41                              
0000a7c1  girar_robot                        
0000a757  girar_robot_v                      
0000a73b  hacer_mov                          
20005f60  historial                          
00009649  initCommandLine                    
0000b385  ldexp                              
0000b385  ldexpl                             
00007075  main                               
0000c201  memccpy                            
0000b90f  memcpy                             
0000bbe9  memset                             
20005734  move_set                           
0000a71d  mover_robot                        
0000a6f7  mover_robot_v                      
20005738  ordenes_set                        
00001aed  pcTaskGetName                      
000095af  pcTimerGetName                     
0000a015  pvPortMalloc                       
00001a59  pvTaskIncrementMutexHeldCount      
00009253  pvTimerGetTimerID                  
200061cc  pxCurrentCoRoutine                 
20006118  pxCurrentTCB                       
0000aa99  pxPortInitialiseStack              
2000573c  q_encoders                         
20005740  q_steps                            
20005744  s_control                          
20005748  s_der                              
2000574c  s_izq                              
20005750  s_suelo                            
0000b385  scalbn                             
0000b385  scalbnl                            
20005754  servos_ctl                         
20005758  servos_mode                        
2000575c  servos_set                         
0000a6d3  setServosSpeed                     
0000a691  setSingleServoSpeed                
0000c071  sprintf                            
0000c267  strchr                             
0000c24f  strcmp                             
0000c27d  strcpy                             
0000c291  strlen                             
0000c187  strncmp                            
00004715  ucQueueGetQueueType                
0000cc04  ulMaxSyscallInterruptPriority      
0000b791  ulPortGetIPSR                      
000019d1  ulTaskGenericNotifyTake            
0000198b  ulTaskGenericNotifyValueClear      
20006234  ultimo_mov                         
0000baaf  uxListRemove                       
00004711  uxQueueGetQueueNumber              
000046f3  uxQueueMessagesWaiting             
000046df  uxQueueMessagesWaitingFromISR      
000046bd  uxQueueSpacesAvailable             
00001985  uxTaskGetNumberOfTasks             
00001969  uxTaskGetStackHighWaterMark        
0000150b  uxTaskGetSystemState               
0000195f  uxTaskGetTaskNumber                
00001947  uxTaskPriorityGet                  
0000191f  uxTaskPriorityGetFromISR           
0000190b  uxTaskResetEventItemValue          
0000922f  uxTimerGetReloadMode               
0000922b  uxTimerGetTimerNumber              
0000cc0c  uxTopUsedPriority                  
0000c0ef  vApplicationIdleHook               
00006a6f  vApplicationMallocFailedHook       
00006a6d  vApplicationStackOverflowHook      
00006a4f  vApplicationTickHook               
0000a3af  vCoRoutineAddToDelayedList         
0000a349  vCoRoutineSchedule                 
0000bd31  vConfigureTimerForRunTimeStats     
0000ba91  vListInitialise                    
0000ba8b  vListInitialiseItem                
0000ba59  vListInsert                        
0000ba41  vListInsertEnd                     
0000b84d  vPortEnableVFP                     
0000aa83  vPortEndScheduler                  
0000aa53  vPortEnterCritical                 
0000aa31  vPortExitCritical                  
00009f5d  vPortFree                          
00009ea7  vPortGetHeapStats                  
00009ea5  vPortInitialiseBlocks              
0000b809  vPortSVCHandler                    
0000a933  vPortSetupTimerInterrupt           
0000b829  vPortStartFirstTask                
0000a9ef  vPortValidateInterruptPriority     
000046a5  vQueueDelete                       
000046a1  vQueueSetQueueNumber               
00004659  vQueueWaitForMessageRestricted     
000018cd  vTaskDelay                         
00001825  vTaskDelete                        
000017f7  vTaskEndScheduler                  
00001735  vTaskGenericNotifyGiveFromISR      
0000142d  vTaskGetInfo                       
00001695  vTaskGetRunTimeStats               
00000d77  vTaskInternalSetTimeOutState       
000015c9  vTaskList                          
0000138d  vTaskMissedYield                   
00001365  vTaskPlaceOnEventList              
00001335  vTaskPlaceOnEventListRestricted    
000012e5  vTaskPlaceOnUnorderedEventList     
0000123d  vTaskPriorityDisinheritAfterTimeout
00001175  vTaskPrioritySet                   
00001101  vTaskRemoveFromUnorderedEventList  
00001075  vTaskResume                        
00001065  vTaskSetTaskNumber                 
0000103f  vTaskSetTimeOutState               
00000fdd  vTaskStartScheduler                
00000f05  vTaskSuspend                       
00000ad9  vTaskSuspendAll                    
00000e2f  vTaskSwitchContext                 
000091f3  vTimerSetReloadMode                
000091d5  vTimerSetTimerID                   
000091d1  vTimerSetTimerNumber               
0000c2a5  wcslen                             
00006a0d  whisker_ISR                        
0000a1d3  xCoRoutineCreate                   
0000a16d  xCoRoutineRemoveFromEventList      
00009e9f  xPortGetFreeHeapSize               
00009e99  xPortGetMinimumEverFreeHeapSize    
0000b7a9  xPortPendSVHandler                 
0000a95d  xPortStartScheduler                
0000a8e9  xPortSysTickHandler                
0000462d  xQueueAddToSet                     
0000459d  xQueueCRReceive                    
00004551  xQueueCRReceiveFromISR             
000044c7  xQueueCRSend                       
00004499  xQueueCRSendFromISR                
00004483  xQueueCreateMutex                  
00004467  xQueueCreateSet                    
00004403  xQueueGenericCreate                
00004363  xQueueGenericReset                 
000041fd  xQueueGenericSend                  
00004105  xQueueGenericSendFromISR           
00004055  xQueueGiveFromISR                  
00004039  xQueueIsQueueEmptyFromISR          
00004019  xQueueIsQueueFullFromISR           
00003ef7  xQueuePeek                         
00003e93  xQueuePeekFromISR                  
00003d2f  xQueueReceive                      
00003c69  xQueueReceiveFromISR               
00003e6d  xQueueRemoveFromSet                
00003e5b  xQueueSelectFromSet                
00003d1f  xQueueSelectFromSetFromISR         
00003ae3  xQueueSemaphoreTake                
00000e09  xTaskCatchUpTicks                  
00000d95  xTaskCheckForTimeOut               
00000d15  xTaskCreate                        
00000ae3  xTaskDelayUntil                    
000009c9  xTaskGenericNotify                 
00000869  xTaskGenericNotifyFromISR          
00000829  xTaskGenericNotifyStateClear       
00000775  xTaskGenericNotifyWait             
000006f7  xTaskGetCurrentTaskHandle          
000006df  xTaskGetSchedulerState             
000006d9  xTaskGetTickCount                  
000006cd  xTaskGetTickCountFromISR           
0000033d  xTaskIncrementTick                 
00000645  xTaskPriorityDisinherit            
00000591  xTaskPriorityInherit               
000004fb  xTaskRemoveFromEventList           
00000435  xTaskResumeAll                     
00000299  xTaskResumeFromISR                 
0000919d  xTimerCreate                       
00009121  xTimerCreateTimerTask              
00009079  xTimerGenericCommand               
00009065  xTimerGetExpiryTime                
00009051  xTimerGetPeriod                    
0000903b  xTimerGetTimerDaemonTaskHandle     
00009017  xTimerIsTimerActive                
00008fdb  xTimerPendFunctionCall             
00008fb9  xTimerPendFunctionCallFromISR      


GLOBAL SYMBOLS: SORTED BY Symbol Address 

address   name                               
-------   ----                               
00000000  __TI_static_base__                 
00000000  g_pfnVectors                       
00000299  xTaskResumeFromISR                 
0000033d  xTaskIncrementTick                 
00000435  xTaskResumeAll                     
000004fb  xTaskRemoveFromEventList           
00000591  xTaskPriorityInherit               
00000645  xTaskPriorityDisinherit            
000006cd  xTaskGetTickCountFromISR           
000006d9  xTaskGetTickCount                  
000006df  xTaskGetSchedulerState             
000006f7  xTaskGetCurrentTaskHandle          
00000775  xTaskGenericNotifyWait             
00000800  __STACK_SIZE                       
00000829  xTaskGenericNotifyStateClear       
00000869  xTaskGenericNotifyFromISR          
000009c9  xTaskGenericNotify                 
00000ad9  vTaskSuspendAll                    
00000ae3  xTaskDelayUntil                    
00000d15  xTaskCreate                        
00000d77  vTaskInternalSetTimeOutState       
00000d95  xTaskCheckForTimeOut               
00000e09  xTaskCatchUpTicks                  
00000e2f  vTaskSwitchContext                 
00000f05  vTaskSuspend                       
00000fdd  vTaskStartScheduler                
0000103f  vTaskSetTimeOutState               
00001065  vTaskSetTaskNumber                 
00001075  vTaskResume                        
00001101  vTaskRemoveFromUnorderedEventList  
00001175  vTaskPrioritySet                   
0000123d  vTaskPriorityDisinheritAfterTimeout
000012e5  vTaskPlaceOnUnorderedEventList     
00001335  vTaskPlaceOnEventListRestricted    
00001365  vTaskPlaceOnEventList              
0000138d  vTaskMissedYield                   
00001399  eTaskGetState                      
0000142d  vTaskGetInfo                       
0000150b  uxTaskGetSystemState               
000015c9  vTaskList                          
00001695  vTaskGetRunTimeStats               
00001735  vTaskGenericNotifyGiveFromISR      
000017f7  vTaskEndScheduler                  
00001825  vTaskDelete                        
000018cd  vTaskDelay                         
0000190b  uxTaskResetEventItemValue          
0000191f  uxTaskPriorityGetFromISR           
00001947  uxTaskPriorityGet                  
0000195f  uxTaskGetTaskNumber                
00001969  uxTaskGetStackHighWaterMark        
00001985  uxTaskGetNumberOfTasks             
0000198b  ulTaskGenericNotifyValueClear      
000019d1  ulTaskGenericNotifyTake            
00001a59  pvTaskIncrementMutexHeldCount      
00001aed  pcTaskGetName                      
00001b31  SysCtlVoltageEventStatus           
00001b37  SysCtlVoltageEventConfig           
00001b3f  SysCtlVoltageEventClear            
00001b49  SysCtlVCOGet                       
00001bab  SysCtlUSBPLLEnable                 
00001bb9  SysCtlUSBPLLDisable                
00001bc7  SysCtlSleepPowerSet                
00001bcf  SysCtlSRAMSizeGet                  
00001bdd  SysCtlResetCauseGet                
00001be5  SysCtlResetCauseClear              
00001bf3  SysCtlResetBehaviorSet             
00001bfb  SysCtlResetBehaviorGet             
00001c03  SysCtlReset                        
00001e25  SysCtlPeripheralSleepEnable        
00001e6d  SysCtlPeripheralSleepDisable       
00001ec1  SysCtlPeripheralReset              
00001f71  SysCtlPeripheralReady              
00001fb7  SysCtlPeripheralPresent            
00002005  SysCtlPeripheralPowerOn            
00002055  SysCtlPeripheralPowerOff           
000020a1  SysCtlPeripheralEnable             
000020f1  SysCtlPeripheralDisable            
0000213d  SysCtlPeripheralDeepSleepEnable    
0000219d  SysCtlPeripheralDeepSleepDisable   
000021df  SysCtlPeripheralClockGating        
00002225  SysCtlPWMClockSet                  
0000227d  SysCtlPWMClockGet                  
000022ad  SysCtlPIOSCCalibrate               
000022eb  SysCtlNMIStatus                    
000022f3  SysCtlNMIClear                     
00002301  SysCtlMOSCConfigSet                
0000230d  SysCtlLDOSleepSet                  
0000235b  SysCtlLDOSleepGet                  
00002369  SysCtlLDODeepSleepSet              
000023b7  SysCtlLDODeepSleepGet              
000023bf  SysCtlIntUnregister                
000023cf  SysCtlIntStatus                    
000023df  SysCtlIntRegister                  
000023f1  SysCtlIntEnable                    
00002401  SysCtlIntDisable                   
0000240f  SysCtlIntClear                     
00002417  SysCtlGPIOAHBEnable                
00002475  SysCtlGPIOAHBDisable               
000024d1  SysCtlFlashSizeGet                 
0000250d  SysCtlFlashSectorSizeGet           
00002539  SysCtlDeepSleepPowerSet            
0000253f  SysCtlDeepSleepClockSet            
00002547  SysCtlDeepSleepClockConfigSet      
000025ab  SysCtlDeepSleep                    
000025d1  SysCtlClockSet                     
000026b5  SysCtlClockOutConfig               
00002711  SysCtlClockGet                     
000028f5  SysCtlClockFreqSet                 
00002af5  SysCtlAltClkConfig                 
00002bf9  GPIOUnlockPin                      
00002c21  GPIOPinWrite                       
00002c3f  GPIOPinWakeStatus                  
00002c45  GPIODirModeSet                     
00002cd5  GPIOPadConfigSet                   
00002ef1  GPIOPinTypeWakeLow                 
00002f39  GPIOPinTypeWakeHigh                
00002f69  GPIOPinTypeUSBDigital              
00002f97  GPIOPinTypeUSBAnalog               
00002fc5  GPIOPinTypeUART                    
00002ff3  GPIOPinTypeTrace                   
00003021  GPIOPinTypeTimer                   
0000304f  GPIOPinTypeSSI                     
00003089  GPIOPinTypeQEI                     
000030b7  GPIOPinTypePWM                     
000030e5  GPIOPinTypeOneWire                 
00003113  GPIOPinTypeLCD                     
00003141  GPIOPinTypeI2CSCL                  
0000316f  GPIOPinTypeI2C                     
0000319d  GPIOPinTypeHibernateRTCCLK         
000031cb  GPIOPinTypeGPIOOutputOD            
000031f9  GPIOPinTypeGPIOOutput              
00003227  GPIOPinTypeGPIOInput               
00003259  GPIOPinTypeEthernetMII             
00003287  GPIOPinTypeEthernetLED             
000032b5  GPIOPinTypeEPI                     
000032e3  GPIOPinTypeDIVSCLK                 
00003311  GPIOPinTypeComparatorOutput        
0000333f  GPIOPinTypeComparator              
0000336d  GPIOPinTypeCAN                     
0000339b  GPIOPinTypeADC                     
000033c9  GPIOPinRead                        
000033e5  GPIOPinConfigure                   
0000344b  GPIOPadConfigGet                   
00003589  GPIOIntUnregisterPin               
000035cd  GPIOIntUnregister                  
00003605  GPIOIntTypeSet                     
000036d5  GPIOIntTypeGet                     
00003745  GPIOIntStatus                      
00003769  GPIOIntRegisterPin                 
000037c9  GPIOIntRegister                    
00003805  GPIOIntEnable                      
00003827  GPIOIntDisable                     
00003855  GPIOIntClear                       
00003879  GPIODirModeGet                     
000038cf  GPIODMATriggerEnable               
000038f1  GPIODMATriggerDisable              
00003913  GPIOADCTriggerEnable               
00003935  GPIOADCTriggerDisable              
00003ae3  xQueueSemaphoreTake                
00003c69  xQueueReceiveFromISR               
00003d1f  xQueueSelectFromSetFromISR         
00003d2f  xQueueReceive                      
00003e5b  xQueueSelectFromSet                
00003e6d  xQueueRemoveFromSet                
00003e93  xQueuePeekFromISR                  
00003ef7  xQueuePeek                         
00004019  xQueueIsQueueFullFromISR           
00004039  xQueueIsQueueEmptyFromISR          
00004055  xQueueGiveFromISR                  
00004105  xQueueGenericSendFromISR           
000041fd  xQueueGenericSend                  
00004363  xQueueGenericReset                 
00004403  xQueueGenericCreate                
00004467  xQueueCreateSet                    
00004483  xQueueCreateMutex                  
00004499  xQueueCRSendFromISR                
000044c7  xQueueCRSend                       
00004551  xQueueCRReceiveFromISR             
0000459d  xQueueCRReceive                    
0000462d  xQueueAddToSet                     
00004659  vQueueWaitForMessageRestricted     
000046a1  vQueueSetQueueNumber               
000046a5  vQueueDelete                       
000046bd  uxQueueSpacesAvailable             
000046df  uxQueueMessagesWaitingFromISR      
000046f3  uxQueueMessagesWaiting             
00004711  uxQueueGetQueueNumber              
00004715  ucQueueGetQueueType                
00004721  PWMSyncUpdate                      
00004753  PWMSyncTimeBase                    
000047b3  PWMPulseWidthSet                   
00004817  PWMPulseWidthGet                   
00004865  PWMOutputUpdateMode                
000048df  PWMOutputState                     
00004923  PWMOutputInvert                    
00004967  PWMOutputFaultLevel                
000049ab  PWMOutputFault                     
000049ef  PWMIntStatus                       
00004a15  PWMIntEnable                       
00004a6d  PWMIntDisable                      
00004abd  PWMGenPeriodSet                    
00004b25  PWMGenPeriodGet                    
00004c2d  PWMGenIntUnregister                
00004c81  PWMGenIntTrigEnable                
00004ccd  PWMGenIntTrigDisable               
00004d19  PWMGenIntStatus                    
00004d57  PWMGenIntRegister                  
00004dbf  PWMGenIntClear                     
00004e15  PWMGenFaultTriggerSet              
00004e99  PWMGenFaultTriggerGet              
00004ee9  PWMGenFaultStatus                  
00004f41  PWMGenFaultConfigure               
00004fb1  PWMGenFaultClear                   
00005037  PWMGenEnable                       
00005071  PWMGenDisable                      
000050ab  PWMGenConfigure                    
00005147  PWMFaultIntUnregister              
00005185  PWMFaultIntRegister                
000051c7  PWMFaultIntClearExt                
000051f9  PWMFaultIntClear                   
0000521b  PWMDeadBandEnable                  
00005285  PWMDeadBandDisable                 
000052c1  PWMClockSet                        
0000531f  PWMClockGet                        
00005371  ADCSoftwareOversampleStepConfigure 
0000545b  ADCSoftwareOversampleDataGet       
0000550b  ADCSoftwareOversampleConfigure     
0000557f  ADCSequenceUnderflowClear          
000055b3  ADCSequenceUnderflow               
000055e9  ADCSequenceStepConfigure           
000056e5  ADCSequenceOverflowClear           
00005719  ADCSequenceOverflow                
0000574f  ADCSequenceEnable                  
00005787  ADCSequenceDisable                 
000057bf  ADCSequenceDataGet                 
0000580b  ADCSequenceDMAEnable               
00005845  ADCSequenceDMADisable              
0000587f  ADCSequenceConfigure               
00005969  ADCReferenceSet                    
000059a3  ADCReferenceGet                    
000059c5  ADCProcessorTrigger                
00005a15  ADCPhaseDelaySet                   
00005a7f  ADCPhaseDelayGet                   
00005add  ADCIntUnregister                   
00005b27  ADCIntStatusEx                     
00005b57  ADCIntStatus                       
00005bb3  ADCIntRegister                     
00005c01  ADCIntEnableEx                     
00005c25  ADCIntEnable                       
00005c63  ADCIntDisableEx                    
00005c87  ADCIntDisable                      
00005cbb  ADCIntClearEx                      
00005cbf  ADCIntClear                        
00005cf3  ADCHardwareOversampleConfigure     
00005d55  ADCComparatorReset                 
00005db9  ADCComparatorRegionSet             
00005e1d  ADCComparatorIntStatus             
00005e3b  ADCComparatorIntEnable             
00005e75  ADCComparatorIntDisable            
00005eaf  ADCComparatorIntClear              
00005ecf  ADCComparatorConfigure             
00005f07  ADCClockConfigSet                  
00005f59  ADCClockConfigGet                  
00005f8b  ADCBusy                            
00005fbd  __TI_printfi                       
00006a0b  __aeabi_idiv0                      
00006a0b  __aeabi_ldiv0                      
00006a0d  whisker_ISR                        
00006a4f  vApplicationTickHook               
00006a6d  vApplicationStackOverflowHook      
00006a6f  vApplicationMallocFailedHook       
00007075  main                               
00007345  encoder_ISR                        
00007399  botones_ISR                        
000073dd  __error__                          
000074b5  TimerValueGet64                    
000074dd  TimerValueGet                      
00007515  TimerUpdateMode                    
0000753d  TimerSynchronize                   
00007557  TimerRTCEnable                     
00007575  TimerRTCDisable                    
00007593  TimerPrescaleSet                   
000075e9  TimerPrescaleMatchSet              
0000763f  TimerPrescaleMatchGet              
0000767f  TimerPrescaleGet                   
000076bf  TimerMatchSet64                    
000076dd  TimerMatchSet                      
00007739  TimerMatchGet64                    
00007785  TimerMatchGet                      
000077d3  TimerLoadSet64                     
000077f1  TimerLoadSet                       
00007839  TimerLoadGet64                     
00007861  TimerLoadGet                       
000078d9  TimerIntUnregister                 
00007923  TimerIntStatus                     
00007943  TimerIntRegister                   
0000799f  TimerIntEnable                     
000079bd  TimerIntDisable                    
000079db  TimerIntClear                      
000079f5  TimerEnable                        
00007a33  TimerDisable                       
00007a75  TimerDMAEventSet                   
00007a8f  TimerDMAEventGet                   
00007aa7  TimerControlWaitOnTrigger          
00007b1d  TimerControlTrigger                
00007ba1  TimerControlStall                  
00007bed  TimerControlLevel                  
00007c39  TimerControlEvent                  
00007c89  TimerConfigure                     
00007dfd  TimerClockSourceSet                
00007e31  TimerClockSourceGet                
00007e4b  TimerADCEventSet                   
00007e65  TimerADCEventGet                   
00007ee3  UARTwrite                          
00007f77  UARTvprintf                        
00008185  UARTprintf                         
000081b9  UARTgets                           
000084d5  UARTgetc                           
000084eb  UARTTxBytesFree                    
00008509  UARTStdioIntHandler                
000085dd  UARTFlushRx                        
000085ed  UARTFlushTx                        
00008615  UARTStdioConfig                    
0000871d  UARTRxBytesAvail                   
0000872d  UARTEchoSet                        
000087b1  UARTTxIntModeSet                   
000087e5  UARTTxIntModeGet                   
00008801  UARTSpaceAvail                     
00008823  UARTSmartCardEnable                
0000884d  UARTSmartCardDisable               
0000886b  UARTRxErrorGet                     
00008887  UARTRxErrorClear                   
000088a1  UARTParityModeSet                  
000088dd  UARTParityModeGet                  
000088f7  UARTModemStatusGet                 
00008915  UARTModemControlSet                
00008949  UARTModemControlGet                
00008965  UARTModemControlClear              
0000899f  UARTLoopbackEnable                 
000089f3  UARTIntUnregister                  
00008a2b  UARTIntStatus                      
00008a6d  UARTIntRegister                    
00008abd  UARTIntEnable                      
00008adb  UARTIntDisable                     
00008af9  UARTIntClear                       
00008b13  UARTFlowControlSet                 
00008b47  UARTFlowControlGet                 
00008b63  UARTFIFOLevelSet                   
00008bbb  UARTFIFOLevelGet                   
00008be3  UARTFIFOEnable                     
00008c01  UARTFIFODisable                    
00008c1f  UARTEnableSIR                      
00008c4d  UARTEnable                         
00008c75  UARTDisableSIR                     
00008ca9  UARTDisable                        
00008cd5  UARTDMAEnable                      
00008cf3  UARTDMADisable                     
00008d11  UARTConfigSetExpClk                
00008d91  UARTConfigGetExpClk                
00008dd5  UARTClockSourceSet                 
00008e03  UARTClockSourceGet                 
00008e1d  UARTCharsAvail                     
00008e3f  UARTCharPutNonBlocking             
00008e65  UARTCharPut                        
00008e85  UARTCharGetNonBlocking             
00008ea9  UARTCharGet                        
00008ec7  UARTBusy                           
00008ee3  UARTBreakCtl                       
00008f0d  UART9BitEnable                     
00008f2f  UART9BitDisable                    
00008f51  UART9BitAddrSet                    
00008f73  UART9BitAddrSend                   
00008fb9  xTimerPendFunctionCallFromISR      
00008fdb  xTimerPendFunctionCall             
00009017  xTimerIsTimerActive                
0000903b  xTimerGetTimerDaemonTaskHandle     
00009051  xTimerGetPeriod                    
00009065  xTimerGetExpiryTime                
00009079  xTimerGenericCommand               
00009121  xTimerCreateTimerTask              
0000919d  xTimerCreate                       
000091d1  vTimerSetTimerNumber               
000091d5  vTimerSetTimerID                   
000091f3  vTimerSetReloadMode                
0000922b  uxTimerGetTimerNumber              
0000922f  uxTimerGetReloadMode               
00009253  pvTimerGetTimerID                  
000095af  pcTimerGetName                     
00009649  initCommandLine                    
00009af3  IntUnregister                      
00009b0f  IntTrigger                         
00009b2d  IntRegister                        
00009b7f  IntPrioritySet                     
00009bc1  IntPriorityGroupingSet             
00009be5  IntPriorityGroupingGet             
00009c07  IntPriorityGet                     
00009c35  IntPendSet                         
00009c91  IntPendClear                       
00009cdf  IntMasterEnable                    
00009cef  IntMasterDisable                   
00009cff  IntIsEnabled                       
00009d67  IntEnable                          
00009e01  IntDisable                         
00009e99  xPortGetMinimumEverFreeHeapSize    
00009e9f  xPortGetFreeHeapSize               
00009ea5  vPortInitialiseBlocks              
00009ea7  vPortGetHeapStats                  
00009f5d  vPortFree                          
0000a015  pvPortMalloc                       
0000a16d  xCoRoutineRemoveFromEventList      
0000a1d3  xCoRoutineCreate                   
0000a349  vCoRoutineSchedule                 
0000a3af  vCoRoutineAddToDelayedList         
0000a691  setSingleServoSpeed                
0000a6d3  setServosSpeed                     
0000a6f7  mover_robot_v                      
0000a71d  mover_robot                        
0000a73b  hacer_mov                          
0000a757  girar_robot_v                      
0000a7c1  girar_robot                        
0000a7f7  configServos                       
0000a8e9  xPortSysTickHandler                
0000a933  vPortSetupTimerInterrupt           
0000a95d  xPortStartScheduler                
0000a9ef  vPortValidateInterruptPriority     
0000aa31  vPortExitCritical                  
0000aa53  vPortEnterCritical                 
0000aa83  vPortEndScheduler                  
0000aa99  pxPortInitialiseStack              
0000aced  __aeabi_dsub                       
0000acf7  __aeabi_dadd                       
0000aea5  configADC_LeeADC                   
0000aeb3  configADC_IniciaADC                
0000af87  configADC_ISR                      
0000afc5  configADC_DisparaADC               
0000b129  __aeabi_ddiv                       
0000b385  ldexp                              
0000b385  ldexpl                             
0000b385  scalbn                             
0000b385  scalbnl                            
0000b495  __aeabi_dmul                       
0000b591  ButtonsPoll                        
0000b611  ButtonsInit                        
0000b689  CPUUsageTick                       
0000b6bd  CPUUsageInit                       
0000b791  ulPortGetIPSR                      
0000b7a9  xPortPendSVHandler                 
0000b809  vPortSVCHandler                    
0000b829  vPortStartFirstTask                
0000b84d  vPortEnableVFP                     
0000b90f  __aeabi_memcpy                     
0000b90f  __aeabi_memcpy4                    
0000b90f  __aeabi_memcpy8                    
0000b90f  memcpy                             
0000b9ab  __aeabi_uldivmod                   
0000ba41  vListInsertEnd                     
0000ba59  vListInsert                        
0000ba8b  vListInitialiseItem                
0000ba91  vListInitialise                    
0000baaf  uxListRemove                       
0000bad5  __aeabi_cdcmpeq                    
0000bad5  __aeabi_cdcmple                    
0000bb5b  __aeabi_cdrcmple                   
0000bbe1  __aeabi_memclr                     
0000bbe1  __aeabi_memclr4                    
0000bbe1  __aeabi_memclr8                    
0000bbe3  __aeabi_memset                     
0000bbe3  __aeabi_memset4                    
0000bbe3  __aeabi_memset8                    
0000bbe9  memset                             
0000bcc9  __TI_decompress_lzss               
0000bd31  vConfigureTimerForRunTimeStats     
0000bd95  CmdLineProcess                     
0000bdf9  frexp                              
0000bdf9  frexpl                             
0000beb3  __TI_ltoa                          
0000bf59  atoi                               
0000bfa5  __aeabi_d2iz                       
0000bfed  __TI_auto_init_nobinit_nopinit     
0000c031  __aeabi_uidiv                      
0000c031  __aeabi_uidivmod                   
0000c071  sprintf                            
0000c0ef  CPUwfi                             
0000c0ef  SysCtlSleep                        
0000c0ef  vApplicationIdleHook               
0000c0f3  CPUprimask                         
0000c0fd  CPUcpsie                           
0000c109  CPUcpsid                           
0000c115  CPUbasepriSet                      
0000c115  IntPriorityMaskSet                 
0000c11b  CPUbasepriGet                      
0000c11b  IntPriorityMaskGet                 
0000c125  _c_int00_noargs                    
0000c159  __aeabi_i2d                        
0000c187  strncmp                            
0000c1b5  ResetISR                           
0000c1dd  GetOverflowCounts                  
0000c201  memccpy                            
0000c21d  copysign                           
0000c21d  copysignl                          
0000c24f  strcmp                             
0000c267  strchr                             
0000c27d  strcpy                             
0000c291  strlen                             
0000c2a5  wcslen                             
0000c2b7  __TI_decompress_none               
0000c2c5  __TI_zero_init                     
0000c2dd  __aeabi_errno_addr                 
0000c2e5  SysCtlDelay                        
0000c2eb  _system_pre_init                   
0000c2ef  C$$EXIT                            
0000c2ef  abort                              
0000c5d0  _ctypes_                           
0000cc04  ulMaxSyscallInterruptPriority      
0000cc0c  uxTopUsedPriority                  
0000cd8c  __TI_Handler_Table_Base            
0000cd98  __TI_Handler_Table_Limit           
0000cda8  __TI_CINIT_Base                    
0000cdc0  __TI_CINIT_Limit                   
20000000  __start___llvm_prf_cnts            
20000000  __stop___llvm_prf_cnts             
20000000  g_pfnRAMVectors                    
20005720  cola_adc                           
20005724  g_event                            
20005728  g_servo_mode                       
2000572c  g_ui32CPUUsage                     
20005730  g_ui32SystemClock                  
20005734  move_set                           
20005738  ordenes_set                        
2000573c  q_encoders                         
20005740  q_steps                            
20005744  s_control                          
20005748  s_der                              
2000574c  s_izq                              
20005750  s_suelo                            
20005754  servos_ctl                         
20005758  servos_mode                        
2000575c  servos_set                         
20005760  __stack                            
20005f60  __STACK_END                        
20005f60  __STACK_TOP                        
20005f60  historial                          
20006000  g_psCmdTable                       
20006060  g_d21                              
200060bc  g_v21                              
20006118  pxCurrentTCB                       
20006154  g_d41                              
2000618c  g_v41                              
200061cc  pxCurrentCoRoutine                 
20006228  g_status                           
2000622c  g_n41                              
20006230  g_n21                              
20006234  ultimo_mov                         
2000625c  errno                              
ffffffff  __TI_pprof_out_hndl                
ffffffff  __TI_prof_data_size                
ffffffff  __TI_prof_data_start               
ffffffff  __binit__                          
ffffffff  __c_args__                         
ffffffff  binit                              
UNDEFED   __mpu_init                         
UNDEFED   _system_post_cinit                 

[562 symbols]
