<?xml version="1.0" encoding="ISO-8859-1" ?>
<link_info>
   <banner>TI ARM Linker PC v20.2.2.LTS</banner>
   <copyright>Copyright (c) 1996-2018 Texas Instruments Incorporated</copyright>
   <link_time>0x61e945ff</link_time>
   <link_errors>0x0</link_errors>
   <output_file>ejercicio-FreeRTOS.out</output_file>
   <entry_point>
      <name>_c_int00_noargs</name>
      <address>0xc125</address>
   </entry_point>
   <input_file_list>
      <input_file id="fl-2">
         <path>.\</path>
         <kind>object</kind>
         <file>commands.obj</file>
         <name>commands.obj</name>
      </input_file>
      <input_file id="fl-3">
         <path>.\</path>
         <kind>object</kind>
         <file>ejercicio-freeRTOS.obj</file>
         <name>ejercicio-freeRTOS.obj</name>
      </input_file>
      <input_file id="fl-4">
         <path>.\</path>
         <kind>object</kind>
         <file>startup_ccs.obj</file>
         <name>startup_ccs.obj</name>
      </input_file>
      <input_file id="fl-5">
         <path>.\FreeRTOS\Source\</path>
         <kind>object</kind>
         <file>croutine.obj</file>
         <name>croutine.obj</name>
      </input_file>
      <input_file id="fl-6">
         <path>.\FreeRTOS\Source\</path>
         <kind>object</kind>
         <file>event_groups.obj</file>
         <name>event_groups.obj</name>
      </input_file>
      <input_file id="fl-7">
         <path>.\FreeRTOS\Source\</path>
         <kind>object</kind>
         <file>list.obj</file>
         <name>list.obj</name>
      </input_file>
      <input_file id="fl-8">
         <path>.\FreeRTOS\Source\</path>
         <kind>object</kind>
         <file>queue.obj</file>
         <name>queue.obj</name>
      </input_file>
      <input_file id="fl-9">
         <path>.\FreeRTOS\Source\</path>
         <kind>object</kind>
         <file>stream_buffer.obj</file>
         <name>stream_buffer.obj</name>
      </input_file>
      <input_file id="fl-a">
         <path>.\FreeRTOS\Source\</path>
         <kind>object</kind>
         <file>tasks.obj</file>
         <name>tasks.obj</name>
      </input_file>
      <input_file id="fl-b">
         <path>.\FreeRTOS\Source\</path>
         <kind>object</kind>
         <file>timers.obj</file>
         <name>timers.obj</name>
      </input_file>
      <input_file id="fl-c">
         <path>.\FreeRTOS\Source\portable\CCS\ARM_CM4F\</path>
         <kind>object</kind>
         <file>port.obj</file>
         <name>port.obj</name>
      </input_file>
      <input_file id="fl-d">
         <path>.\FreeRTOS\Source\portable\CCS\ARM_CM4F\</path>
         <kind>object</kind>
         <file>portasm.obj</file>
         <name>portasm.obj</name>
      </input_file>
      <input_file id="fl-e">
         <path>.\FreeRTOS\Source\portable\MemMang\</path>
         <kind>object</kind>
         <file>heap_4.obj</file>
         <name>heap_4.obj</name>
      </input_file>
      <input_file id="fl-f">
         <path>.\driverlib\</path>
         <kind>object</kind>
         <file>adc.obj</file>
         <name>adc.obj</name>
      </input_file>
      <input_file id="fl-10">
         <path>.\driverlib\</path>
         <kind>object</kind>
         <file>aes.obj</file>
         <name>aes.obj</name>
      </input_file>
      <input_file id="fl-11">
         <path>.\driverlib\</path>
         <kind>object</kind>
         <file>can.obj</file>
         <name>can.obj</name>
      </input_file>
      <input_file id="fl-12">
         <path>.\driverlib\</path>
         <kind>object</kind>
         <file>comp.obj</file>
         <name>comp.obj</name>
      </input_file>
      <input_file id="fl-13">
         <path>.\driverlib\</path>
         <kind>object</kind>
         <file>cpu.obj</file>
         <name>cpu.obj</name>
      </input_file>
      <input_file id="fl-14">
         <path>.\driverlib\</path>
         <kind>object</kind>
         <file>crc.obj</file>
         <name>crc.obj</name>
      </input_file>
      <input_file id="fl-15">
         <path>.\driverlib\</path>
         <kind>object</kind>
         <file>des.obj</file>
         <name>des.obj</name>
      </input_file>
      <input_file id="fl-16">
         <path>.\driverlib\</path>
         <kind>object</kind>
         <file>eeprom.obj</file>
         <name>eeprom.obj</name>
      </input_file>
      <input_file id="fl-17">
         <path>.\driverlib\</path>
         <kind>object</kind>
         <file>emac.obj</file>
         <name>emac.obj</name>
      </input_file>
      <input_file id="fl-18">
         <path>.\driverlib\</path>
         <kind>object</kind>
         <file>epi.obj</file>
         <name>epi.obj</name>
      </input_file>
      <input_file id="fl-19">
         <path>.\driverlib\</path>
         <kind>object</kind>
         <file>epi_workaround_ccs.obj</file>
         <name>epi_workaround_ccs.obj</name>
      </input_file>
      <input_file id="fl-1a">
         <path>.\driverlib\</path>
         <kind>object</kind>
         <file>flash.obj</file>
         <name>flash.obj</name>
      </input_file>
      <input_file id="fl-1b">
         <path>.\driverlib\</path>
         <kind>object</kind>
         <file>fpu.obj</file>
         <name>fpu.obj</name>
      </input_file>
      <input_file id="fl-1c">
         <path>.\driverlib\</path>
         <kind>object</kind>
         <file>gpio.obj</file>
         <name>gpio.obj</name>
      </input_file>
      <input_file id="fl-1d">
         <path>.\driverlib\</path>
         <kind>object</kind>
         <file>hibernate.obj</file>
         <name>hibernate.obj</name>
      </input_file>
      <input_file id="fl-1e">
         <path>.\driverlib\</path>
         <kind>object</kind>
         <file>i2c.obj</file>
         <name>i2c.obj</name>
      </input_file>
      <input_file id="fl-1f">
         <path>.\driverlib\</path>
         <kind>object</kind>
         <file>interrupt.obj</file>
         <name>interrupt.obj</name>
      </input_file>
      <input_file id="fl-20">
         <path>.\driverlib\</path>
         <kind>object</kind>
         <file>lcd.obj</file>
         <name>lcd.obj</name>
      </input_file>
      <input_file id="fl-21">
         <path>.\driverlib\</path>
         <kind>object</kind>
         <file>mpu.obj</file>
         <name>mpu.obj</name>
      </input_file>
      <input_file id="fl-22">
         <path>.\driverlib\</path>
         <kind>object</kind>
         <file>onewire.obj</file>
         <name>onewire.obj</name>
      </input_file>
      <input_file id="fl-23">
         <path>.\driverlib\</path>
         <kind>object</kind>
         <file>pwm.obj</file>
         <name>pwm.obj</name>
      </input_file>
      <input_file id="fl-24">
         <path>.\driverlib\</path>
         <kind>object</kind>
         <file>qei.obj</file>
         <name>qei.obj</name>
      </input_file>
      <input_file id="fl-25">
         <path>.\driverlib\</path>
         <kind>object</kind>
         <file>shamd5.obj</file>
         <name>shamd5.obj</name>
      </input_file>
      <input_file id="fl-26">
         <path>.\driverlib\</path>
         <kind>object</kind>
         <file>ssi.obj</file>
         <name>ssi.obj</name>
      </input_file>
      <input_file id="fl-27">
         <path>.\driverlib\</path>
         <kind>object</kind>
         <file>sw_crc.obj</file>
         <name>sw_crc.obj</name>
      </input_file>
      <input_file id="fl-28">
         <path>.\driverlib\</path>
         <kind>object</kind>
         <file>sysctl.obj</file>
         <name>sysctl.obj</name>
      </input_file>
      <input_file id="fl-29">
         <path>.\driverlib\</path>
         <kind>object</kind>
         <file>sysexc.obj</file>
         <name>sysexc.obj</name>
      </input_file>
      <input_file id="fl-2a">
         <path>.\driverlib\</path>
         <kind>object</kind>
         <file>systick.obj</file>
         <name>systick.obj</name>
      </input_file>
      <input_file id="fl-2b">
         <path>.\driverlib\</path>
         <kind>object</kind>
         <file>timer.obj</file>
         <name>timer.obj</name>
      </input_file>
      <input_file id="fl-2c">
         <path>.\driverlib\</path>
         <kind>object</kind>
         <file>uart.obj</file>
         <name>uart.obj</name>
      </input_file>
      <input_file id="fl-2d">
         <path>.\driverlib\</path>
         <kind>object</kind>
         <file>udma.obj</file>
         <name>udma.obj</name>
      </input_file>
      <input_file id="fl-2e">
         <path>.\driverlib\</path>
         <kind>object</kind>
         <file>usb.obj</file>
         <name>usb.obj</name>
      </input_file>
      <input_file id="fl-2f">
         <path>.\driverlib\</path>
         <kind>object</kind>
         <file>watchdog.obj</file>
         <name>watchdog.obj</name>
      </input_file>
      <input_file id="fl-30">
         <path>.\drivers\</path>
         <kind>object</kind>
         <file>buttons.obj</file>
         <name>buttons.obj</name>
      </input_file>
      <input_file id="fl-31">
         <path>.\drivers\</path>
         <kind>object</kind>
         <file>configADC.obj</file>
         <name>configADC.obj</name>
      </input_file>
      <input_file id="fl-32">
         <path>.\drivers\</path>
         <kind>object</kind>
         <file>rgb.obj</file>
         <name>rgb.obj</name>
      </input_file>
      <input_file id="fl-33">
         <path>.\drivers\</path>
         <kind>object</kind>
         <file>servos.obj</file>
         <name>servos.obj</name>
      </input_file>
      <input_file id="fl-34">
         <path>.\utils\</path>
         <kind>object</kind>
         <file>RunTimeStatsConfig.obj</file>
         <name>RunTimeStatsConfig.obj</name>
      </input_file>
      <input_file id="fl-35">
         <path>.\utils\</path>
         <kind>object</kind>
         <file>cmdline.obj</file>
         <name>cmdline.obj</name>
      </input_file>
      <input_file id="fl-36">
         <path>.\utils\</path>
         <kind>object</kind>
         <file>cpu_usage.obj</file>
         <name>cpu_usage.obj</name>
      </input_file>
      <input_file id="fl-37">
         <path>.\utils\</path>
         <kind>object</kind>
         <file>uartstdio.obj</file>
         <name>uartstdio.obj</name>
      </input_file>
      <input_file id="fl-3b">
         <kind>object</kind>
         <file>&lt;internal&gt;</file>
         <name>&lt;internal&gt;</name>
      </input_file>
      <input_file id="fl-f1">
         <path>C:\ti\ccs1020\ccs\tools\compiler\ti-cgt-arm_20.2.2.LTS\lib\</path>
         <kind>archive</kind>
         <file>rtsv7M4_T_le_v4SPD16_eabi.lib</file>
         <name>sprintf.c.obj</name>
      </input_file>
      <input_file id="fl-f2">
         <path>C:\ti\ccs1020\ccs\tools\compiler\ti-cgt-arm_20.2.2.LTS\lib\</path>
         <kind>archive</kind>
         <file>rtsv7M4_T_le_v4SPD16_eabi.lib</file>
         <name>fs_toull_t2.asm.obj</name>
      </input_file>
      <input_file id="fl-f3">
         <path>C:\ti\ccs1020\ccs\tools\compiler\ti-cgt-arm_20.2.2.LTS\lib\</path>
         <kind>archive</kind>
         <file>rtsv7M4_T_le_v4SPD16_eabi.lib</file>
         <name>memcpy_t2.asm.obj</name>
      </input_file>
      <input_file id="fl-f4">
         <path>C:\ti\ccs1020\ccs\tools\compiler\ti-cgt-arm_20.2.2.LTS\lib\</path>
         <kind>archive</kind>
         <file>rtsv7M4_T_le_v4SPD16_eabi.lib</file>
         <name>memset_t2.asm.obj</name>
      </input_file>
      <input_file id="fl-f5">
         <path>C:\ti\ccs1020\ccs\tools\compiler\ti-cgt-arm_20.2.2.LTS\lib\</path>
         <kind>archive</kind>
         <file>rtsv7M4_T_le_v4SPD16_eabi.lib</file>
         <name>u_divt2.asm.obj</name>
      </input_file>
      <input_file id="fl-f6">
         <path>C:\ti\ccs1020\ccs\tools\compiler\ti-cgt-arm_20.2.2.LTS\lib\</path>
         <kind>archive</kind>
         <file>rtsv7M4_T_le_v4SPD16_eabi.lib</file>
         <name>copy_zero_init.c.obj</name>
      </input_file>
      <input_file id="fl-f7">
         <path>C:\ti\ccs1020\ccs\tools\compiler\ti-cgt-arm_20.2.2.LTS\lib\</path>
         <kind>archive</kind>
         <file>rtsv7M4_T_le_v4SPD16_eabi.lib</file>
         <name>copy_decompress_none.c.obj</name>
      </input_file>
      <input_file id="fl-f8">
         <path>C:\ti\ccs1020\ccs\tools\compiler\ti-cgt-arm_20.2.2.LTS\lib\</path>
         <kind>archive</kind>
         <file>rtsv7M4_T_le_v4SPD16_eabi.lib</file>
         <name>copy_decompress_lzss.c.obj</name>
      </input_file>
      <input_file id="fl-f9">
         <path>C:\ti\ccs1020\ccs\tools\compiler\ti-cgt-arm_20.2.2.LTS\lib\</path>
         <kind>archive</kind>
         <file>rtsv7M4_T_le_v4SPD16_eabi.lib</file>
         <name>strcmp.c.obj</name>
      </input_file>
      <input_file id="fl-fa">
         <path>C:\ti\ccs1020\ccs\tools\compiler\ti-cgt-arm_20.2.2.LTS\lib\</path>
         <kind>archive</kind>
         <file>rtsv7M4_T_le_v4SPD16_eabi.lib</file>
         <name>strcpy.c.obj</name>
      </input_file>
      <input_file id="fl-fb">
         <path>C:\ti\ccs1020\ccs\tools\compiler\ti-cgt-arm_20.2.2.LTS\lib\</path>
         <kind>archive</kind>
         <file>rtsv7M4_T_le_v4SPD16_eabi.lib</file>
         <name>strlen.c.obj</name>
      </input_file>
      <input_file id="fl-fc">
         <path>C:\ti\ccs1020\ccs\tools\compiler\ti-cgt-arm_20.2.2.LTS\lib\</path>
         <kind>archive</kind>
         <file>rtsv7M4_T_le_v4SPD16_eabi.lib</file>
         <name>strncmp.c.obj</name>
      </input_file>
      <input_file id="fl-fd">
         <path>C:\ti\ccs1020\ccs\tools\compiler\ti-cgt-arm_20.2.2.LTS\lib\</path>
         <kind>archive</kind>
         <file>rtsv7M4_T_le_v4SPD16_eabi.lib</file>
         <name>boot_cortex_m.c.obj</name>
      </input_file>
      <input_file id="fl-fe">
         <path>C:\ti\ccs1020\ccs\tools\compiler\ti-cgt-arm_20.2.2.LTS\lib\</path>
         <kind>archive</kind>
         <file>rtsv7M4_T_le_v4SPD16_eabi.lib</file>
         <name>_printfi.c.obj</name>
      </input_file>
      <input_file id="fl-ff">
         <path>C:\ti\ccs1020\ccs\tools\compiler\ti-cgt-arm_20.2.2.LTS\lib\</path>
         <kind>archive</kind>
         <file>rtsv7M4_T_le_v4SPD16_eabi.lib</file>
         <name>div0.asm.obj</name>
      </input_file>
      <input_file id="fl-100">
         <path>C:\ti\ccs1020\ccs\tools\compiler\ti-cgt-arm_20.2.2.LTS\lib\</path>
         <kind>archive</kind>
         <file>rtsv7M4_T_le_v4SPD16_eabi.lib</file>
         <name>fd_add_t2.asm.obj</name>
      </input_file>
      <input_file id="fl-101">
         <path>C:\ti\ccs1020\ccs\tools\compiler\ti-cgt-arm_20.2.2.LTS\lib\</path>
         <kind>archive</kind>
         <file>rtsv7M4_T_le_v4SPD16_eabi.lib</file>
         <name>fd_cmp_t2.asm.obj</name>
      </input_file>
      <input_file id="fl-102">
         <path>C:\ti\ccs1020\ccs\tools\compiler\ti-cgt-arm_20.2.2.LTS\lib\</path>
         <kind>archive</kind>
         <file>rtsv7M4_T_le_v4SPD16_eabi.lib</file>
         <name>fd_div_t2.asm.obj</name>
      </input_file>
      <input_file id="fl-103">
         <path>C:\ti\ccs1020\ccs\tools\compiler\ti-cgt-arm_20.2.2.LTS\lib\</path>
         <kind>archive</kind>
         <file>rtsv7M4_T_le_v4SPD16_eabi.lib</file>
         <name>fd_mul_t2.asm.obj</name>
      </input_file>
      <input_file id="fl-104">
         <path>C:\ti\ccs1020\ccs\tools\compiler\ti-cgt-arm_20.2.2.LTS\lib\</path>
         <kind>archive</kind>
         <file>rtsv7M4_T_le_v4SPD16_eabi.lib</file>
         <name>fd_toi_t2.asm.obj</name>
      </input_file>
      <input_file id="fl-105">
         <path>C:\ti\ccs1020\ccs\tools\compiler\ti-cgt-arm_20.2.2.LTS\lib\</path>
         <kind>archive</kind>
         <file>rtsv7M4_T_le_v4SPD16_eabi.lib</file>
         <name>i_tofd_t2.asm.obj</name>
      </input_file>
      <input_file id="fl-106">
         <path>C:\ti\ccs1020\ccs\tools\compiler\ti-cgt-arm_20.2.2.LTS\lib\</path>
         <kind>archive</kind>
         <file>rtsv7M4_T_le_v4SPD16_eabi.lib</file>
         <name>ull_div_t2.asm.obj</name>
      </input_file>
      <input_file id="fl-107">
         <path>C:\ti\ccs1020\ccs\tools\compiler\ti-cgt-arm_20.2.2.LTS\lib\</path>
         <kind>archive</kind>
         <file>rtsv7M4_T_le_v4SPD16_eabi.lib</file>
         <name>autoinit.c.obj</name>
      </input_file>
      <input_file id="fl-108">
         <path>C:\ti\ccs1020\ccs\tools\compiler\ti-cgt-arm_20.2.2.LTS\lib\</path>
         <kind>archive</kind>
         <file>rtsv7M4_T_le_v4SPD16_eabi.lib</file>
         <name>pre_init.c.obj</name>
      </input_file>
      <input_file id="fl-109">
         <path>C:\ti\ccs1020\ccs\tools\compiler\ti-cgt-arm_20.2.2.LTS\lib\</path>
         <kind>archive</kind>
         <file>rtsv7M4_T_le_v4SPD16_eabi.lib</file>
         <name>cpy_tbl.c.obj</name>
      </input_file>
      <input_file id="fl-10a">
         <path>C:\ti\ccs1020\ccs\tools\compiler\ti-cgt-arm_20.2.2.LTS\lib\</path>
         <kind>archive</kind>
         <file>rtsv7M4_T_le_v4SPD16_eabi.lib</file>
         <name>exit.c.obj</name>
      </input_file>
      <input_file id="fl-10b">
         <path>C:\ti\ccs1020\ccs\tools\compiler\ti-cgt-arm_20.2.2.LTS\lib\</path>
         <kind>archive</kind>
         <file>rtsv7M4_T_le_v4SPD16_eabi.lib</file>
         <name>_lock.c.obj</name>
      </input_file>
      <input_file id="fl-10c">
         <path>C:\ti\ccs1020\ccs\tools\compiler\ti-cgt-arm_20.2.2.LTS\lib\</path>
         <kind>archive</kind>
         <file>rtsv7M4_T_le_v4SPD16_eabi.lib</file>
         <name>_ltoa.c.obj</name>
      </input_file>
      <input_file id="fl-10d">
         <path>C:\ti\ccs1020\ccs\tools\compiler\ti-cgt-arm_20.2.2.LTS\lib\</path>
         <kind>archive</kind>
         <file>rtsv7M4_T_le_v4SPD16_eabi.lib</file>
         <name>args_main.c.obj</name>
      </input_file>
      <input_file id="fl-10e">
         <path>C:\ti\ccs1020\ccs\tools\compiler\ti-cgt-arm_20.2.2.LTS\lib\</path>
         <kind>archive</kind>
         <file>rtsv7M4_T_le_v4SPD16_eabi.lib</file>
         <name>atoi.c.obj</name>
      </input_file>
      <input_file id="fl-10f">
         <path>C:\ti\ccs1020\ccs\tools\compiler\ti-cgt-arm_20.2.2.LTS\lib\</path>
         <kind>archive</kind>
         <file>rtsv7M4_T_le_v4SPD16_eabi.lib</file>
         <name>ctype.c.obj</name>
      </input_file>
      <input_file id="fl-110">
         <path>C:\ti\ccs1020\ccs\tools\compiler\ti-cgt-arm_20.2.2.LTS\lib\</path>
         <kind>archive</kind>
         <file>rtsv7M4_T_le_v4SPD16_eabi.lib</file>
         <name>memccpy.c.obj</name>
      </input_file>
      <input_file id="fl-111">
         <path>C:\ti\ccs1020\ccs\tools\compiler\ti-cgt-arm_20.2.2.LTS\lib\</path>
         <kind>archive</kind>
         <file>rtsv7M4_T_le_v4SPD16_eabi.lib</file>
         <name>strchr.c.obj</name>
      </input_file>
      <input_file id="fl-112">
         <path>C:\ti\ccs1020\ccs\tools\compiler\ti-cgt-arm_20.2.2.LTS\lib\</path>
         <kind>archive</kind>
         <file>rtsv7M4_T_le_v4SPD16_eabi.lib</file>
         <name>errno.c.obj</name>
      </input_file>
      <input_file id="fl-113">
         <path>C:\ti\ccs1020\ccs\tools\compiler\ti-cgt-arm_20.2.2.LTS\lib\</path>
         <kind>archive</kind>
         <file>rtsv7M4_T_le_v4SPD16_eabi.lib</file>
         <name>s_frexp.c.obj</name>
      </input_file>
      <input_file id="fl-114">
         <path>C:\ti\ccs1020\ccs\tools\compiler\ti-cgt-arm_20.2.2.LTS\lib\</path>
         <kind>archive</kind>
         <file>rtsv7M4_T_le_v4SPD16_eabi.lib</file>
         <name>s_scalbn.c.obj</name>
      </input_file>
      <input_file id="fl-115">
         <path>C:\ti\ccs1020\ccs\tools\compiler\ti-cgt-arm_20.2.2.LTS\lib\</path>
         <kind>archive</kind>
         <file>rtsv7M4_T_le_v4SPD16_eabi.lib</file>
         <name>wcslen.c.obj</name>
      </input_file>
      <input_file id="fl-116">
         <path>C:\ti\ccs1020\ccs\tools\compiler\ti-cgt-arm_20.2.2.LTS\lib\</path>
         <kind>archive</kind>
         <file>rtsv7M4_T_le_v4SPD16_eabi.lib</file>
         <name>s_copysign.c.obj</name>
      </input_file>
   </input_file_list>
   <object_component_list>
      <object_component id="oc-12">
         <name>.intvecs</name>
         <load_address>0x0</load_address>
         <run_address>0x0</run_address>
         <size>0x26c</size>
         <input_file_ref idref="fl-4"/>
      </object_component>
      <object_component id="oc-91">
         <name>.text</name>
         <load_address>0x26c</load_address>
         <run_address>0x26c</run_address>
         <size>0x18c4</size>
         <input_file_ref idref="fl-a"/>
      </object_component>
      <object_component id="oc-f2">
         <name>.text</name>
         <load_address>0x1b30</load_address>
         <run_address>0x1b30</run_address>
         <size>0x101c</size>
         <input_file_ref idref="fl-28"/>
      </object_component>
      <object_component id="oc-ac">
         <name>.text</name>
         <load_address>0x2b4c</load_address>
         <run_address>0x2b4c</run_address>
         <size>0xe10</size>
         <input_file_ref idref="fl-1c"/>
      </object_component>
      <object_component id="oc-b2">
         <name>.text</name>
         <load_address>0x395c</load_address>
         <run_address>0x395c</run_address>
         <size>0xdc4</size>
         <input_file_ref idref="fl-8"/>
      </object_component>
      <object_component id="oc-e7">
         <name>.text</name>
         <load_address>0x4720</load_address>
         <run_address>0x4720</run_address>
         <size>0xc50</size>
         <input_file_ref idref="fl-23"/>
      </object_component>
      <object_component id="oc-14c">
         <name>.text</name>
         <load_address>0x5370</load_address>
         <run_address>0x5370</run_address>
         <size>0xc4c</size>
         <input_file_ref idref="fl-f"/>
      </object_component>
      <object_component id="oc-344">
         <name>.text:__TI_printfi</name>
         <load_address>0x5fbc</load_address>
         <run_address>0x5fbc</run_address>
         <size>0xa4e</size>
         <input_file_ref idref="fl-fe"/>
      </object_component>
      <object_component id="oc-284">
         <name>.text</name>
         <load_address>0x6a0a</load_address>
         <run_address>0x6a0a</run_address>
         <size>0x2</size>
         <input_file_ref idref="fl-ff"/>
      </object_component>
      <object_component id="oc-38">
         <name>.text</name>
         <load_address>0x6a0c</load_address>
         <run_address>0x6a0c</run_address>
         <size>0xa4c</size>
         <input_file_ref idref="fl-3"/>
      </object_component>
      <object_component id="oc-152">
         <name>.text</name>
         <load_address>0x7458</load_address>
         <run_address>0x7458</run_address>
         <size>0xa38</size>
         <input_file_ref idref="fl-2b"/>
      </object_component>
      <object_component id="oc-3e">
         <name>.text</name>
         <load_address>0x7e90</load_address>
         <run_address>0x7e90</run_address>
         <size>0x8e8</size>
         <input_file_ref idref="fl-37"/>
      </object_component>
      <object_component id="oc-122">
         <name>.text</name>
         <load_address>0x8778</load_address>
         <run_address>0x8778</run_address>
         <size>0x840</size>
         <input_file_ref idref="fl-2c"/>
      </object_component>
      <object_component id="oc-1c5">
         <name>.text</name>
         <load_address>0x8fb8</load_address>
         <run_address>0x8fb8</run_address>
         <size>0x620</size>
         <input_file_ref idref="fl-b"/>
      </object_component>
      <object_component id="oc-106">
         <name>.text</name>
         <load_address>0x95d8</load_address>
         <run_address>0x95d8</run_address>
         <size>0x518</size>
         <input_file_ref idref="fl-2"/>
      </object_component>
      <object_component id="oc-fe">
         <name>.text</name>
         <load_address>0x9af0</load_address>
         <run_address>0x9af0</run_address>
         <size>0x3a8</size>
         <input_file_ref idref="fl-1f"/>
      </object_component>
      <object_component id="oc-1af">
         <name>.text</name>
         <load_address>0x9e98</load_address>
         <run_address>0x9e98</run_address>
         <size>0x2d4</size>
         <input_file_ref idref="fl-e"/>
      </object_component>
      <object_component id="oc-20c">
         <name>.text</name>
         <load_address>0xa16c</load_address>
         <run_address>0xa16c</run_address>
         <size>0x2b4</size>
         <input_file_ref idref="fl-5"/>
      </object_component>
      <object_component id="oc-437">
         <name>.text:_pconv_a</name>
         <load_address>0xa420</load_address>
         <run_address>0xa420</run_address>
         <size>0x270</size>
         <input_file_ref idref="fl-fe"/>
      </object_component>
      <object_component id="oc-c3">
         <name>.text</name>
         <load_address>0xa690</load_address>
         <run_address>0xa690</run_address>
         <size>0x258</size>
         <input_file_ref idref="fl-33"/>
      </object_component>
      <object_component id="oc-32">
         <name>.text</name>
         <load_address>0xa8e8</load_address>
         <run_address>0xa8e8</run_address>
         <size>0x234</size>
         <input_file_ref idref="fl-c"/>
      </object_component>
      <object_component id="oc-425">
         <name>.text:_pconv_g</name>
         <load_address>0xab1c</load_address>
         <run_address>0xab1c</run_address>
         <size>0x1d0</size>
         <input_file_ref idref="fl-fe"/>
      </object_component>
      <object_component id="oc-4cd">
         <name>.text</name>
         <load_address>0xacec</load_address>
         <run_address>0xacec</run_address>
         <size>0x1b6</size>
         <input_file_ref idref="fl-100"/>
      </object_component>
      <object_component id="oc-44">
         <name>.text</name>
         <load_address>0xaea4</load_address>
         <run_address>0xaea4</run_address>
         <size>0x148</size>
         <input_file_ref idref="fl-31"/>
      </object_component>
      <object_component id="oc-431">
         <name>.text:_pconv_e</name>
         <load_address>0xafec</load_address>
         <run_address>0xafec</run_address>
         <size>0x13c</size>
         <input_file_ref idref="fl-fe"/>
      </object_component>
      <object_component id="oc-4b3">
         <name>.text</name>
         <load_address>0xb128</load_address>
         <run_address>0xb128</run_address>
         <size>0x136</size>
         <input_file_ref idref="fl-102"/>
      </object_component>
      <object_component id="oc-4df">
         <name>.text:fcvt</name>
         <load_address>0xb260</load_address>
         <run_address>0xb260</run_address>
         <size>0x124</size>
         <input_file_ref idref="fl-fe"/>
      </object_component>
      <object_component id="oc-4f3">
         <name>.text:scalbn</name>
         <load_address>0xb384</load_address>
         <run_address>0xb384</run_address>
         <size>0x110</size>
         <input_file_ref idref="fl-114"/>
      </object_component>
      <object_component id="oc-4ae">
         <name>.text</name>
         <load_address>0xb494</load_address>
         <run_address>0xb494</run_address>
         <size>0xfc</size>
         <input_file_ref idref="fl-103"/>
      </object_component>
      <object_component id="oc-f8">
         <name>.text</name>
         <load_address>0xb590</load_address>
         <run_address>0xb590</run_address>
         <size>0xf8</size>
         <input_file_ref idref="fl-30"/>
      </object_component>
      <object_component id="oc-b8">
         <name>.text</name>
         <load_address>0xb688</load_address>
         <run_address>0xb688</run_address>
         <size>0xf8</size>
         <input_file_ref idref="fl-36"/>
      </object_component>
      <object_component id="oc-2d">
         <name>.text</name>
         <load_address>0xb780</load_address>
         <run_address>0xb780</run_address>
         <size>0xda</size>
         <input_file_ref idref="fl-d"/>
      </object_component>
      <object_component id="oc-41a">
         <name>.text:_ltostr</name>
         <load_address>0xb85c</load_address>
         <run_address>0xb85c</run_address>
         <size>0xb1</size>
         <input_file_ref idref="fl-fe"/>
      </object_component>
      <object_component id="oc-58">
         <name>.text</name>
         <load_address>0xb90e</load_address>
         <run_address>0xb90e</run_address>
         <size>0x9c</size>
         <input_file_ref idref="fl-f3"/>
      </object_component>
      <object_component id="oc-4a7">
         <name>.text</name>
         <load_address>0xb9aa</load_address>
         <run_address>0xb9aa</run_address>
         <size>0x96</size>
         <input_file_ref idref="fl-106"/>
      </object_component>
      <object_component id="oc-19d">
         <name>.text</name>
         <load_address>0xba40</load_address>
         <run_address>0xba40</run_address>
         <size>0x94</size>
         <input_file_ref idref="fl-7"/>
      </object_component>
      <object_component id="oc-420">
         <name>.text:__aeabi_cdcmple</name>
         <load_address>0xbad4</load_address>
         <run_address>0xbad4</run_address>
         <size>0x86</size>
         <input_file_ref idref="fl-101"/>
      </object_component>
      <object_component id="oc-4b8">
         <name>.text:__aeabi_cdrcmple</name>
         <load_address>0xbb5a</load_address>
         <run_address>0xbb5a</run_address>
         <size>0x86</size>
         <input_file_ref idref="fl-101"/>
      </object_component>
      <object_component id="oc-be">
         <name>.text</name>
         <load_address>0xbbe0</load_address>
         <run_address>0xbbe0</run_address>
         <size>0x7a</size>
         <input_file_ref idref="fl-f4"/>
      </object_component>
      <object_component id="oc-4d8">
         <name>.text:_mcpy</name>
         <load_address>0xbc5a</load_address>
         <run_address>0xbc5a</run_address>
         <size>0x6e</size>
         <input_file_ref idref="fl-fe"/>
      </object_component>
      <object_component id="oc-15">
         <name>.text:decompress:lzss:__TI_decompress_lzss</name>
         <load_address>0xbcc8</load_address>
         <run_address>0xbcc8</run_address>
         <size>0x68</size>
         <input_file_ref idref="fl-f8"/>
      </object_component>
      <object_component id="oc-1cb">
         <name>.text</name>
         <load_address>0xbd30</load_address>
         <run_address>0xbd30</run_address>
         <size>0x64</size>
         <input_file_ref idref="fl-34"/>
      </object_component>
      <object_component id="oc-26c">
         <name>.text</name>
         <load_address>0xbd94</load_address>
         <run_address>0xbd94</run_address>
         <size>0x64</size>
         <input_file_ref idref="fl-35"/>
      </object_component>
      <object_component id="oc-4ed">
         <name>.text:frexp</name>
         <load_address>0xbdf8</load_address>
         <run_address>0xbdf8</run_address>
         <size>0x64</size>
         <input_file_ref idref="fl-113"/>
      </object_component>
      <object_component id="oc-42b">
         <name>.text:_pconv_f</name>
         <load_address>0xbe5c</load_address>
         <run_address>0xbe5c</run_address>
         <size>0x56</size>
         <input_file_ref idref="fl-fe"/>
      </object_component>
      <object_component id="oc-4c2">
         <name>.text:__TI_ltoa</name>
         <load_address>0xbeb2</load_address>
         <run_address>0xbeb2</run_address>
         <size>0x54</size>
         <input_file_ref idref="fl-10c"/>
      </object_component>
      <object_component id="oc-4d2">
         <name>.text:_ecpy</name>
         <load_address>0xbf06</load_address>
         <run_address>0xbf06</run_address>
         <size>0x52</size>
         <input_file_ref idref="fl-fe"/>
      </object_component>
      <object_component id="oc-414">
         <name>.text:atoi</name>
         <load_address>0xbf58</load_address>
         <run_address>0xbf58</run_address>
         <size>0x4c</size>
         <input_file_ref idref="fl-10e"/>
      </object_component>
      <object_component id="oc-4bd">
         <name>.text</name>
         <load_address>0xbfa4</load_address>
         <run_address>0xbfa4</run_address>
         <size>0x48</size>
         <input_file_ref idref="fl-104"/>
      </object_component>
      <object_component id="oc-2cc">
         <name>.text:__TI_auto_init_nobinit_nopinit:__TI_auto_init_nobinit_nopinit</name>
         <load_address>0xbfec</load_address>
         <run_address>0xbfec</run_address>
         <size>0x44</size>
         <input_file_ref idref="fl-107"/>
      </object_component>
      <object_component id="oc-128">
         <name>.text</name>
         <load_address>0xc030</load_address>
         <run_address>0xc030</run_address>
         <size>0x40</size>
         <input_file_ref idref="fl-f5"/>
      </object_component>
      <object_component id="oc-1e0">
         <name>.text:sprintf</name>
         <load_address>0xc070</load_address>
         <run_address>0xc070</run_address>
         <size>0x40</size>
         <input_file_ref idref="fl-f1"/>
      </object_component>
      <object_component id="oc-4e5">
         <name>.text:_fcpy</name>
         <load_address>0xc0b0</load_address>
         <run_address>0xc0b0</run_address>
         <size>0x3e</size>
         <input_file_ref idref="fl-fe"/>
      </object_component>
      <object_component id="oc-1e6">
         <name>.text</name>
         <load_address>0xc0ee</load_address>
         <run_address>0xc0ee</run_address>
         <size>0x36</size>
         <input_file_ref idref="fl-13"/>
      </object_component>
      <object_component id="oc-76">
         <name>.text:_c_int00_noargs:_c_int00_noargs</name>
         <load_address>0xc124</load_address>
         <run_address>0xc124</run_address>
         <size>0x34</size>
         <input_file_ref idref="fl-fd"/>
      </object_component>
      <object_component id="oc-4c8">
         <name>.text</name>
         <load_address>0xc158</load_address>
         <run_address>0xc158</run_address>
         <size>0x2e</size>
         <input_file_ref idref="fl-105"/>
      </object_component>
      <object_component id="oc-272">
         <name>.text:strncmp</name>
         <load_address>0xc186</load_address>
         <run_address>0xc186</run_address>
         <size>0x2c</size>
         <input_file_ref idref="fl-fc"/>
      </object_component>
      <object_component id="oc-27">
         <name>.text</name>
         <load_address>0xc1b4</load_address>
         <run_address>0xc1b4</run_address>
         <size>0x28</size>
         <input_file_ref idref="fl-4"/>
      </object_component>
      <object_component id="oc-1b5">
         <name>.text:GetOverflowCounts</name>
         <load_address>0xc1dc</load_address>
         <run_address>0xc1dc</run_address>
         <size>0x24</size>
         <input_file_ref idref="fl-34"/>
      </object_component>
      <object_component id="oc-43d">
         <name>.text:memccpy</name>
         <load_address>0xc200</load_address>
         <run_address>0xc200</run_address>
         <size>0x1c</size>
         <input_file_ref idref="fl-110"/>
      </object_component>
      <object_component id="oc-549">
         <name>.text:copysign</name>
         <load_address>0xc21c</load_address>
         <run_address>0xc21c</run_address>
         <size>0x1a</size>
         <input_file_ref idref="fl-116"/>
      </object_component>
      <object_component id="oc-34a">
         <name>.text:_outs</name>
         <load_address>0xc236</load_address>
         <run_address>0xc236</run_address>
         <size>0x18</size>
         <input_file_ref idref="fl-f1"/>
      </object_component>
      <object_component id="oc-3b0">
         <name>.text:strcmp</name>
         <load_address>0xc24e</load_address>
         <run_address>0xc24e</run_address>
         <size>0x18</size>
         <input_file_ref idref="fl-f9"/>
      </object_component>
      <object_component id="oc-4f9">
         <name>.text:strchr</name>
         <load_address>0xc266</load_address>
         <run_address>0xc266</run_address>
         <size>0x16</size>
         <input_file_ref idref="fl-111"/>
      </object_component>
      <object_component id="oc-1d4">
         <name>.text:strcpy</name>
         <load_address>0xc27c</load_address>
         <run_address>0xc27c</run_address>
         <size>0x14</size>
         <input_file_ref idref="fl-fa"/>
      </object_component>
      <object_component id="oc-1da">
         <name>.text:strlen</name>
         <load_address>0xc290</load_address>
         <run_address>0xc290</run_address>
         <size>0x14</size>
         <input_file_ref idref="fl-fb"/>
      </object_component>
      <object_component id="oc-443">
         <name>.text:wcslen</name>
         <load_address>0xc2a4</load_address>
         <run_address>0xc2a4</run_address>
         <size>0x12</size>
         <input_file_ref idref="fl-115"/>
      </object_component>
      <object_component id="oc-1b">
         <name>.text:decompress:none:__TI_decompress_none</name>
         <load_address>0xc2b6</load_address>
         <run_address>0xc2b6</run_address>
         <size>0xe</size>
         <input_file_ref idref="fl-f7"/>
      </object_component>
      <object_component id="oc-6a">
         <name>.text:decompress:ZI:__TI_zero_init</name>
         <load_address>0xc2c4</load_address>
         <run_address>0xc2c4</run_address>
         <size>0xc</size>
         <input_file_ref idref="fl-f6"/>
      </object_component>
      <object_component id="oc-350">
         <name>.text:_outc</name>
         <load_address>0xc2d0</load_address>
         <run_address>0xc2d0</run_address>
         <size>0xa</size>
         <input_file_ref idref="fl-f1"/>
      </object_component>
      <object_component id="oc-449">
         <name>.text:__aeabi_errno_addr</name>
         <load_address>0xc2dc</load_address>
         <run_address>0xc2dc</run_address>
         <size>0x8</size>
         <input_file_ref idref="fl-112"/>
      </object_component>
      <object_component id="oc-244">
         <name>.text:SysCtlDelay</name>
         <load_address>0xc2e4</load_address>
         <run_address>0xc2e4</run_address>
         <size>0x6</size>
         <input_file_ref idref="fl-28"/>
      </object_component>
      <object_component id="oc-181">
         <name>.text:_system_pre_init</name>
         <load_address>0xc2ea</load_address>
         <run_address>0xc2ea</run_address>
         <size>0x4</size>
         <input_file_ref idref="fl-108"/>
      </object_component>
      <object_component id="oc-2c0">
         <name>.text:abort:abort</name>
         <load_address>0xc2ee</load_address>
         <run_address>0xc2ee</run_address>
         <size>0x4</size>
         <input_file_ref idref="fl-10a"/>
      </object_component>
      <object_component id="oc-24b">
         <name>.const:g_pppui32XTALtoVCO</name>
         <load_address>0xc2f4</load_address>
         <run_address>0xc2f4</run_address>
         <size>0x1b0</size>
         <input_file_ref idref="fl-28"/>
      </object_component>
      <object_component id="oc-3bd">
         <name>.const:.string</name>
         <load_address>0xc4a4</load_address>
         <run_address>0xc4a4</run_address>
         <size>0x12c</size>
         <input_file_ref idref="fl-2"/>
      </object_component>
      <object_component id="oc-4a2">
         <name>.const:.string:_ctypes_</name>
         <load_address>0xc5d0</load_address>
         <run_address>0xc5d0</run_address>
         <size>0x101</size>
         <input_file_ref idref="fl-10f"/>
      </object_component>
      <object_component id="oc-202">
         <name>.const:g_ppui32GPIOIntMapSnowflake</name>
         <load_address>0xc6d4</load_address>
         <run_address>0xc6d4</run_address>
         <size>0xd8</size>
         <input_file_ref idref="fl-1c"/>
      </object_component>
      <object_component id="oc-1ff">
         <name>.const:g_ppui32GPIOIntMapBlizzard</name>
         <load_address>0xc7ac</load_address>
         <run_address>0xc7ac</run_address>
         <size>0xc0</size>
         <input_file_ref idref="fl-1c"/>
      </object_component>
      <object_component id="oc-258">
         <name>.const:g_pui32Regs</name>
         <load_address>0xc86c</load_address>
         <run_address>0xc86c</run_address>
         <size>0x9c</size>
         <input_file_ref idref="fl-1f"/>
      </object_component>
      <object_component id="oc-1fc">
         <name>.const:g_pui32GPIOBaseAddrs</name>
         <load_address>0xc908</load_address>
         <run_address>0xc908</run_address>
         <size>0x90</size>
         <input_file_ref idref="fl-1c"/>
      </object_component>
      <object_component id="oc-241">
         <name>.const:g_pui32Xtals</name>
         <load_address>0xc998</load_address>
         <run_address>0xc998</run_address>
         <size>0x6c</size>
         <input_file_ref idref="fl-28"/>
      </object_component>
      <object_component id="oc-2a2">
         <name>.const:g_ppui32TimerIntMap</name>
         <load_address>0xca04</load_address>
         <run_address>0xca04</run_address>
         <size>0x60</size>
         <input_file_ref idref="fl-2b"/>
      </object_component>
      <object_component id="oc-2a5">
         <name>.const:g_ppui32TimerIntMapSnowflake</name>
         <load_address>0xca64</load_address>
         <run_address>0xca64</run_address>
         <size>0x40</size>
         <input_file_ref idref="fl-2b"/>
      </object_component>
      <object_component id="oc-27c">
         <name>.const:g_ppui32UARTIntMap</name>
         <load_address>0xcaa4</load_address>
         <run_address>0xcaa4</run_address>
         <size>0x40</size>
         <input_file_ref idref="fl-2c"/>
      </object_component>
      <object_component id="oc-27f">
         <name>.const:g_ppui32UARTIntMapSnowflake</name>
         <load_address>0xcae4</load_address>
         <run_address>0xcae4</run_address>
         <size>0x40</size>
         <input_file_ref idref="fl-2c"/>
      </object_component>
      <object_component id="oc-245">
         <name>.const:g_sXTALtoMEMTIM</name>
         <load_address>0xcb24</load_address>
         <run_address>0xcb24</run_address>
         <size>0x30</size>
         <input_file_ref idref="fl-28"/>
      </object_component>
      <object_component id="oc-25b">
         <name>.const:g_pui32Priority</name>
         <load_address>0xcb54</load_address>
         <run_address>0xcb54</run_address>
         <size>0x20</size>
         <input_file_ref idref="fl-1f"/>
      </object_component>
      <object_component id="oc-267">
         <name>.const:g_pui32Dii16Regs</name>
         <load_address>0xcb74</load_address>
         <run_address>0xcb74</run_address>
         <size>0x14</size>
         <input_file_ref idref="fl-1f"/>
      </object_component>
      <object_component id="oc-264">
         <name>.const:g_pui32EnRegs</name>
         <load_address>0xcb88</load_address>
         <run_address>0xcb88</run_address>
         <size>0x14</size>
         <input_file_ref idref="fl-1f"/>
      </object_component>
      <object_component id="oc-25e">
         <name>.const:g_pui32PendRegs</name>
         <load_address>0xcb9c</load_address>
         <run_address>0xcb9c</run_address>
         <size>0x14</size>
         <input_file_ref idref="fl-1f"/>
      </object_component>
      <object_component id="oc-261">
         <name>.const:g_pui32UnpendRegs</name>
         <load_address>0xcbb0</load_address>
         <run_address>0xcbb0</run_address>
         <size>0x14</size>
         <input_file_ref idref="fl-1f"/>
      </object_component>
      <object_component id="oc-28e">
         <name>.const:.string</name>
         <load_address>0xcbc4</load_address>
         <run_address>0xcbc4</run_address>
         <size>0x12</size>
         <input_file_ref idref="fl-37"/>
      </object_component>
      <object_component id="oc-13c">
         <name>.const:g_ui32UARTBase</name>
         <load_address>0xcbd8</load_address>
         <run_address>0xcbd8</run_address>
         <size>0xc</size>
         <input_file_ref idref="fl-37"/>
      </object_component>
      <object_component id="oc-142">
         <name>.const:g_ui32UARTInt</name>
         <load_address>0xcbe4</load_address>
         <run_address>0xcbe4</run_address>
         <size>0xc</size>
         <input_file_ref idref="fl-37"/>
      </object_component>
      <object_component id="oc-13f">
         <name>.const:g_ui32UARTPeriph</name>
         <load_address>0xcbf0</load_address>
         <run_address>0xcbf0</run_address>
         <size>0xc</size>
         <input_file_ref idref="fl-37"/>
      </object_component>
      <object_component id="oc-248">
         <name>.const:g_pui32VCOFrequencies</name>
         <load_address>0xcbfc</load_address>
         <run_address>0xcbfc</run_address>
         <size>0x8</size>
         <input_file_ref idref="fl-28"/>
      </object_component>
      <object_component id="oc-8e">
         <name>.const</name>
         <load_address>0xcc04</load_address>
         <run_address>0xcc04</run_address>
         <size>0x8</size>
         <input_file_ref idref="fl-c"/>
      </object_component>
      <object_component id="oc-1d1">
         <name>.const</name>
         <load_address>0xcc0c</load_address>
         <run_address>0xcc0c</run_address>
         <size>0x4</size>
         <input_file_ref idref="fl-a"/>
      </object_component>
      <object_component id="oc-133">
         <name>.const</name>
         <load_address>0xcc10</load_address>
         <run_address>0xcc10</run_address>
         <size>0x4</size>
         <input_file_ref idref="fl-37"/>
      </object_component>
      <object_component id="oc-5a1">
         <name>.cinit..data.load</name>
         <load_address>0xcc18</load_address>
         <run_address>0xcc18</run_address>
         <size>0x171</size>
      </object_component>
      <object_component id="oc-59e">
         <name>__TI_handler_table</name>
         <load_address>0xcd8c</load_address>
         <run_address>0xcd8c</run_address>
         <size>0xc</size>
      </object_component>
      <object_component id="oc-5a2">
         <name>.cinit..bss.load</name>
         <load_address>0xcd98</load_address>
         <run_address>0xcd98</run_address>
         <size>0x8</size>
      </object_component>
      <object_component id="oc-5a0">
         <name>.cinit..vtable.load</name>
         <load_address>0xcda0</load_address>
         <run_address>0xcda0</run_address>
         <size>0x8</size>
      </object_component>
      <object_component id="oc-59f">
         <name>__TI_cinit_table</name>
         <load_address>0xcda8</load_address>
         <run_address>0xcda8</run_address>
         <size>0x18</size>
      </object_component>
      <object_component id="oc-255">
         <name>.vtable</name>
         <uninitialized>true</uninitialized>
         <run_address>0x20000000</run_address>
         <size>0x26c</size>
         <input_file_ref idref="fl-1f"/>
      </object_component>
      <object_component id="oc-278">
         <name>.data:g_psCmdTable</name>
         <load_address>0x20006000</load_address>
         <run_address>0x20006000</run_address>
         <size>0x60</size>
         <input_file_ref idref="fl-2"/>
      </object_component>
      <object_component id="oc-cc">
         <name>.data</name>
         <load_address>0x20006228</load_address>
         <run_address>0x20006228</run_address>
         <size>0xe</size>
         <input_file_ref idref="fl-3"/>
      </object_component>
      <object_component id="oc-dc">
         <name>.data:g_d41</name>
         <load_address>0x20006154</load_address>
         <run_address>0x20006154</run_address>
         <size>0x38</size>
         <input_file_ref idref="fl-3"/>
      </object_component>
      <object_component id="oc-e1">
         <name>.data:g_v41</name>
         <load_address>0x2000618c</load_address>
         <run_address>0x2000618c</run_address>
         <size>0x38</size>
         <input_file_ref idref="fl-3"/>
      </object_component>
      <object_component id="oc-d0">
         <name>.data:g_d21</name>
         <load_address>0x20006060</load_address>
         <run_address>0x20006060</run_address>
         <size>0x5c</size>
         <input_file_ref idref="fl-3"/>
      </object_component>
      <object_component id="oc-e4">
         <name>.data:g_v21</name>
         <load_address>0x200060bc</load_address>
         <run_address>0x200060bc</run_address>
         <size>0x5c</size>
         <input_file_ref idref="fl-3"/>
      </object_component>
      <object_component id="oc-d9">
         <name>.data:historial</name>
         <load_address>0x20005f60</load_address>
         <run_address>0x20005f60</run_address>
         <size>0xa0</size>
         <input_file_ref idref="fl-3"/>
      </object_component>
      <object_component id="oc-36b">
         <name>.data</name>
         <load_address>0x200061c4</load_address>
         <run_address>0x200061c4</run_address>
         <size>0x1c</size>
         <input_file_ref idref="fl-5"/>
      </object_component>
      <object_component id="oc-8b">
         <name>.data</name>
         <load_address>0x20006118</load_address>
         <run_address>0x20006118</run_address>
         <size>0x3c</size>
         <input_file_ref idref="fl-a"/>
      </object_component>
      <object_component id="oc-325">
         <name>.data</name>
         <load_address>0x20006244</load_address>
         <run_address>0x20006244</run_address>
         <size>0xc</size>
         <input_file_ref idref="fl-b"/>
      </object_component>
      <object_component id="oc-98">
         <name>.data</name>
         <load_address>0x20006238</load_address>
         <run_address>0x20006238</run_address>
         <size>0xc</size>
         <input_file_ref idref="fl-c"/>
      </object_component>
      <object_component id="oc-314">
         <name>.data</name>
         <load_address>0x20006210</load_address>
         <run_address>0x20006210</run_address>
         <size>0x18</size>
         <input_file_ref idref="fl-e"/>
      </object_component>
      <object_component id="oc-250">
         <name>.data</name>
         <load_address>0x20006260</load_address>
         <run_address>0x20006260</run_address>
         <size>0x3</size>
         <input_file_ref idref="fl-30"/>
      </object_component>
      <object_component id="oc-21f">
         <name>.data:g_pui32CPUUsageTimerPeriph</name>
         <load_address>0x200061f8</load_address>
         <run_address>0x200061f8</run_address>
         <size>0x18</size>
         <input_file_ref idref="fl-36"/>
      </object_component>
      <object_component id="oc-219">
         <name>.data:g_pui32CPUUsageTimerBase</name>
         <load_address>0x200061e0</load_address>
         <run_address>0x200061e0</run_address>
         <size>0x18</size>
         <input_file_ref idref="fl-36"/>
      </object_component>
      <object_component id="oc-12d">
         <name>.data</name>
         <load_address>0x20006250</load_address>
         <run_address>0x20006250</run_address>
         <size>0xc</size>
         <input_file_ref idref="fl-37"/>
      </object_component>
      <object_component id="oc-509">
         <name>.data</name>
         <load_address>0x2000625c</load_address>
         <run_address>0x2000625c</run_address>
         <size>0x4</size>
         <input_file_ref idref="fl-112"/>
      </object_component>
      <object_component id="oc-36e">
         <name>.bss:pxReadyCoRoutineLists</name>
         <uninitialized>true</uninitialized>
         <run_address>0x200055ac</run_address>
         <size>0x28</size>
         <input_file_ref idref="fl-5"/>
      </object_component>
      <object_component id="oc-371">
         <name>.bss:xDelayedCoRoutineList1</name>
         <uninitialized>true</uninitialized>
         <run_address>0x20005654</run_address>
         <size>0x14</size>
         <input_file_ref idref="fl-5"/>
      </object_component>
      <object_component id="oc-374">
         <name>.bss:xDelayedCoRoutineList2</name>
         <uninitialized>true</uninitialized>
         <run_address>0x20005668</run_address>
         <size>0x14</size>
         <input_file_ref idref="fl-5"/>
      </object_component>
      <object_component id="oc-368">
         <name>.bss:xPendingReadyCoRoutineList</name>
         <uninitialized>true</uninitialized>
         <run_address>0x200056a4</run_address>
         <size>0x14</size>
         <input_file_ref idref="fl-5"/>
      </object_component>
      <object_component id="oc-1a9">
         <name>.bss:pxReadyTasksLists</name>
         <uninitialized>true</uninitialized>
         <run_address>0x2000546c</run_address>
         <size>0x140</size>
         <input_file_ref idref="fl-a"/>
      </object_component>
      <object_component id="oc-1bc">
         <name>.bss:xDelayedTaskList1</name>
         <uninitialized>true</uninitialized>
         <run_address>0x2000567c</run_address>
         <size>0x14</size>
         <input_file_ref idref="fl-a"/>
      </object_component>
      <object_component id="oc-1bf">
         <name>.bss:xDelayedTaskList2</name>
         <uninitialized>true</uninitialized>
         <run_address>0x20005690</run_address>
         <size>0x14</size>
         <input_file_ref idref="fl-a"/>
      </object_component>
      <object_component id="oc-1ac">
         <name>.bss</name>
         <uninitialized>true</uninitialized>
         <run_address>0x20005708</run_address>
         <size>0x8</size>
         <input_file_ref idref="fl-a"/>
      </object_component>
      <object_component id="oc-1a6">
         <name>.bss:xPendingReadyList</name>
         <uninitialized>true</uninitialized>
         <run_address>0x200056b8</run_address>
         <size>0x14</size>
         <input_file_ref idref="fl-a"/>
      </object_component>
      <object_component id="oc-1c2">
         <name>.bss:xTasksWaitingTermination</name>
         <uninitialized>true</uninitialized>
         <run_address>0x200056e0</run_address>
         <size>0x14</size>
         <input_file_ref idref="fl-a"/>
      </object_component>
      <object_component id="oc-1a3">
         <name>.bss:xSuspendedTaskList</name>
         <uninitialized>true</uninitialized>
         <run_address>0x200056cc</run_address>
         <size>0x14</size>
         <input_file_ref idref="fl-a"/>
      </object_component>
      <object_component id="oc-328">
         <name>.bss:xActiveTimerList1</name>
         <uninitialized>true</uninitialized>
         <run_address>0x2000562c</run_address>
         <size>0x14</size>
         <input_file_ref idref="fl-b"/>
      </object_component>
      <object_component id="oc-32b">
         <name>.bss:xActiveTimerList2</name>
         <uninitialized>true</uninitialized>
         <run_address>0x20005640</run_address>
         <size>0x14</size>
         <input_file_ref idref="fl-b"/>
      </object_component>
      <object_component id="oc-32e">
         <name>.bss</name>
         <uninitialized>true</uninitialized>
         <run_address>0x20005710</run_address>
         <size>0x8</size>
         <input_file_ref idref="fl-b"/>
      </object_component>
      <object_component id="oc-31a">
         <name>.bss:ucHeap</name>
         <uninitialized>true</uninitialized>
         <run_address>0x2000026c</run_address>
         <size>0x5000</size>
         <input_file_ref idref="fl-e"/>
      </object_component>
      <object_component id="oc-317">
         <name>.bss:xStart</name>
         <uninitialized>true</uninitialized>
         <run_address>0x20005718</run_address>
         <size>0x8</size>
         <input_file_ref idref="fl-e"/>
      </object_component>
      <object_component id="oc-29d">
         <name>.bss:g_pui8OversampleFactor</name>
         <uninitialized>true</uninitialized>
         <run_address>0x20005700</run_address>
         <size>0x8</size>
         <input_file_ref idref="fl-f"/>
      </object_component>
      <object_component id="oc-3b6">
         <name>.bss:g_ppcArgv</name>
         <uninitialized>true</uninitialized>
         <run_address>0x200055d4</run_address>
         <size>0x24</size>
         <input_file_ref idref="fl-35"/>
      </object_component>
      <object_component id="oc-21c">
         <name>.bss</name>
         <uninitialized>true</uninitialized>
         <run_address>0x200056f4</run_address>
         <size>0xc</size>
         <input_file_ref idref="fl-36"/>
      </object_component>
      <object_component id="oc-130">
         <name>.bss</name>
         <uninitialized>true</uninitialized>
         <run_address>0x20005618</run_address>
         <size>0x14</size>
         <input_file_ref idref="fl-37"/>
      </object_component>
      <object_component id="oc-136">
         <name>.bss:g_pcUARTRxHistoryBuffer</name>
         <uninitialized>true</uninitialized>
         <run_address>0x2000526c</run_address>
         <size>0x200</size>
         <input_file_ref idref="fl-37"/>
      </object_component>
      <object_component id="oc-139">
         <name>.bss:g_usUARTRxHistoryOffset</name>
         <uninitialized>true</uninitialized>
         <run_address>0x200055f8</run_address>
         <size>0x20</size>
         <input_file_ref idref="fl-37"/>
      </object_component>
      <object_component id="oc-cf">
         <name>.common:g_ui32CPUUsage</name>
         <uninitialized>true</uninitialized>
         <run_address>0x2000572c</run_address>
         <size>0x4</size>
      </object_component>
      <object_component id="oc-10c">
         <name>.common:g_ui32SystemClock</name>
         <uninitialized>true</uninitialized>
         <run_address>0x20005730</run_address>
         <size>0x4</size>
      </object_component>
      <object_component id="oc-f1">
         <name>.common:g_servo_mode</name>
         <uninitialized>true</uninitialized>
         <run_address>0x20005728</run_address>
         <size>0x4</size>
      </object_component>
      <object_component id="oc-105">
         <name>.common:servos_ctl</name>
         <uninitialized>true</uninitialized>
         <run_address>0x20005754</run_address>
         <size>0x4</size>
      </object_component>
      <object_component id="oc-c9">
         <name>.common:servos_mode</name>
         <uninitialized>true</uninitialized>
         <run_address>0x20005758</run_address>
         <size>0x4</size>
      </object_component>
      <object_component id="oc-e0">
         <name>.common:cola_adc</name>
         <uninitialized>true</uninitialized>
         <run_address>0x20005720</run_address>
         <size>0x4</size>
      </object_component>
      <object_component id="oc-f0">
         <name>.common:q_encoders</name>
         <uninitialized>true</uninitialized>
         <run_address>0x2000573c</run_address>
         <size>0x4</size>
      </object_component>
      <object_component id="oc-104">
         <name>.common:servos_set</name>
         <uninitialized>true</uninitialized>
         <run_address>0x2000575c</run_address>
         <size>0x4</size>
      </object_component>
      <object_component id="oc-ee">
         <name>.common:move_set</name>
         <uninitialized>true</uninitialized>
         <run_address>0x20005734</run_address>
         <size>0x4</size>
      </object_component>
      <object_component id="oc-df">
         <name>.common:ordenes_set</name>
         <uninitialized>true</uninitialized>
         <run_address>0x20005738</run_address>
         <size>0x4</size>
      </object_component>
      <object_component id="oc-ef">
         <name>.common:s_der</name>
         <uninitialized>true</uninitialized>
         <run_address>0x20005748</run_address>
         <size>0x4</size>
      </object_component>
      <object_component id="oc-ed">
         <name>.common:s_izq</name>
         <uninitialized>true</uninitialized>
         <run_address>0x2000574c</run_address>
         <size>0x4</size>
      </object_component>
      <object_component id="oc-d8">
         <name>.common:s_control</name>
         <uninitialized>true</uninitialized>
         <run_address>0x20005744</run_address>
         <size>0x4</size>
      </object_component>
      <object_component id="oc-d4">
         <name>.common:s_suelo</name>
         <uninitialized>true</uninitialized>
         <run_address>0x20005750</run_address>
         <size>0x4</size>
      </object_component>
      <object_component id="oc-d3">
         <name>.common:g_event</name>
         <uninitialized>true</uninitialized>
         <run_address>0x20005724</run_address>
         <size>0x4</size>
      </object_component>
      <object_component id="oc-d5">
         <name>.common:q_steps</name>
         <uninitialized>true</uninitialized>
         <run_address>0x20005740</run_address>
         <size>0x4</size>
      </object_component>
      <object_component id="oc-24">
         <name>.stack</name>
         <uninitialized>true</uninitialized>
         <run_address>0x20005760</run_address>
         <size>0x4</size>
         <input_file_ref idref="fl-fd"/>
      </object_component>
      <object_component id="oc-5a4">
         <name>.stack</name>
         <uninitialized>true</uninitialized>
         <run_address>0x20005760</run_address>
         <size>0x0</size>
      </object_component>
      <object_component id="oc-1f6">
         <name>.debug_info</name>
         <load_address>0x0</load_address>
         <run_address>0x0</run_address>
         <size>0x85d</size>
         <input_file_ref idref="fl-2"/>
      </object_component>
      <object_component id="oc-279">
         <name>.debug_info</name>
         <load_address>0x85d</load_address>
         <run_address>0x85d</run_address>
         <size>0xef</size>
         <input_file_ref idref="fl-2"/>
      </object_component>
      <object_component id="oc-107">
         <name>.debug_info</name>
         <load_address>0x94c</load_address>
         <run_address>0x94c</run_address>
         <size>0x968</size>
         <input_file_ref idref="fl-2"/>
      </object_component>
      <object_component id="oc-113">
         <name>.debug_info</name>
         <load_address>0x12b4</load_address>
         <run_address>0x12b4</run_address>
         <size>0x315</size>
         <input_file_ref idref="fl-2"/>
      </object_component>
      <object_component id="oc-11d">
         <name>.debug_info</name>
         <load_address>0x15c9</load_address>
         <run_address>0x15c9</run_address>
         <size>0xd3</size>
         <input_file_ref idref="fl-2"/>
      </object_component>
      <object_component id="oc-35b">
         <name>.debug_info</name>
         <load_address>0x169c</load_address>
         <run_address>0x169c</run_address>
         <size>0x7f</size>
         <input_file_ref idref="fl-2"/>
      </object_component>
      <object_component id="oc-161">
         <name>.debug_info</name>
         <load_address>0x171b</load_address>
         <run_address>0x171b</run_address>
         <size>0x26b</size>
         <input_file_ref idref="fl-2"/>
      </object_component>
      <object_component id="oc-166">
         <name>.debug_info</name>
         <load_address>0x1986</load_address>
         <run_address>0x1986</run_address>
         <size>0x48b</size>
         <input_file_ref idref="fl-2"/>
      </object_component>
      <object_component id="oc-401">
         <name>.debug_info</name>
         <load_address>0x1e11</load_address>
         <run_address>0x1e11</run_address>
         <size>0x109</size>
         <input_file_ref idref="fl-2"/>
      </object_component>
      <object_component id="oc-118">
         <name>.debug_info</name>
         <load_address>0x1f1a</load_address>
         <run_address>0x1f1a</run_address>
         <size>0x4f</size>
         <input_file_ref idref="fl-2"/>
      </object_component>
      <object_component id="oc-22c">
         <name>.debug_info</name>
         <load_address>0x1f69</load_address>
         <run_address>0x1f69</run_address>
         <size>0x2c</size>
         <input_file_ref idref="fl-2"/>
      </object_component>
      <object_component id="oc-53">
         <name>.debug_info</name>
         <load_address>0x1f95</load_address>
         <run_address>0x1f95</run_address>
         <size>0x84</size>
         <input_file_ref idref="fl-2"/>
      </object_component>
      <object_component id="oc-9d">
         <name>.debug_info</name>
         <load_address>0x2019</load_address>
         <run_address>0x2019</run_address>
         <size>0x2c</size>
         <input_file_ref idref="fl-2"/>
      </object_component>
      <object_component id="oc-1f7">
         <name>.debug_info</name>
         <load_address>0x2045</load_address>
         <run_address>0x2045</run_address>
         <size>0x2a4</size>
         <input_file_ref idref="fl-2"/>
      </object_component>
      <object_component id="oc-206">
         <name>.debug_info</name>
         <load_address>0x22e9</load_address>
         <run_address>0x22e9</run_address>
         <size>0xef</size>
         <input_file_ref idref="fl-2"/>
      </object_component>
      <object_component id="oc-a7">
         <name>.debug_info</name>
         <load_address>0x23d8</load_address>
         <run_address>0x23d8</run_address>
         <size>0xbb</size>
         <input_file_ref idref="fl-2"/>
      </object_component>
      <object_component id="oc-15c">
         <name>.debug_info</name>
         <load_address>0x2493</load_address>
         <run_address>0x2493</run_address>
         <size>0x53</size>
         <input_file_ref idref="fl-2"/>
      </object_component>
      <object_component id="oc-a2">
         <name>.debug_info</name>
         <load_address>0x24e6</load_address>
         <run_address>0x24e6</run_address>
         <size>0x53</size>
         <input_file_ref idref="fl-2"/>
      </object_component>
      <object_component id="oc-147">
         <name>.debug_info</name>
         <load_address>0x2539</load_address>
         <run_address>0x2539</run_address>
         <size>0x2c</size>
         <input_file_ref idref="fl-2"/>
      </object_component>
      <object_component id="oc-1f1">
         <name>.debug_info</name>
         <load_address>0x2565</load_address>
         <run_address>0x2565</run_address>
         <size>0x14c</size>
         <input_file_ref idref="fl-2"/>
      </object_component>
      <object_component id="oc-ca">
         <name>.debug_info</name>
         <load_address>0x26b1</load_address>
         <run_address>0x26b1</run_address>
         <size>0xe76</size>
         <input_file_ref idref="fl-3"/>
      </object_component>
      <object_component id="oc-cd">
         <name>.debug_info</name>
         <load_address>0x3527</load_address>
         <run_address>0x3527</run_address>
         <size>0x14c</size>
         <input_file_ref idref="fl-3"/>
      </object_component>
      <object_component id="oc-dd">
         <name>.debug_info</name>
         <load_address>0x3673</load_address>
         <run_address>0x3673</run_address>
         <size>0xeb</size>
         <input_file_ref idref="fl-3"/>
      </object_component>
      <object_component id="oc-e2">
         <name>.debug_info</name>
         <load_address>0x375e</load_address>
         <run_address>0x375e</run_address>
         <size>0xeb</size>
         <input_file_ref idref="fl-3"/>
      </object_component>
      <object_component id="oc-d1">
         <name>.debug_info</name>
         <load_address>0x3849</load_address>
         <run_address>0x3849</run_address>
         <size>0xeb</size>
         <input_file_ref idref="fl-3"/>
      </object_component>
      <object_component id="oc-e5">
         <name>.debug_info</name>
         <load_address>0x3934</load_address>
         <run_address>0x3934</run_address>
         <size>0xeb</size>
         <input_file_ref idref="fl-3"/>
      </object_component>
      <object_component id="oc-da">
         <name>.debug_info</name>
         <load_address>0x3a1f</load_address>
         <run_address>0x3a1f</run_address>
         <size>0xf3</size>
         <input_file_ref idref="fl-3"/>
      </object_component>
      <object_component id="oc-39">
         <name>.debug_info</name>
         <load_address>0x3b12</load_address>
         <run_address>0x3b12</run_address>
         <size>0x120c</size>
         <input_file_ref idref="fl-3"/>
      </object_component>
      <object_component id="oc-2ac">
         <name>.debug_info</name>
         <load_address>0x4d1e</load_address>
         <run_address>0x4d1e</run_address>
         <size>0xed</size>
         <input_file_ref idref="fl-3"/>
      </object_component>
      <object_component id="oc-10e">
         <name>.debug_info</name>
         <load_address>0x4e0b</load_address>
         <run_address>0x4e0b</run_address>
         <size>0x8b</size>
         <input_file_ref idref="fl-3"/>
      </object_component>
      <object_component id="oc-227">
         <name>.debug_info</name>
         <load_address>0x4e96</load_address>
         <run_address>0x4e96</run_address>
         <size>0x35</size>
         <input_file_ref idref="fl-3"/>
      </object_component>
      <object_component id="oc-4c">
         <name>.debug_info</name>
         <load_address>0x4ecb</load_address>
         <run_address>0x4ecb</run_address>
         <size>0x4bd</size>
         <input_file_ref idref="fl-4"/>
      </object_component>
      <object_component id="oc-13">
         <name>.debug_info</name>
         <load_address>0x5388</load_address>
         <run_address>0x5388</run_address>
         <size>0xf2</size>
         <input_file_ref idref="fl-4"/>
      </object_component>
      <object_component id="oc-28">
         <name>.debug_info</name>
         <load_address>0x547a</load_address>
         <run_address>0x547a</run_address>
         <size>0x212</size>
         <input_file_ref idref="fl-4"/>
      </object_component>
      <object_component id="oc-37d">
         <name>.debug_info</name>
         <load_address>0x568c</load_address>
         <run_address>0x568c</run_address>
         <size>0x573</size>
         <input_file_ref idref="fl-5"/>
      </object_component>
      <object_component id="oc-36f">
         <name>.debug_info</name>
         <load_address>0x5bff</load_address>
         <run_address>0x5bff</run_address>
         <size>0x110</size>
         <input_file_ref idref="fl-5"/>
      </object_component>
      <object_component id="oc-372">
         <name>.debug_info</name>
         <load_address>0x5d0f</load_address>
         <run_address>0x5d0f</run_address>
         <size>0x112</size>
         <input_file_ref idref="fl-5"/>
      </object_component>
      <object_component id="oc-375">
         <name>.debug_info</name>
         <load_address>0x5e21</load_address>
         <run_address>0x5e21</run_address>
         <size>0x112</size>
         <input_file_ref idref="fl-5"/>
      </object_component>
      <object_component id="oc-36c">
         <name>.debug_info</name>
         <load_address>0x5f33</load_address>
         <run_address>0x5f33</run_address>
         <size>0x263</size>
         <input_file_ref idref="fl-5"/>
      </object_component>
      <object_component id="oc-369">
         <name>.debug_info</name>
         <load_address>0x6196</load_address>
         <run_address>0x6196</run_address>
         <size>0x11a</size>
         <input_file_ref idref="fl-5"/>
      </object_component>
      <object_component id="oc-20e">
         <name>.debug_info</name>
         <load_address>0x62b0</load_address>
         <run_address>0x62b0</run_address>
         <size>0x93e</size>
         <input_file_ref idref="fl-5"/>
      </object_component>
      <object_component id="oc-378">
         <name>.debug_info</name>
         <load_address>0x6bee</load_address>
         <run_address>0x6bee</run_address>
         <size>0xcc</size>
         <input_file_ref idref="fl-5"/>
      </object_component>
      <object_component id="oc-3f1">
         <name>.debug_info</name>
         <load_address>0x6cba</load_address>
         <run_address>0x6cba</run_address>
         <size>0x76b</size>
         <input_file_ref idref="fl-6"/>
      </object_component>
      <object_component id="oc-498">
         <name>.debug_info</name>
         <load_address>0x7425</load_address>
         <run_address>0x7425</run_address>
         <size>0x76</size>
         <input_file_ref idref="fl-6"/>
      </object_component>
      <object_component id="oc-49d">
         <name>.debug_info</name>
         <load_address>0x749b</load_address>
         <run_address>0x749b</run_address>
         <size>0x39</size>
         <input_file_ref idref="fl-6"/>
      </object_component>
      <object_component id="oc-300">
         <name>.debug_info</name>
         <load_address>0x74d4</load_address>
         <run_address>0x74d4</run_address>
         <size>0x4f</size>
         <input_file_ref idref="fl-6"/>
      </object_component>
      <object_component id="oc-30b">
         <name>.debug_info</name>
         <load_address>0x7523</load_address>
         <run_address>0x7523</run_address>
         <size>0x398</size>
         <input_file_ref idref="fl-7"/>
      </object_component>
      <object_component id="oc-1a1">
         <name>.debug_info</name>
         <load_address>0x78bb</load_address>
         <run_address>0x78bb</run_address>
         <size>0x4fd</size>
         <input_file_ref idref="fl-7"/>
      </object_component>
      <object_component id="oc-218">
         <name>.debug_info</name>
         <load_address>0x7db8</load_address>
         <run_address>0x7db8</run_address>
         <size>0x9de</size>
         <input_file_ref idref="fl-8"/>
      </object_component>
      <object_component id="oc-b6">
         <name>.debug_info</name>
         <load_address>0x8796</load_address>
         <run_address>0x8796</run_address>
         <size>0x4197</size>
         <input_file_ref idref="fl-8"/>
      </object_component>
      <object_component id="oc-380">
         <name>.debug_info</name>
         <load_address>0xc92d</load_address>
         <run_address>0xc92d</run_address>
         <size>0x203</size>
         <input_file_ref idref="fl-8"/>
      </object_component>
      <object_component id="oc-213">
         <name>.debug_info</name>
         <load_address>0xcb30</load_address>
         <run_address>0xcb30</run_address>
         <size>0x46</size>
         <input_file_ref idref="fl-8"/>
      </object_component>
      <object_component id="oc-195">
         <name>.debug_info</name>
         <load_address>0xcb76</load_address>
         <run_address>0xcb76</run_address>
         <size>0xa1f</size>
         <input_file_ref idref="fl-a"/>
      </object_component>
      <object_component id="oc-8c">
         <name>.debug_info</name>
         <load_address>0xd595</load_address>
         <run_address>0xd595</run_address>
         <size>0x3c3</size>
         <input_file_ref idref="fl-a"/>
      </object_component>
      <object_component id="oc-1aa">
         <name>.debug_info</name>
         <load_address>0xd958</load_address>
         <run_address>0xd958</run_address>
         <size>0x106</size>
         <input_file_ref idref="fl-a"/>
      </object_component>
      <object_component id="oc-1bd">
         <name>.debug_info</name>
         <load_address>0xda5e</load_address>
         <run_address>0xda5e</run_address>
         <size>0x106</size>
         <input_file_ref idref="fl-a"/>
      </object_component>
      <object_component id="oc-1c0">
         <name>.debug_info</name>
         <load_address>0xdb64</load_address>
         <run_address>0xdb64</run_address>
         <size>0x106</size>
         <input_file_ref idref="fl-a"/>
      </object_component>
      <object_component id="oc-1ad">
         <name>.debug_info</name>
         <load_address>0xdc6a</load_address>
         <run_address>0xdc6a</run_address>
         <size>0x149</size>
         <input_file_ref idref="fl-a"/>
      </object_component>
      <object_component id="oc-1a7">
         <name>.debug_info</name>
         <load_address>0xddb3</load_address>
         <run_address>0xddb3</run_address>
         <size>0x106</size>
         <input_file_ref idref="fl-a"/>
      </object_component>
      <object_component id="oc-1c3">
         <name>.debug_info</name>
         <load_address>0xdeb9</load_address>
         <run_address>0xdeb9</run_address>
         <size>0x114</size>
         <input_file_ref idref="fl-a"/>
      </object_component>
      <object_component id="oc-1a4">
         <name>.debug_info</name>
         <load_address>0xdfcd</load_address>
         <run_address>0xdfcd</run_address>
         <size>0x108</size>
         <input_file_ref idref="fl-a"/>
      </object_component>
      <object_component id="oc-1d2">
         <name>.debug_info</name>
         <load_address>0xe0d5</load_address>
         <run_address>0xe0d5</run_address>
         <size>0x107</size>
         <input_file_ref idref="fl-a"/>
      </object_component>
      <object_component id="oc-92">
         <name>.debug_info</name>
         <load_address>0xe1dc</load_address>
         <run_address>0xe1dc</run_address>
         <size>0x59eb</size>
         <input_file_ref idref="fl-a"/>
      </object_component>
      <object_component id="oc-196">
         <name>.debug_info</name>
         <load_address>0x13bc7</load_address>
         <run_address>0x13bc7</run_address>
         <size>0x30c</size>
         <input_file_ref idref="fl-a"/>
      </object_component>
      <object_component id="oc-305">
         <name>.debug_info</name>
         <load_address>0x13ed3</load_address>
         <run_address>0x13ed3</run_address>
         <size>0x159</size>
         <input_file_ref idref="fl-a"/>
      </object_component>
      <object_component id="oc-337">
         <name>.debug_info</name>
         <load_address>0x1402c</load_address>
         <run_address>0x1402c</run_address>
         <size>0x873</size>
[...]
         <object_component_ref idref="oc-122"/>
      </symbol>
      <symbol id="sm-f31">
         <name>UARTCharsAvail</name>
         <value>0x8e1d</value>
         <object_component_ref idref="oc-122"/>
      </symbol>
      <symbol id="sm-f32">
         <name>UARTCharGetNonBlocking</name>
         <value>0x8e85</value>
         <object_component_ref idref="oc-122"/>
      </symbol>
      <symbol id="sm-f33">
         <name>UARTClockSourceSet</name>
         <value>0x8dd5</value>
         <object_component_ref idref="oc-122"/>
      </symbol>
      <symbol id="sm-f34">
         <name>UARTTxIntModeGet</name>
         <value>0x87e5</value>
         <object_component_ref idref="oc-122"/>
      </symbol>
      <symbol id="sm-f35">
         <name>UARTModemStatusGet</name>
         <value>0x88f7</value>
         <object_component_ref idref="oc-122"/>
      </symbol>
      <symbol id="sm-f36">
         <name>UARTIntDisable</name>
         <value>0x8adb</value>
         <object_component_ref idref="oc-122"/>
      </symbol>
      <symbol id="sm-f37">
         <name>UARTCharPut</name>
         <value>0x8e65</value>
         <object_component_ref idref="oc-122"/>
      </symbol>
      <symbol id="sm-f38">
         <name>UARTParityModeSet</name>
         <value>0x88a1</value>
         <object_component_ref idref="oc-122"/>
      </symbol>
      <symbol id="sm-f39">
         <name>UARTRxErrorGet</name>
         <value>0x886b</value>
         <object_component_ref idref="oc-122"/>
      </symbol>
      <symbol id="sm-f3a">
         <name>UARTConfigGetExpClk</name>
         <value>0x8d91</value>
         <object_component_ref idref="oc-122"/>
      </symbol>
      <symbol id="sm-f3b">
         <name>UARTEnableSIR</name>
         <value>0x8c1f</value>
         <object_component_ref idref="oc-122"/>
      </symbol>
      <symbol id="sm-f3c">
         <name>UARTEnable</name>
         <value>0x8c4d</value>
         <object_component_ref idref="oc-122"/>
      </symbol>
      <symbol id="sm-f3d">
         <name>UART9BitAddrSend</name>
         <value>0x8f73</value>
         <object_component_ref idref="oc-122"/>
      </symbol>
      <symbol id="sm-f3e">
         <name>UARTModemControlGet</name>
         <value>0x8949</value>
         <object_component_ref idref="oc-122"/>
      </symbol>
      <symbol id="sm-f3f">
         <name>UARTSmartCardEnable</name>
         <value>0x8823</value>
         <object_component_ref idref="oc-122"/>
      </symbol>
      <symbol id="sm-f40">
         <name>UARTFlowControlGet</name>
         <value>0x8b47</value>
         <object_component_ref idref="oc-122"/>
      </symbol>
      <symbol id="sm-f41">
         <name>UARTFIFOEnable</name>
         <value>0x8be3</value>
         <object_component_ref idref="oc-122"/>
      </symbol>
      <symbol id="sm-f42">
         <name>UARTIntClear</name>
         <value>0x8af9</value>
         <object_component_ref idref="oc-122"/>
      </symbol>
      <symbol id="sm-f43">
         <name>UARTIntStatus</name>
         <value>0x8a2b</value>
         <object_component_ref idref="oc-122"/>
      </symbol>
      <symbol id="sm-f44">
         <name>UARTDMADisable</name>
         <value>0x8cf3</value>
         <object_component_ref idref="oc-122"/>
      </symbol>
      <symbol id="sm-f45">
         <name>UART9BitEnable</name>
         <value>0x8f0d</value>
         <object_component_ref idref="oc-122"/>
      </symbol>
      <symbol id="sm-f46">
         <name>UARTSpaceAvail</name>
         <value>0x8801</value>
         <object_component_ref idref="oc-122"/>
      </symbol>
      <symbol id="sm-f47">
         <name>UARTCharGet</name>
         <value>0x8ea9</value>
         <object_component_ref idref="oc-122"/>
      </symbol>
      <symbol id="sm-f48">
         <name>UARTFIFOLevelSet</name>
         <value>0x8b63</value>
         <object_component_ref idref="oc-122"/>
      </symbol>
      <symbol id="sm-f49">
         <name>UARTModemControlClear</name>
         <value>0x8965</value>
         <object_component_ref idref="oc-122"/>
      </symbol>
      <symbol id="sm-f4a">
         <name>UARTParityModeGet</name>
         <value>0x88dd</value>
         <object_component_ref idref="oc-122"/>
      </symbol>
      <symbol id="sm-f4b">
         <name>UARTIntRegister</name>
         <value>0x8a6d</value>
         <object_component_ref idref="oc-122"/>
      </symbol>
      <symbol id="sm-f4c">
         <name>UARTBreakCtl</name>
         <value>0x8ee3</value>
         <object_component_ref idref="oc-122"/>
      </symbol>
      <symbol id="sm-f4d">
         <name>UART9BitAddrSet</name>
         <value>0x8f51</value>
         <object_component_ref idref="oc-122"/>
      </symbol>
      <symbol id="sm-f74">
         <name>ButtonsInit</name>
         <value>0xb611</value>
         <object_component_ref idref="oc-f8"/>
      </symbol>
      <symbol id="sm-f75">
         <name>ButtonsPoll</name>
         <value>0xb591</value>
         <object_component_ref idref="oc-f8"/>
      </symbol>
      <symbol id="sm-f91">
         <name>configADC_LeeADC</name>
         <value>0xaea5</value>
         <object_component_ref idref="oc-44"/>
      </symbol>
      <symbol id="sm-f92">
         <name>configADC_DisparaADC</name>
         <value>0xafc5</value>
         <object_component_ref idref="oc-44"/>
      </symbol>
      <symbol id="sm-f93">
         <name>configADC_ISR</name>
         <value>0xaf87</value>
         <object_component_ref idref="oc-44"/>
      </symbol>
      <symbol id="sm-f94">
         <name>configADC_IniciaADC</name>
         <value>0xaeb3</value>
         <object_component_ref idref="oc-44"/>
      </symbol>
      <symbol id="sm-fc2">
         <name>q_steps</name>
         <value>0x20005740</value>
      </symbol>
      <symbol id="sm-fc3">
         <name>setSingleServoSpeed</name>
         <value>0xa691</value>
         <object_component_ref idref="oc-c3"/>
      </symbol>
      <symbol id="sm-fc4">
         <name>configServos</name>
         <value>0xa7f7</value>
         <object_component_ref idref="oc-c3"/>
      </symbol>
      <symbol id="sm-fc5">
         <name>hacer_mov</name>
         <value>0xa73b</value>
         <object_component_ref idref="oc-c3"/>
      </symbol>
      <symbol id="sm-fc6">
         <name>girar_robot</name>
         <value>0xa7c1</value>
         <object_component_ref idref="oc-c3"/>
      </symbol>
      <symbol id="sm-fc7">
         <name>girar_robot_v</name>
         <value>0xa757</value>
         <object_component_ref idref="oc-c3"/>
      </symbol>
      <symbol id="sm-fc8">
         <name>setServosSpeed</name>
         <value>0xa6d3</value>
         <object_component_ref idref="oc-c3"/>
      </symbol>
      <symbol id="sm-fc9">
         <name>mover_robot</name>
         <value>0xa71d</value>
         <object_component_ref idref="oc-c3"/>
      </symbol>
      <symbol id="sm-fca">
         <name>mover_robot_v</name>
         <value>0xa6f7</value>
         <object_component_ref idref="oc-c3"/>
      </symbol>
      <symbol id="sm-fe4">
         <name>GetOverflowCounts</name>
         <value>0xc1dd</value>
         <object_component_ref idref="oc-1b5"/>
      </symbol>
      <symbol id="sm-fe5">
         <name>vConfigureTimerForRunTimeStats</name>
         <value>0xbd31</value>
         <object_component_ref idref="oc-1cb"/>
      </symbol>
      <symbol id="sm-1005">
         <name>CmdLineProcess</name>
         <value>0xbd95</value>
         <object_component_ref idref="oc-26c"/>
      </symbol>
      <symbol id="sm-1035">
         <name>CPUUsageInit</name>
         <value>0xb6bd</value>
         <object_component_ref idref="oc-b8"/>
      </symbol>
      <symbol id="sm-1036">
         <name>CPUUsageTick</name>
         <value>0xb689</value>
         <object_component_ref idref="oc-b8"/>
      </symbol>
      <symbol id="sm-1129">
         <name>UARTTxBytesFree</name>
         <value>0x84eb</value>
         <object_component_ref idref="oc-3e"/>
      </symbol>
      <symbol id="sm-112a">
         <name>UARTFlushRx</name>
         <value>0x85dd</value>
         <object_component_ref idref="oc-3e"/>
      </symbol>
      <symbol id="sm-112b">
         <name>UARTgetc</name>
         <value>0x84d5</value>
         <object_component_ref idref="oc-3e"/>
      </symbol>
      <symbol id="sm-112c">
         <name>UARTgets</name>
         <value>0x81b9</value>
         <object_component_ref idref="oc-3e"/>
      </symbol>
      <symbol id="sm-112d">
         <name>UARTFlushTx</name>
         <value>0x85ed</value>
         <object_component_ref idref="oc-3e"/>
      </symbol>
      <symbol id="sm-112e">
         <name>UARTStdioConfig</name>
         <value>0x8615</value>
         <object_component_ref idref="oc-3e"/>
      </symbol>
      <symbol id="sm-112f">
         <name>UARTStdioIntHandler</name>
         <value>0x8509</value>
         <object_component_ref idref="oc-3e"/>
      </symbol>
      <symbol id="sm-1130">
         <name>UARTRxBytesAvail</name>
         <value>0x871d</value>
         <object_component_ref idref="oc-3e"/>
      </symbol>
      <symbol id="sm-1131">
         <name>UARTwrite</name>
         <value>0x7ee3</value>
         <object_component_ref idref="oc-3e"/>
      </symbol>
      <symbol id="sm-1132">
         <name>UARTEchoSet</name>
         <value>0x872d</value>
         <object_component_ref idref="oc-3e"/>
      </symbol>
      <symbol id="sm-1133">
         <name>UARTprintf</name>
         <value>0x8185</value>
         <object_component_ref idref="oc-3e"/>
      </symbol>
      <symbol id="sm-1134">
         <name>UARTvprintf</name>
         <value>0x7f77</value>
         <object_component_ref idref="oc-3e"/>
      </symbol>
      <symbol id="sm-115b">
         <name>sprintf</name>
         <value>0xc071</value>
         <object_component_ref idref="oc-1e0"/>
      </symbol>
      <symbol id="sm-1177">
         <name>memcpy</name>
         <value>0xb90f</value>
         <object_component_ref idref="oc-58"/>
      </symbol>
      <symbol id="sm-1178">
         <name>__aeabi_memcpy</name>
         <value>0xb90f</value>
         <object_component_ref idref="oc-58"/>
      </symbol>
      <symbol id="sm-1179">
         <name>__aeabi_memcpy8</name>
         <value>0xb90f</value>
         <object_component_ref idref="oc-58"/>
      </symbol>
      <symbol id="sm-117a">
         <name>__aeabi_memcpy4</name>
         <value>0xb90f</value>
         <object_component_ref idref="oc-58"/>
      </symbol>
      <symbol id="sm-1189">
         <name>__aeabi_memset</name>
         <value>0xbbe3</value>
         <object_component_ref idref="oc-be"/>
      </symbol>
      <symbol id="sm-118a">
         <name>memset</name>
         <value>0xbbe9</value>
         <object_component_ref idref="oc-be"/>
      </symbol>
      <symbol id="sm-118b">
         <name>__aeabi_memset8</name>
         <value>0xbbe3</value>
         <object_component_ref idref="oc-be"/>
      </symbol>
      <symbol id="sm-118c">
         <name>__aeabi_memset4</name>
         <value>0xbbe3</value>
         <object_component_ref idref="oc-be"/>
      </symbol>
      <symbol id="sm-118d">
         <name>__aeabi_memclr8</name>
         <value>0xbbe1</value>
         <object_component_ref idref="oc-be"/>
      </symbol>
      <symbol id="sm-118e">
         <name>__aeabi_memclr4</name>
         <value>0xbbe1</value>
         <object_component_ref idref="oc-be"/>
      </symbol>
      <symbol id="sm-118f">
         <name>__aeabi_memclr</name>
         <value>0xbbe1</value>
         <object_component_ref idref="oc-be"/>
      </symbol>
      <symbol id="sm-119e">
         <name>__aeabi_uidivmod</name>
         <value>0xc031</value>
         <object_component_ref idref="oc-128"/>
      </symbol>
      <symbol id="sm-119f">
         <name>__aeabi_uidiv</name>
         <value>0xc031</value>
         <object_component_ref idref="oc-128"/>
      </symbol>
      <symbol id="sm-11b6">
         <name>__TI_zero_init</name>
         <value>0xc2c5</value>
         <object_component_ref idref="oc-6a"/>
      </symbol>
      <symbol id="sm-11cd">
         <name>__TI_decompress_none</name>
         <value>0xc2b7</value>
         <object_component_ref idref="oc-1b"/>
      </symbol>
      <symbol id="sm-11f0">
         <name>__TI_decompress_lzss</name>
         <value>0xbcc9</value>
         <object_component_ref idref="oc-15"/>
      </symbol>
      <symbol id="sm-11ff">
         <name>strcmp</name>
         <value>0xc24f</value>
         <object_component_ref idref="oc-3b0"/>
      </symbol>
      <symbol id="sm-120d">
         <name>strcpy</name>
         <value>0xc27d</value>
         <object_component_ref idref="oc-1d4"/>
      </symbol>
      <symbol id="sm-121b">
         <name>strlen</name>
         <value>0xc291</value>
         <object_component_ref idref="oc-1da"/>
      </symbol>
      <symbol id="sm-122b">
         <name>strncmp</name>
         <value>0xc187</value>
         <object_component_ref idref="oc-272"/>
      </symbol>
      <symbol id="sm-123e">
         <name>__stack</name>
         <value>0x20005760</value>
         <object_component_ref idref="oc-24"/>
      </symbol>
      <symbol id="sm-123f">
         <name>_c_int00_noargs</name>
         <value>0xc125</value>
         <object_component_ref idref="oc-76"/>
      </symbol>
      <symbol id="sm-13a4">
         <name>__TI_printfi</name>
         <value>0x5fbd</value>
         <object_component_ref idref="oc-344"/>
      </symbol>
      <symbol id="sm-13ae">
         <name>__aeabi_idiv0</name>
         <value>0x6a0b</value>
         <object_component_ref idref="oc-284"/>
      </symbol>
      <symbol id="sm-13af">
         <name>__aeabi_ldiv0</name>
         <value>0x6a0b</value>
         <object_component_ref idref="oc-284"/>
      </symbol>
      <symbol id="sm-13c6">
         <name>__aeabi_dsub</name>
         <value>0xaced</value>
         <object_component_ref idref="oc-4cd"/>
      </symbol>
      <symbol id="sm-13c7">
         <name>__aeabi_dadd</name>
         <value>0xacf7</value>
         <object_component_ref idref="oc-4cd"/>
      </symbol>
      <symbol id="sm-13e9">
         <name>__aeabi_cdcmpeq</name>
         <value>0xbad5</value>
         <object_component_ref idref="oc-420"/>
      </symbol>
      <symbol id="sm-13ea">
         <name>__aeabi_cdcmple</name>
         <value>0xbad5</value>
         <object_component_ref idref="oc-420"/>
      </symbol>
      <symbol id="sm-13eb">
         <name>__aeabi_cdrcmple</name>
         <value>0xbb5b</value>
         <object_component_ref idref="oc-4b8"/>
      </symbol>
      <symbol id="sm-13ff">
         <name>__aeabi_ddiv</name>
         <value>0xb129</value>
         <object_component_ref idref="oc-4b3"/>
      </symbol>
      <symbol id="sm-140a">
         <name>__aeabi_dmul</name>
         <value>0xb495</value>
         <object_component_ref idref="oc-4ae"/>
      </symbol>
      <symbol id="sm-1414">
         <name>__aeabi_d2iz</name>
         <value>0xbfa5</value>
         <object_component_ref idref="oc-4bd"/>
      </symbol>
      <symbol id="sm-141e">
         <name>__aeabi_i2d</name>
         <value>0xc159</value>
         <object_component_ref idref="oc-4c8"/>
      </symbol>
      <symbol id="sm-142b">
         <name>__aeabi_uldivmod</name>
         <value>0xb9ab</value>
         <object_component_ref idref="oc-4a7"/>
      </symbol>
      <symbol id="sm-1453">
         <name>__TI_auto_init_nobinit_nopinit</name>
         <value>0xbfed</value>
         <object_component_ref idref="oc-2cc"/>
      </symbol>
      <symbol id="sm-145d">
         <name>_system_pre_init</name>
         <value>0xc2eb</value>
         <object_component_ref idref="oc-181"/>
      </symbol>
      <symbol id="sm-1469">
         <name>C$$EXIT</name>
         <value>0xc2ef</value>
         <object_component_ref idref="oc-2c0"/>
      </symbol>
      <symbol id="sm-146a">
         <name>abort</name>
         <value>0xc2ef</value>
         <object_component_ref idref="oc-2c0"/>
      </symbol>
      <symbol id="sm-147a">
         <name>__TI_ltoa</name>
         <value>0xbeb3</value>
         <object_component_ref idref="oc-4c2"/>
      </symbol>
      <symbol id="sm-1491">
         <name>atoi</name>
         <value>0xbf59</value>
         <object_component_ref idref="oc-414"/>
      </symbol>
      <symbol id="sm-149c">
         <name>_ctypes_</name>
         <value>0xc5d0</value>
         <object_component_ref idref="oc-4a2"/>
      </symbol>
      <symbol id="sm-14ac">
         <name>memccpy</name>
         <value>0xc201</value>
         <object_component_ref idref="oc-43d"/>
      </symbol>
      <symbol id="sm-14bc">
         <name>strchr</name>
         <value>0xc267</value>
         <object_component_ref idref="oc-4f9"/>
      </symbol>
      <symbol id="sm-14d2">
         <name>__aeabi_errno_addr</name>
         <value>0xc2dd</value>
         <object_component_ref idref="oc-449"/>
      </symbol>
      <symbol id="sm-14d3">
         <name>errno</name>
         <value>0x2000625c</value>
         <object_component_ref idref="oc-509"/>
      </symbol>
      <symbol id="sm-14f3">
         <name>frexpl</name>
         <value>0xbdf9</value>
         <object_component_ref idref="oc-4ed"/>
      </symbol>
      <symbol id="sm-14f4">
         <name>frexp</name>
         <value>0xbdf9</value>
         <object_component_ref idref="oc-4ed"/>
      </symbol>
      <symbol id="sm-1511">
         <name>scalbn</name>
         <value>0xb385</value>
         <object_component_ref idref="oc-4f3"/>
      </symbol>
      <symbol id="sm-1512">
         <name>scalbnl</name>
         <value>0xb385</value>
         <object_component_ref idref="oc-4f3"/>
      </symbol>
      <symbol id="sm-1513">
         <name>ldexpl</name>
         <value>0xb385</value>
         <object_component_ref idref="oc-4f3"/>
      </symbol>
      <symbol id="sm-1514">
         <name>ldexp</name>
         <value>0xb385</value>
         <object_component_ref idref="oc-4f3"/>
      </symbol>
      <symbol id="sm-152d">
         <name>wcslen</name>
         <value>0xc2a5</value>
         <object_component_ref idref="oc-443"/>
      </symbol>
      <symbol id="sm-1537">
         <name>copysign</name>
         <value>0xc21d</value>
         <object_component_ref idref="oc-549"/>
      </symbol>
      <symbol id="sm-1538">
         <name>copysignl</name>
         <value>0xc21d</value>
         <object_component_ref idref="oc-549"/>
      </symbol>
      <symbol id="sm-1539">
         <name>__TI_static_base__</name>
         <value>0x0</value>
      </symbol>
      <symbol id="sm-153c">
         <name>__mpu_init</name>
         <value>0x0</value>
      </symbol>
      <symbol id="sm-153d">
         <name>_system_post_cinit</name>
         <value>0x0</value>
      </symbol>
      <symbol id="sm-153e">
         <name>vApplicationIdleHook</name>
         <value>0xc0ef</value>
      </symbol>
      <symbol id="sm-153f">
         <name>IntPriorityMaskSet</name>
         <value>0xc115</value>
      </symbol>
      <symbol id="sm-1540">
         <name>IntPriorityMaskGet</name>
         <value>0xc11b</value>
      </symbol>
      <symbol id="sm-1541">
         <name>SysCtlSleep</name>
         <value>0xc0ef</value>
      </symbol>
   </symbol_table>
   <title>Link successful</title>
</link_info>
