<?xml version="1.0" encoding="ISO-8859-1" ?>
<link_info>
   <banner>TI ARM Linker PC v20.2.2.LTS</banner>
   <copyright>Copyright (c) 1996-2018 Texas Instruments Incorporated</copyright>
   <link_time>0x61e00843</link_time>
   <link_errors>0x0</link_errors>
   <output_file>ejercicio-FreeRTOS.out</output_file>
   <entry_point>
      <name>_c_int00_noargs</name>
      <address>0xbed5</address>
   </entry_point>
   <input_file_list>
      <input_file id="fl-2">
         <path>.\</path>
         <kind>object</kind>
         <file>commands.obj</file>
         <name>commands.obj</name>
      </input_file>
      <input_file id="fl-3">
         <path>.\</path>
         <kind>object</kind>
         <file>ejercicio-freeRTOS.obj</file>
         <name>ejercicio-freeRTOS.obj</name>
      </input_file>
      <input_file id="fl-4">
         <path>.\</path>
         <kind>object</kind>
         <file>startup_ccs.obj</file>
         <name>startup_ccs.obj</name>
      </input_file>
      <input_file id="fl-5">
         <path>.\FreeRTOS\Source\</path>
         <kind>object</kind>
         <file>croutine.obj</file>
         <name>croutine.obj</name>
      </input_file>
      <input_file id="fl-6">
         <path>.\FreeRTOS\Source\</path>
         <kind>object</kind>
         <file>event_groups.obj</file>
         <name>event_groups.obj</name>
      </input_file>
      <input_file id="fl-7">
         <path>.\FreeRTOS\Source\</path>
         <kind>object</kind>
         <file>list.obj</file>
         <name>list.obj</name>
      </input_file>
      <input_file id="fl-8">
         <path>.\FreeRTOS\Source\</path>
         <kind>object</kind>
         <file>queue.obj</file>
         <name>queue.obj</name>
      </input_file>
      <input_file id="fl-9">
         <path>.\FreeRTOS\Source\</path>
         <kind>object</kind>
         <file>stream_buffer.obj</file>
         <name>stream_buffer.obj</name>
      </input_file>
      <input_file id="fl-a">
         <path>.\FreeRTOS\Source\</path>
         <kind>object</kind>
         <file>tasks.obj</file>
         <name>tasks.obj</name>
      </input_file>
      <input_file id="fl-b">
         <path>.\FreeRTOS\Source\</path>
         <kind>object</kind>
         <file>timers.obj</file>
         <name>timers.obj</name>
      </input_file>
      <input_file id="fl-c">
         <path>.\FreeRTOS\Source\portable\CCS\ARM_CM4F\</path>
         <kind>object</kind>
         <file>port.obj</file>
         <name>port.obj</name>
      </input_file>
      <input_file id="fl-d">
         <path>.\FreeRTOS\Source\portable\CCS\ARM_CM4F\</path>
         <kind>object</kind>
         <file>portasm.obj</file>
         <name>portasm.obj</name>
      </input_file>
      <input_file id="fl-e">
         <path>.\FreeRTOS\Source\portable\MemMang\</path>
         <kind>object</kind>
         <file>heap_4.obj</file>
         <name>heap_4.obj</name>
      </input_file>
      <input_file id="fl-f">
         <path>.\driverlib\</path>
         <kind>object</kind>
         <file>adc.obj</file>
         <name>adc.obj</name>
      </input_file>
      <input_file id="fl-10">
         <path>.\driverlib\</path>
         <kind>object</kind>
         <file>aes.obj</file>
         <name>aes.obj</name>
      </input_file>
      <input_file id="fl-11">
         <path>.\driverlib\</path>
         <kind>object</kind>
         <file>can.obj</file>
         <name>can.obj</name>
      </input_file>
      <input_file id="fl-12">
         <path>.\driverlib\</path>
         <kind>object</kind>
         <file>comp.obj</file>
         <name>comp.obj</name>
      </input_file>
      <input_file id="fl-13">
         <path>.\driverlib\</path>
         <kind>object</kind>
         <file>cpu.obj</file>
         <name>cpu.obj</name>
      </input_file>
      <input_file id="fl-14">
         <path>.\driverlib\</path>
         <kind>object</kind>
         <file>crc.obj</file>
         <name>crc.obj</name>
      </input_file>
      <input_file id="fl-15">
         <path>.\driverlib\</path>
         <kind>object</kind>
         <file>des.obj</file>
         <name>des.obj</name>
      </input_file>
      <input_file id="fl-16">
         <path>.\driverlib\</path>
         <kind>object</kind>
         <file>eeprom.obj</file>
         <name>eeprom.obj</name>
      </input_file>
      <input_file id="fl-17">
         <path>.\driverlib\</path>
         <kind>object</kind>
         <file>emac.obj</file>
         <name>emac.obj</name>
      </input_file>
      <input_file id="fl-18">
         <path>.\driverlib\</path>
         <kind>object</kind>
         <file>epi.obj</file>
         <name>epi.obj</name>
      </input_file>
      <input_file id="fl-19">
         <path>.\driverlib\</path>
         <kind>object</kind>
         <file>epi_workaround_ccs.obj</file>
         <name>epi_workaround_ccs.obj</name>
      </input_file>
      <input_file id="fl-1a">
         <path>.\driverlib\</path>
         <kind>object</kind>
         <file>flash.obj</file>
         <name>flash.obj</name>
      </input_file>
      <input_file id="fl-1b">
         <path>.\driverlib\</path>
         <kind>object</kind>
         <file>fpu.obj</file>
         <name>fpu.obj</name>
      </input_file>
      <input_file id="fl-1c">
         <path>.\driverlib\</path>
         <kind>object</kind>
         <file>gpio.obj</file>
         <name>gpio.obj</name>
      </input_file>
      <input_file id="fl-1d">
         <path>.\driverlib\</path>
         <kind>object</kind>
         <file>hibernate.obj</file>
         <name>hibernate.obj</name>
      </input_file>
      <input_file id="fl-1e">
         <path>.\driverlib\</path>
         <kind>object</kind>
         <file>i2c.obj</file>
         <name>i2c.obj</name>
      </input_file>
      <input_file id="fl-1f">
         <path>.\driverlib\</path>
         <kind>object</kind>
         <file>interrupt.obj</file>
         <name>interrupt.obj</name>
      </input_file>
      <input_file id="fl-20">
         <path>.\driverlib\</path>
         <kind>object</kind>
         <file>lcd.obj</file>
         <name>lcd.obj</name>
      </input_file>
      <input_file id="fl-21">
         <path>.\driverlib\</path>
         <kind>object</kind>
         <file>mpu.obj</file>
         <name>mpu.obj</name>
      </input_file>
      <input_file id="fl-22">
         <path>.\driverlib\</path>
         <kind>object</kind>
         <file>onewire.obj</file>
         <name>onewire.obj</name>
      </input_file>
      <input_file id="fl-23">
         <path>.\driverlib\</path>
         <kind>object</kind>
         <file>pwm.obj</file>
         <name>pwm.obj</name>
      </input_file>
      <input_file id="fl-24">
         <path>.\driverlib\</path>
         <kind>object</kind>
         <file>qei.obj</file>
         <name>qei.obj</name>
      </input_file>
      <input_file id="fl-25">
         <path>.\driverlib\</path>
         <kind>object</kind>
         <file>shamd5.obj</file>
         <name>shamd5.obj</name>
      </input_file>
      <input_file id="fl-26">
         <path>.\driverlib\</path>
         <kind>object</kind>
         <file>ssi.obj</file>
         <name>ssi.obj</name>
      </input_file>
      <input_file id="fl-27">
         <path>.\driverlib\</path>
         <kind>object</kind>
         <file>sw_crc.obj</file>
         <name>sw_crc.obj</name>
      </input_file>
      <input_file id="fl-28">
         <path>.\driverlib\</path>
         <kind>object</kind>
         <file>sysctl.obj</file>
         <name>sysctl.obj</name>
      </input_file>
      <input_file id="fl-29">
         <path>.\driverlib\</path>
         <kind>object</kind>
         <file>sysexc.obj</file>
         <name>sysexc.obj</name>
      </input_file>
      <input_file id="fl-2a">
         <path>.\driverlib\</path>
         <kind>object</kind>
         <file>systick.obj</file>
         <name>systick.obj</name>
      </input_file>
      <input_file id="fl-2b">
         <path>.\driverlib\</path>
         <kind>object</kind>
         <file>timer.obj</file>
         <name>timer.obj</name>
      </input_file>
      <input_file id="fl-2c">
         <path>.\driverlib\</path>
         <kind>object</kind>
         <file>uart.obj</file>
         <name>uart.obj</name>
      </input_file>
      <input_file id="fl-2d">
         <path>.\driverlib\</path>
         <kind>object</kind>
         <file>udma.obj</file>
         <name>udma.obj</name>
      </input_file>
      <input_file id="fl-2e">
         <path>.\driverlib\</path>
         <kind>object</kind>
         <file>usb.obj</file>
         <name>usb.obj</name>
      </input_file>
      <input_file id="fl-2f">
         <path>.\driverlib\</path>
         <kind>object</kind>
         <file>watchdog.obj</file>
         <name>watchdog.obj</name>
      </input_file>
      <input_file id="fl-30">
         <path>.\drivers\</path>
         <kind>object</kind>
         <file>buttons.obj</file>
         <name>buttons.obj</name>
      </input_file>
      <input_file id="fl-31">
         <path>.\drivers\</path>
         <kind>object</kind>
         <file>configADC.obj</file>
         <name>configADC.obj</name>
      </input_file>
      <input_file id="fl-32">
         <path>.\drivers\</path>
         <kind>object</kind>
         <file>rgb.obj</file>
         <name>rgb.obj</name>
      </input_file>
      <input_file id="fl-33">
         <path>.\drivers\</path>
         <kind>object</kind>
         <file>servos.obj</file>
         <name>servos.obj</name>
      </input_file>
      <input_file id="fl-34">
         <path>.\utils\</path>
         <kind>object</kind>
         <file>RunTimeStatsConfig.obj</file>
         <name>RunTimeStatsConfig.obj</name>
      </input_file>
      <input_file id="fl-35">
         <path>.\utils\</path>
         <kind>object</kind>
         <file>cmdline.obj</file>
         <name>cmdline.obj</name>
      </input_file>
      <input_file id="fl-36">
         <path>.\utils\</path>
         <kind>object</kind>
         <file>cpu_usage.obj</file>
         <name>cpu_usage.obj</name>
      </input_file>
      <input_file id="fl-37">
         <path>.\utils\</path>
         <kind>object</kind>
         <file>uartstdio.obj</file>
         <name>uartstdio.obj</name>
      </input_file>
      <input_file id="fl-3b">
         <kind>object</kind>
         <file>&lt;internal&gt;</file>
         <name>&lt;internal&gt;</name>
      </input_file>
      <input_file id="fl-f1">
         <path>C:\ti\ccs1020\ccs\tools\compiler\ti-cgt-arm_20.2.2.LTS\lib\</path>
         <kind>archive</kind>
         <file>rtsv7M4_T_le_v4SPD16_eabi.lib</file>
         <name>sprintf.c.obj</name>
      </input_file>
      <input_file id="fl-f2">
         <path>C:\ti\ccs1020\ccs\tools\compiler\ti-cgt-arm_20.2.2.LTS\lib\</path>
         <kind>archive</kind>
         <file>rtsv7M4_T_le_v4SPD16_eabi.lib</file>
         <name>fs_toull_t2.asm.obj</name>
      </input_file>
      <input_file id="fl-f3">
         <path>C:\ti\ccs1020\ccs\tools\compiler\ti-cgt-arm_20.2.2.LTS\lib\</path>
         <kind>archive</kind>
         <file>rtsv7M4_T_le_v4SPD16_eabi.lib</file>
         <name>memcpy_t2.asm.obj</name>
      </input_file>
      <input_file id="fl-f4">
         <path>C:\ti\ccs1020\ccs\tools\compiler\ti-cgt-arm_20.2.2.LTS\lib\</path>
         <kind>archive</kind>
         <file>rtsv7M4_T_le_v4SPD16_eabi.lib</file>
         <name>memset_t2.asm.obj</name>
      </input_file>
      <input_file id="fl-f5">
         <path>C:\ti\ccs1020\ccs\tools\compiler\ti-cgt-arm_20.2.2.LTS\lib\</path>
         <kind>archive</kind>
         <file>rtsv7M4_T_le_v4SPD16_eabi.lib</file>
         <name>u_divt2.asm.obj</name>
      </input_file>
      <input_file id="fl-f6">
         <path>C:\ti\ccs1020\ccs\tools\compiler\ti-cgt-arm_20.2.2.LTS\lib\</path>
         <kind>archive</kind>
         <file>rtsv7M4_T_le_v4SPD16_eabi.lib</file>
         <name>copy_zero_init.c.obj</name>
      </input_file>
      <input_file id="fl-f7">
         <path>C:\ti\ccs1020\ccs\tools\compiler\ti-cgt-arm_20.2.2.LTS\lib\</path>
         <kind>archive</kind>
         <file>rtsv7M4_T_le_v4SPD16_eabi.lib</file>
         <name>copy_decompress_none.c.obj</name>
      </input_file>
      <input_file id="fl-f8">
         <path>C:\ti\ccs1020\ccs\tools\compiler\ti-cgt-arm_20.2.2.LTS\lib\</path>
         <kind>archive</kind>
         <file>rtsv7M4_T_le_v4SPD16_eabi.lib</file>
         <name>copy_decompress_lzss.c.obj</name>
      </input_file>
      <input_file id="fl-f9">
         <path>C:\ti\ccs1020\ccs\tools\compiler\ti-cgt-arm_20.2.2.LTS\lib\</path>
         <kind>archive</kind>
         <file>rtsv7M4_T_le_v4SPD16_eabi.lib</file>
         <name>strcmp.c.obj</name>
      </input_file>
      <input_file id="fl-fa">
         <path>C:\ti\ccs1020\ccs\tools\compiler\ti-cgt-arm_20.2.2.LTS\lib\</path>
         <kind>archive</kind>
         <file>rtsv7M4_T_le_v4SPD16_eabi.lib</file>
         <name>strcpy.c.obj</name>
      </input_file>
      <input_file id="fl-fb">
         <path>C:\ti\ccs1020\ccs\tools\compiler\ti-cgt-arm_20.2.2.LTS\lib\</path>
         <kind>archive</kind>
         <file>rtsv7M4_T_le_v4SPD16_eabi.lib</file>
         <name>strlen.c.obj</name>
      </input_file>
      <input_file id="fl-fc">
         <path>C:\ti\ccs1020\ccs\tools\compiler\ti-cgt-arm_20.2.2.LTS\lib\</path>
         <kind>archive</kind>
         <file>rtsv7M4_T_le_v4SPD16_eabi.lib</file>
         <name>strncmp.c.obj</name>
      </input_file>
      <input_file id="fl-fd">
         <path>C:\ti\ccs1020\ccs\tools\compiler\ti-cgt-arm_20.2.2.LTS\lib\</path>
         <kind>archive</kind>
         <file>rtsv7M4_T_le_v4SPD16_eabi.lib</file>
         <name>boot_cortex_m.c.obj</name>
      </input_file>
      <input_file id="fl-fe">
         <path>C:\ti\ccs1020\ccs\tools\compiler\ti-cgt-arm_20.2.2.LTS\lib\</path>
         <kind>archive</kind>
         <file>rtsv7M4_T_le_v4SPD16_eabi.lib</file>
         <name>_printfi.c.obj</name>
      </input_file>
      <input_file id="fl-ff">
         <path>C:\ti\ccs1020\ccs\tools\compiler\ti-cgt-arm_20.2.2.LTS\lib\</path>
         <kind>archive</kind>
         <file>rtsv7M4_T_le_v4SPD16_eabi.lib</file>
         <name>div0.asm.obj</name>
      </input_file>
      <input_file id="fl-100">
         <path>C:\ti\ccs1020\ccs\tools\compiler\ti-cgt-arm_20.2.2.LTS\lib\</path>
         <kind>archive</kind>
         <file>rtsv7M4_T_le_v4SPD16_eabi.lib</file>
         <name>fd_add_t2.asm.obj</name>
      </input_file>
      <input_file id="fl-101">
         <path>C:\ti\ccs1020\ccs\tools\compiler\ti-cgt-arm_20.2.2.LTS\lib\</path>
         <kind>archive</kind>
         <file>rtsv7M4_T_le_v4SPD16_eabi.lib</file>
         <name>fd_cmp_t2.asm.obj</name>
      </input_file>
      <input_file id="fl-102">
         <path>C:\ti\ccs1020\ccs\tools\compiler\ti-cgt-arm_20.2.2.LTS\lib\</path>
         <kind>archive</kind>
         <file>rtsv7M4_T_le_v4SPD16_eabi.lib</file>
         <name>fd_div_t2.asm.obj</name>
      </input_file>
      <input_file id="fl-103">
         <path>C:\ti\ccs1020\ccs\tools\compiler\ti-cgt-arm_20.2.2.LTS\lib\</path>
         <kind>archive</kind>
         <file>rtsv7M4_T_le_v4SPD16_eabi.lib</file>
         <name>fd_mul_t2.asm.obj</name>
      </input_file>
      <input_file id="fl-104">
         <path>C:\ti\ccs1020\ccs\tools\compiler\ti-cgt-arm_20.2.2.LTS\lib\</path>
         <kind>archive</kind>
         <file>rtsv7M4_T_le_v4SPD16_eabi.lib</file>
         <name>fd_toi_t2.asm.obj</name>
      </input_file>
      <input_file id="fl-105">
         <path>C:\ti\ccs1020\ccs\tools\compiler\ti-cgt-arm_20.2.2.LTS\lib\</path>
         <kind>archive</kind>
         <file>rtsv7M4_T_le_v4SPD16_eabi.lib</file>
         <name>i_tofd_t2.asm.obj</name>
      </input_file>
      <input_file id="fl-106">
         <path>C:\ti\ccs1020\ccs\tools\compiler\ti-cgt-arm_20.2.2.LTS\lib\</path>
         <kind>archive</kind>
         <file>rtsv7M4_T_le_v4SPD16_eabi.lib</file>
         <name>ull_div_t2.asm.obj</name>
      </input_file>
      <input_file id="fl-107">
         <path>C:\ti\ccs1020\ccs\tools\compiler\ti-cgt-arm_20.2.2.LTS\lib\</path>
         <kind>archive</kind>
         <file>rtsv7M4_T_le_v4SPD16_eabi.lib</file>
         <name>autoinit.c.obj</name>
      </input_file>
      <input_file id="fl-108">
         <path>C:\ti\ccs1020\ccs\tools\compiler\ti-cgt-arm_20.2.2.LTS\lib\</path>
         <kind>archive</kind>
         <file>rtsv7M4_T_le_v4SPD16_eabi.lib</file>
         <name>pre_init.c.obj</name>
      </input_file>
      <input_file id="fl-109">
         <path>C:\ti\ccs1020\ccs\tools\compiler\ti-cgt-arm_20.2.2.LTS\lib\</path>
         <kind>archive</kind>
         <file>rtsv7M4_T_le_v4SPD16_eabi.lib</file>
         <name>cpy_tbl.c.obj</name>
      </input_file>
      <input_file id="fl-10a">
         <path>C:\ti\ccs1020\ccs\tools\compiler\ti-cgt-arm_20.2.2.LTS\lib\</path>
         <kind>archive</kind>
         <file>rtsv7M4_T_le_v4SPD16_eabi.lib</file>
         <name>exit.c.obj</name>
      </input_file>
      <input_file id="fl-10b">
         <path>C:\ti\ccs1020\ccs\tools\compiler\ti-cgt-arm_20.2.2.LTS\lib\</path>
         <kind>archive</kind>
         <file>rtsv7M4_T_le_v4SPD16_eabi.lib</file>
         <name>_lock.c.obj</name>
      </input_file>
      <input_file id="fl-10c">
         <path>C:\ti\ccs1020\ccs\tools\compiler\ti-cgt-arm_20.2.2.LTS\lib\</path>
         <kind>archive</kind>
         <file>rtsv7M4_T_le_v4SPD16_eabi.lib</file>
         <name>_ltoa.c.obj</name>
      </input_file>
      <input_file id="fl-10d">
         <path>C:\ti\ccs1020\ccs\tools\compiler\ti-cgt-arm_20.2.2.LTS\lib\</path>
         <kind>archive</kind>
         <file>rtsv7M4_T_le_v4SPD16_eabi.lib</file>
         <name>args_main.c.obj</name>
      </input_file>
      <input_file id="fl-10e">
         <path>C:\ti\ccs1020\ccs\tools\compiler\ti-cgt-arm_20.2.2.LTS\lib\</path>
         <kind>archive</kind>
         <file>rtsv7M4_T_le_v4SPD16_eabi.lib</file>
         <name>atoi.c.obj</name>
      </input_file>
      <input_file id="fl-10f">
         <path>C:\ti\ccs1020\ccs\tools\compiler\ti-cgt-arm_20.2.2.LTS\lib\</path>
         <kind>archive</kind>
         <file>rtsv7M4_T_le_v4SPD16_eabi.lib</file>
         <name>ctype.c.obj</name>
      </input_file>
      <input_file id="fl-110">
         <path>C:\ti\ccs1020\ccs\tools\compiler\ti-cgt-arm_20.2.2.LTS\lib\</path>
         <kind>archive</kind>
         <file>rtsv7M4_T_le_v4SPD16_eabi.lib</file>
         <name>memccpy.c.obj</name>
      </input_file>
      <input_file id="fl-111">
         <path>C:\ti\ccs1020\ccs\tools\compiler\ti-cgt-arm_20.2.2.LTS\lib\</path>
         <kind>archive</kind>
         <file>rtsv7M4_T_le_v4SPD16_eabi.lib</file>
         <name>strchr.c.obj</name>
      </input_file>
      <input_file id="fl-112">
         <path>C:\ti\ccs1020\ccs\tools\compiler\ti-cgt-arm_20.2.2.LTS\lib\</path>
         <kind>archive</kind>
         <file>rtsv7M4_T_le_v4SPD16_eabi.lib</file>
         <name>errno.c.obj</name>
      </input_file>
      <input_file id="fl-113">
         <path>C:\ti\ccs1020\ccs\tools\compiler\ti-cgt-arm_20.2.2.LTS\lib\</path>
         <kind>archive</kind>
         <file>rtsv7M4_T_le_v4SPD16_eabi.lib</file>
         <name>s_frexp.c.obj</name>
      </input_file>
      <input_file id="fl-114">
         <path>C:\ti\ccs1020\ccs\tools\compiler\ti-cgt-arm_20.2.2.LTS\lib\</path>
         <kind>archive</kind>
         <file>rtsv7M4_T_le_v4SPD16_eabi.lib</file>
         <name>s_scalbn.c.obj</name>
      </input_file>
      <input_file id="fl-115">
         <path>C:\ti\ccs1020\ccs\tools\compiler\ti-cgt-arm_20.2.2.LTS\lib\</path>
         <kind>archive</kind>
         <file>rtsv7M4_T_le_v4SPD16_eabi.lib</file>
         <name>wcslen.c.obj</name>
      </input_file>
      <input_file id="fl-116">
         <path>C:\ti\ccs1020\ccs\tools\compiler\ti-cgt-arm_20.2.2.LTS\lib\</path>
         <kind>archive</kind>
         <file>rtsv7M4_T_le_v4SPD16_eabi.lib</file>
         <name>s_copysign.c.obj</name>
      </input_file>
   </input_file_list>
   <object_component_list>
      <object_component id="oc-12">
         <name>.intvecs</name>
         <load_address>0x0</load_address>
         <run_address>0x0</run_address>
         <size>0x26c</size>
         <input_file_ref idref="fl-4"/>
      </object_component>
      <object_component id="oc-91">
         <name>.text</name>
         <load_address>0x26c</load_address>
         <run_address>0x26c</run_address>
         <size>0x18c4</size>
         <input_file_ref idref="fl-a"/>
      </object_component>
      <object_component id="oc-e2">
         <name>.text</name>
         <load_address>0x1b30</load_address>
         <run_address>0x1b30</run_address>
         <size>0x101c</size>
         <input_file_ref idref="fl-28"/>
      </object_component>
      <object_component id="oc-ac">
         <name>.text</name>
         <load_address>0x2b4c</load_address>
         <run_address>0x2b4c</run_address>
         <size>0xe10</size>
         <input_file_ref idref="fl-1c"/>
      </object_component>
      <object_component id="oc-b2">
         <name>.text</name>
         <load_address>0x395c</load_address>
         <run_address>0x395c</run_address>
         <size>0xdc4</size>
         <input_file_ref idref="fl-8"/>
      </object_component>
      <object_component id="oc-d1">
         <name>.text</name>
         <load_address>0x4720</load_address>
         <run_address>0x4720</run_address>
         <size>0xc50</size>
         <input_file_ref idref="fl-23"/>
      </object_component>
      <object_component id="oc-13b">
         <name>.text</name>
         <load_address>0x5370</load_address>
         <run_address>0x5370</run_address>
         <size>0xc4c</size>
         <input_file_ref idref="fl-f"/>
      </object_component>
      <object_component id="oc-332">
         <name>.text:__TI_printfi</name>
         <load_address>0x5fbc</load_address>
         <run_address>0x5fbc</run_address>
         <size>0xa4e</size>
         <input_file_ref idref="fl-fe"/>
      </object_component>
      <object_component id="oc-271">
         <name>.text</name>
         <load_address>0x6a0a</load_address>
         <run_address>0x6a0a</run_address>
         <size>0x2</size>
         <input_file_ref idref="fl-ff"/>
      </object_component>
      <object_component id="oc-141">
         <name>.text</name>
         <load_address>0x6a0c</load_address>
         <run_address>0x6a0c</run_address>
         <size>0xa38</size>
         <input_file_ref idref="fl-2b"/>
      </object_component>
      <object_component id="oc-3e">
         <name>.text</name>
         <load_address>0x7444</load_address>
         <run_address>0x7444</run_address>
         <size>0x8e8</size>
         <input_file_ref idref="fl-37"/>
      </object_component>
      <object_component id="oc-111">
         <name>.text</name>
         <load_address>0x7d2c</load_address>
         <run_address>0x7d2c</run_address>
         <size>0x840</size>
         <input_file_ref idref="fl-2c"/>
      </object_component>
      <object_component id="oc-38">
         <name>.text</name>
         <load_address>0x856c</load_address>
         <run_address>0x856c</run_address>
         <size>0x82c</size>
         <input_file_ref idref="fl-3"/>
      </object_component>
      <object_component id="oc-1b9">
         <name>.text</name>
         <load_address>0x8d98</load_address>
         <run_address>0x8d98</run_address>
         <size>0x620</size>
         <input_file_ref idref="fl-b"/>
      </object_component>
      <object_component id="oc-f4">
         <name>.text</name>
         <load_address>0x93b8</load_address>
         <run_address>0x93b8</run_address>
         <size>0x518</size>
         <input_file_ref idref="fl-2"/>
      </object_component>
      <object_component id="oc-ee">
         <name>.text</name>
         <load_address>0x98d0</load_address>
         <run_address>0x98d0</run_address>
         <size>0x3a8</size>
         <input_file_ref idref="fl-1f"/>
      </object_component>
      <object_component id="oc-1a3">
         <name>.text</name>
         <load_address>0x9c78</load_address>
         <run_address>0x9c78</run_address>
         <size>0x2d4</size>
         <input_file_ref idref="fl-e"/>
      </object_component>
      <object_component id="oc-200">
         <name>.text</name>
         <load_address>0x9f4c</load_address>
         <run_address>0x9f4c</run_address>
         <size>0x2b4</size>
         <input_file_ref idref="fl-5"/>
      </object_component>
      <object_component id="oc-425">
         <name>.text:_pconv_a</name>
         <load_address>0xa200</load_address>
         <run_address>0xa200</run_address>
         <size>0x270</size>
         <input_file_ref idref="fl-fe"/>
      </object_component>
      <object_component id="oc-be">
         <name>.text</name>
         <load_address>0xa470</load_address>
         <run_address>0xa470</run_address>
         <size>0x23c</size>
         <input_file_ref idref="fl-33"/>
      </object_component>
      <object_component id="oc-32">
         <name>.text</name>
         <load_address>0xa6ac</load_address>
         <run_address>0xa6ac</run_address>
         <size>0x234</size>
         <input_file_ref idref="fl-c"/>
      </object_component>
      <object_component id="oc-413">
         <name>.text:_pconv_g</name>
         <load_address>0xa8e0</load_address>
         <run_address>0xa8e0</run_address>
         <size>0x1d0</size>
         <input_file_ref idref="fl-fe"/>
      </object_component>
      <object_component id="oc-4bb">
         <name>.text</name>
         <load_address>0xaab0</load_address>
         <run_address>0xaab0</run_address>
         <size>0x1b6</size>
         <input_file_ref idref="fl-100"/>
      </object_component>
      <object_component id="oc-41f">
         <name>.text:_pconv_e</name>
         <load_address>0xac68</load_address>
         <run_address>0xac68</run_address>
         <size>0x13c</size>
         <input_file_ref idref="fl-fe"/>
      </object_component>
      <object_component id="oc-4a1">
         <name>.text</name>
         <load_address>0xada4</load_address>
         <run_address>0xada4</run_address>
         <size>0x136</size>
         <input_file_ref idref="fl-102"/>
      </object_component>
      <object_component id="oc-44">
         <name>.text</name>
         <load_address>0xaedc</load_address>
         <run_address>0xaedc</run_address>
         <size>0x134</size>
         <input_file_ref idref="fl-31"/>
      </object_component>
      <object_component id="oc-4cd">
         <name>.text:fcvt</name>
         <load_address>0xb010</load_address>
         <run_address>0xb010</run_address>
         <size>0x124</size>
         <input_file_ref idref="fl-fe"/>
      </object_component>
      <object_component id="oc-4e1">
         <name>.text:scalbn</name>
         <load_address>0xb134</load_address>
         <run_address>0xb134</run_address>
         <size>0x110</size>
         <input_file_ref idref="fl-114"/>
      </object_component>
      <object_component id="oc-49c">
         <name>.text</name>
         <load_address>0xb244</load_address>
         <run_address>0xb244</run_address>
         <size>0xfc</size>
         <input_file_ref idref="fl-103"/>
      </object_component>
      <object_component id="oc-e8">
         <name>.text</name>
         <load_address>0xb340</load_address>
         <run_address>0xb340</run_address>
         <size>0xf8</size>
         <input_file_ref idref="fl-30"/>
      </object_component>
      <object_component id="oc-b8">
         <name>.text</name>
         <load_address>0xb438</load_address>
         <run_address>0xb438</run_address>
         <size>0xf8</size>
         <input_file_ref idref="fl-36"/>
      </object_component>
      <object_component id="oc-2d">
         <name>.text</name>
         <load_address>0xb530</load_address>
         <run_address>0xb530</run_address>
         <size>0xda</size>
         <input_file_ref idref="fl-d"/>
      </object_component>
      <object_component id="oc-408">
         <name>.text:_ltostr</name>
         <load_address>0xb60c</load_address>
         <run_address>0xb60c</run_address>
         <size>0xb1</size>
         <input_file_ref idref="fl-fe"/>
      </object_component>
      <object_component id="oc-58">
         <name>.text</name>
         <load_address>0xb6be</load_address>
         <run_address>0xb6be</run_address>
         <size>0x9c</size>
         <input_file_ref idref="fl-f3"/>
      </object_component>
      <object_component id="oc-495">
         <name>.text</name>
         <load_address>0xb75a</load_address>
         <run_address>0xb75a</run_address>
         <size>0x96</size>
         <input_file_ref idref="fl-106"/>
      </object_component>
      <object_component id="oc-191">
         <name>.text</name>
         <load_address>0xb7f0</load_address>
         <run_address>0xb7f0</run_address>
         <size>0x94</size>
         <input_file_ref idref="fl-7"/>
      </object_component>
      <object_component id="oc-40e">
         <name>.text:__aeabi_cdcmple</name>
         <load_address>0xb884</load_address>
         <run_address>0xb884</run_address>
         <size>0x86</size>
         <input_file_ref idref="fl-101"/>
      </object_component>
      <object_component id="oc-4a6">
         <name>.text:__aeabi_cdrcmple</name>
         <load_address>0xb90a</load_address>
         <run_address>0xb90a</run_address>
         <size>0x86</size>
         <input_file_ref idref="fl-101"/>
      </object_component>
      <object_component id="oc-16f">
         <name>.text</name>
         <load_address>0xb990</load_address>
         <run_address>0xb990</run_address>
         <size>0x7a</size>
         <input_file_ref idref="fl-f4"/>
      </object_component>
      <object_component id="oc-4c6">
         <name>.text:_mcpy</name>
         <load_address>0xba0a</load_address>
         <run_address>0xba0a</run_address>
         <size>0x6e</size>
         <input_file_ref idref="fl-fe"/>
      </object_component>
      <object_component id="oc-15">
         <name>.text:decompress:lzss:__TI_decompress_lzss</name>
         <load_address>0xba78</load_address>
         <run_address>0xba78</run_address>
         <size>0x68</size>
         <input_file_ref idref="fl-f8"/>
      </object_component>
      <object_component id="oc-1bf">
         <name>.text</name>
         <load_address>0xbae0</load_address>
         <run_address>0xbae0</run_address>
         <size>0x64</size>
         <input_file_ref idref="fl-34"/>
      </object_component>
      <object_component id="oc-259">
         <name>.text</name>
         <load_address>0xbb44</load_address>
         <run_address>0xbb44</run_address>
         <size>0x64</size>
         <input_file_ref idref="fl-35"/>
      </object_component>
      <object_component id="oc-4db">
         <name>.text:frexp</name>
         <load_address>0xbba8</load_address>
         <run_address>0xbba8</run_address>
         <size>0x64</size>
         <input_file_ref idref="fl-113"/>
      </object_component>
      <object_component id="oc-419">
         <name>.text:_pconv_f</name>
         <load_address>0xbc0c</load_address>
         <run_address>0xbc0c</run_address>
         <size>0x56</size>
         <input_file_ref idref="fl-fe"/>
      </object_component>
      <object_component id="oc-4b0">
         <name>.text:__TI_ltoa</name>
         <load_address>0xbc62</load_address>
         <run_address>0xbc62</run_address>
         <size>0x54</size>
         <input_file_ref idref="fl-10c"/>
      </object_component>
      <object_component id="oc-4c0">
         <name>.text:_ecpy</name>
         <load_address>0xbcb6</load_address>
         <run_address>0xbcb6</run_address>
         <size>0x52</size>
         <input_file_ref idref="fl-fe"/>
      </object_component>
      <object_component id="oc-402">
         <name>.text:atoi</name>
         <load_address>0xbd08</load_address>
         <run_address>0xbd08</run_address>
         <size>0x4c</size>
         <input_file_ref idref="fl-10e"/>
      </object_component>
      <object_component id="oc-4ab">
         <name>.text</name>
         <load_address>0xbd54</load_address>
         <run_address>0xbd54</run_address>
         <size>0x48</size>
         <input_file_ref idref="fl-104"/>
      </object_component>
      <object_component id="oc-2ba">
         <name>.text:__TI_auto_init_nobinit_nopinit:__TI_auto_init_nobinit_nopinit</name>
         <load_address>0xbd9c</load_address>
         <run_address>0xbd9c</run_address>
         <size>0x44</size>
         <input_file_ref idref="fl-107"/>
      </object_component>
      <object_component id="oc-117">
         <name>.text</name>
         <load_address>0xbde0</load_address>
         <run_address>0xbde0</run_address>
         <size>0x40</size>
         <input_file_ref idref="fl-f5"/>
      </object_component>
      <object_component id="oc-1d4">
         <name>.text:sprintf</name>
         <load_address>0xbe20</load_address>
         <run_address>0xbe20</run_address>
         <size>0x40</size>
         <input_file_ref idref="fl-f1"/>
      </object_component>
      <object_component id="oc-4d3">
         <name>.text:_fcpy</name>
         <load_address>0xbe60</load_address>
         <run_address>0xbe60</run_address>
         <size>0x3e</size>
         <input_file_ref idref="fl-fe"/>
      </object_component>
      <object_component id="oc-1da">
         <name>.text</name>
         <load_address>0xbe9e</load_address>
         <run_address>0xbe9e</run_address>
         <size>0x36</size>
         <input_file_ref idref="fl-13"/>
      </object_component>
      <object_component id="oc-76">
         <name>.text:_c_int00_noargs:_c_int00_noargs</name>
         <load_address>0xbed4</load_address>
         <run_address>0xbed4</run_address>
         <size>0x34</size>
         <input_file_ref idref="fl-fd"/>
      </object_component>
      <object_component id="oc-4b6">
         <name>.text</name>
         <load_address>0xbf08</load_address>
         <run_address>0xbf08</run_address>
         <size>0x2e</size>
         <input_file_ref idref="fl-105"/>
      </object_component>
      <object_component id="oc-25f">
         <name>.text:strncmp</name>
         <load_address>0xbf36</load_address>
         <run_address>0xbf36</run_address>
         <size>0x2c</size>
         <input_file_ref idref="fl-fc"/>
      </object_component>
      <object_component id="oc-27">
         <name>.text</name>
         <load_address>0xbf64</load_address>
         <run_address>0xbf64</run_address>
         <size>0x28</size>
         <input_file_ref idref="fl-4"/>
      </object_component>
      <object_component id="oc-1a9">
         <name>.text:GetOverflowCounts</name>
         <load_address>0xbf8c</load_address>
         <run_address>0xbf8c</run_address>
         <size>0x24</size>
         <input_file_ref idref="fl-34"/>
      </object_component>
      <object_component id="oc-42b">
         <name>.text:memccpy</name>
         <load_address>0xbfb0</load_address>
         <run_address>0xbfb0</run_address>
         <size>0x1c</size>
         <input_file_ref idref="fl-110"/>
      </object_component>
      <object_component id="oc-537">
         <name>.text:copysign</name>
         <load_address>0xbfcc</load_address>
         <run_address>0xbfcc</run_address>
         <size>0x1a</size>
         <input_file_ref idref="fl-116"/>
      </object_component>
      <object_component id="oc-338">
         <name>.text:_outs</name>
         <load_address>0xbfe6</load_address>
         <run_address>0xbfe6</run_address>
         <size>0x18</size>
         <input_file_ref idref="fl-f1"/>
      </object_component>
      <object_component id="oc-39e">
         <name>.text:strcmp</name>
         <load_address>0xbffe</load_address>
         <run_address>0xbffe</run_address>
         <size>0x18</size>
         <input_file_ref idref="fl-f9"/>
      </object_component>
      <object_component id="oc-4e7">
         <name>.text:strchr</name>
         <load_address>0xc016</load_address>
         <run_address>0xc016</run_address>
         <size>0x16</size>
         <input_file_ref idref="fl-111"/>
      </object_component>
      <object_component id="oc-1c8">
         <name>.text:strcpy</name>
         <load_address>0xc02c</load_address>
         <run_address>0xc02c</run_address>
         <size>0x14</size>
         <input_file_ref idref="fl-fa"/>
      </object_component>
      <object_component id="oc-1ce">
         <name>.text:strlen</name>
         <load_address>0xc040</load_address>
         <run_address>0xc040</run_address>
         <size>0x14</size>
         <input_file_ref idref="fl-fb"/>
      </object_component>
      <object_component id="oc-431">
         <name>.text:wcslen</name>
         <load_address>0xc054</load_address>
         <run_address>0xc054</run_address>
         <size>0x12</size>
         <input_file_ref idref="fl-115"/>
      </object_component>
      <object_component id="oc-1b">
         <name>.text:decompress:none:__TI_decompress_none</name>
         <load_address>0xc066</load_address>
         <run_address>0xc066</run_address>
         <size>0xe</size>
         <input_file_ref idref="fl-f7"/>
      </object_component>
      <object_component id="oc-6a">
         <name>.text:decompress:ZI:__TI_zero_init</name>
         <load_address>0xc074</load_address>
         <run_address>0xc074</run_address>
         <size>0xc</size>
         <input_file_ref idref="fl-f6"/>
      </object_component>
      <object_component id="oc-33e">
         <name>.text:_outc</name>
         <load_address>0xc080</load_address>
         <run_address>0xc080</run_address>
         <size>0xa</size>
         <input_file_ref idref="fl-f1"/>
      </object_component>
      <object_component id="oc-437">
         <name>.text:__aeabi_errno_addr</name>
         <load_address>0xc08c</load_address>
         <run_address>0xc08c</run_address>
         <size>0x8</size>
         <input_file_ref idref="fl-112"/>
      </object_component>
      <object_component id="oc-231">
         <name>.text:SysCtlDelay</name>
         <load_address>0xc094</load_address>
         <run_address>0xc094</run_address>
         <size>0x6</size>
         <input_file_ref idref="fl-28"/>
      </object_component>
      <object_component id="oc-175">
         <name>.text:_system_pre_init</name>
         <load_address>0xc09a</load_address>
         <run_address>0xc09a</run_address>
         <size>0x4</size>
         <input_file_ref idref="fl-108"/>
      </object_component>
      <object_component id="oc-2ae">
         <name>.text:abort:abort</name>
         <load_address>0xc09e</load_address>
         <run_address>0xc09e</run_address>
         <size>0x4</size>
         <input_file_ref idref="fl-10a"/>
      </object_component>
      <object_component id="oc-238">
         <name>.const:g_pppui32XTALtoVCO</name>
         <load_address>0xc0a4</load_address>
         <run_address>0xc0a4</run_address>
         <size>0x1b0</size>
         <input_file_ref idref="fl-28"/>
      </object_component>
      <object_component id="oc-3ab">
         <name>.const:.string</name>
         <load_address>0xc254</load_address>
         <run_address>0xc254</run_address>
         <size>0x12c</size>
         <input_file_ref idref="fl-2"/>
      </object_component>
      <object_component id="oc-490">
         <name>.const:.string:_ctypes_</name>
         <load_address>0xc380</load_address>
         <run_address>0xc380</run_address>
         <size>0x101</size>
         <input_file_ref idref="fl-10f"/>
      </object_component>
      <object_component id="oc-1f6">
         <name>.const:g_ppui32GPIOIntMapSnowflake</name>
         <load_address>0xc484</load_address>
         <run_address>0xc484</run_address>
         <size>0xd8</size>
         <input_file_ref idref="fl-1c"/>
      </object_component>
      <object_component id="oc-1f3">
         <name>.const:g_ppui32GPIOIntMapBlizzard</name>
         <load_address>0xc55c</load_address>
         <run_address>0xc55c</run_address>
         <size>0xc0</size>
         <input_file_ref idref="fl-1c"/>
      </object_component>
      <object_component id="oc-245">
         <name>.const:g_pui32Regs</name>
         <load_address>0xc61c</load_address>
         <run_address>0xc61c</run_address>
         <size>0x9c</size>
         <input_file_ref idref="fl-1f"/>
      </object_component>
      <object_component id="oc-1f0">
         <name>.const:g_pui32GPIOBaseAddrs</name>
         <load_address>0xc6b8</load_address>
         <run_address>0xc6b8</run_address>
         <size>0x90</size>
         <input_file_ref idref="fl-1c"/>
      </object_component>
      <object_component id="oc-22e">
         <name>.const:g_pui32Xtals</name>
         <load_address>0xc748</load_address>
         <run_address>0xc748</run_address>
         <size>0x6c</size>
         <input_file_ref idref="fl-28"/>
      </object_component>
      <object_component id="oc-28f">
         <name>.const:g_ppui32TimerIntMap</name>
         <load_address>0xc7b4</load_address>
         <run_address>0xc7b4</run_address>
         <size>0x60</size>
         <input_file_ref idref="fl-2b"/>
      </object_component>
      <object_component id="oc-292">
         <name>.const:g_ppui32TimerIntMapSnowflake</name>
         <load_address>0xc814</load_address>
         <run_address>0xc814</run_address>
         <size>0x40</size>
         <input_file_ref idref="fl-2b"/>
      </object_component>
      <object_component id="oc-269">
         <name>.const:g_ppui32UARTIntMap</name>
         <load_address>0xc854</load_address>
         <run_address>0xc854</run_address>
         <size>0x40</size>
         <input_file_ref idref="fl-2c"/>
      </object_component>
      <object_component id="oc-26c">
         <name>.const:g_ppui32UARTIntMapSnowflake</name>
         <load_address>0xc894</load_address>
         <run_address>0xc894</run_address>
         <size>0x40</size>
         <input_file_ref idref="fl-2c"/>
      </object_component>
      <object_component id="oc-232">
         <name>.const:g_sXTALtoMEMTIM</name>
         <load_address>0xc8d4</load_address>
         <run_address>0xc8d4</run_address>
         <size>0x30</size>
         <input_file_ref idref="fl-28"/>
      </object_component>
      <object_component id="oc-248">
         <name>.const:g_pui32Priority</name>
         <load_address>0xc904</load_address>
         <run_address>0xc904</run_address>
         <size>0x20</size>
         <input_file_ref idref="fl-1f"/>
      </object_component>
      <object_component id="oc-254">
         <name>.const:g_pui32Dii16Regs</name>
         <load_address>0xc924</load_address>
         <run_address>0xc924</run_address>
         <size>0x14</size>
         <input_file_ref idref="fl-1f"/>
      </object_component>
      <object_component id="oc-251">
         <name>.const:g_pui32EnRegs</name>
         <load_address>0xc938</load_address>
         <run_address>0xc938</run_address>
         <size>0x14</size>
         <input_file_ref idref="fl-1f"/>
      </object_component>
      <object_component id="oc-24b">
         <name>.const:g_pui32PendRegs</name>
         <load_address>0xc94c</load_address>
         <run_address>0xc94c</run_address>
         <size>0x14</size>
         <input_file_ref idref="fl-1f"/>
      </object_component>
      <object_component id="oc-24e">
         <name>.const:g_pui32UnpendRegs</name>
         <load_address>0xc960</load_address>
         <run_address>0xc960</run_address>
         <size>0x14</size>
         <input_file_ref idref="fl-1f"/>
      </object_component>
      <object_component id="oc-27b">
         <name>.const:.string</name>
         <load_address>0xc974</load_address>
         <run_address>0xc974</run_address>
         <size>0x12</size>
         <input_file_ref idref="fl-37"/>
      </object_component>
      <object_component id="oc-12b">
         <name>.const:g_ui32UARTBase</name>
         <load_address>0xc988</load_address>
         <run_address>0xc988</run_address>
         <size>0xc</size>
         <input_file_ref idref="fl-37"/>
      </object_component>
      <object_component id="oc-131">
         <name>.const:g_ui32UARTInt</name>
         <load_address>0xc994</load_address>
         <run_address>0xc994</run_address>
         <size>0xc</size>
         <input_file_ref idref="fl-37"/>
      </object_component>
      <object_component id="oc-12e">
         <name>.const:g_ui32UARTPeriph</name>
         <load_address>0xc9a0</load_address>
         <run_address>0xc9a0</run_address>
         <size>0xc</size>
         <input_file_ref idref="fl-37"/>
      </object_component>
      <object_component id="oc-235">
         <name>.const:g_pui32VCOFrequencies</name>
         <load_address>0xc9ac</load_address>
         <run_address>0xc9ac</run_address>
         <size>0x8</size>
         <input_file_ref idref="fl-28"/>
      </object_component>
      <object_component id="oc-8e">
         <name>.const</name>
         <load_address>0xc9b4</load_address>
         <run_address>0xc9b4</run_address>
         <size>0x8</size>
         <input_file_ref idref="fl-c"/>
      </object_component>
      <object_component id="oc-1c5">
         <name>.const</name>
         <load_address>0xc9bc</load_address>
         <run_address>0xc9bc</run_address>
         <size>0x4</size>
         <input_file_ref idref="fl-a"/>
      </object_component>
      <object_component id="oc-122">
         <name>.const</name>
         <load_address>0xc9c0</load_address>
         <run_address>0xc9c0</run_address>
         <size>0x4</size>
         <input_file_ref idref="fl-37"/>
      </object_component>
      <object_component id="oc-58f">
         <name>.cinit..data.load</name>
         <load_address>0xc9c8</load_address>
         <run_address>0xc9c8</run_address>
         <size>0xf2</size>
      </object_component>
      <object_component id="oc-58c">
         <name>__TI_handler_table</name>
         <load_address>0xcabc</load_address>
         <run_address>0xcabc</run_address>
         <size>0xc</size>
      </object_component>
      <object_component id="oc-590">
         <name>.cinit..bss.load</name>
         <load_address>0xcac8</load_address>
         <run_address>0xcac8</run_address>
         <size>0x8</size>
      </object_component>
      <object_component id="oc-58e">
         <name>.cinit..vtable.load</name>
         <load_address>0xcad0</load_address>
         <run_address>0xcad0</run_address>
         <size>0x8</size>
      </object_component>
      <object_component id="oc-58d">
         <name>__TI_cinit_table</name>
         <load_address>0xcad8</load_address>
         <run_address>0xcad8</run_address>
         <size>0x18</size>
      </object_component>
      <object_component id="oc-242">
         <name>.vtable</name>
         <uninitialized>true</uninitialized>
         <run_address>0x20000000</run_address>
         <size>0x26c</size>
         <input_file_ref idref="fl-1f"/>
      </object_component>
      <object_component id="oc-265">
         <name>.data:g_psCmdTable</name>
         <load_address>0x20005f58</load_address>
         <run_address>0x20005f58</run_address>
         <size>0x60</size>
         <input_file_ref idref="fl-2"/>
      </object_component>
      <object_component id="oc-de">
         <name>.data:g_d41</name>
         <load_address>0x20005ff4</load_address>
         <run_address>0x20005ff4</run_address>
         <size>0x38</size>
         <input_file_ref idref="fl-3"/>
      </object_component>
      <object_component id="oc-db">
         <name>.data:g_v41</name>
         <load_address>0x2000602c</load_address>
         <run_address>0x2000602c</run_address>
         <size>0x38</size>
         <input_file_ref idref="fl-3"/>
      </object_component>
      <object_component id="oc-c4">
         <name>.data</name>
         <load_address>0x200060ec</load_address>
         <run_address>0x200060ec</run_address>
         <size>0x5</size>
         <input_file_ref idref="fl-3"/>
      </object_component>
      <object_component id="oc-359">
         <name>.data</name>
         <load_address>0x20006064</load_address>
         <run_address>0x20006064</run_address>
         <size>0x1c</size>
         <input_file_ref idref="fl-5"/>
      </object_component>
      <object_component id="oc-8b">
         <name>.data</name>
         <load_address>0x20005fb8</load_address>
         <run_address>0x20005fb8</run_address>
         <size>0x3c</size>
         <input_file_ref idref="fl-a"/>
      </object_component>
      <object_component id="oc-313">
         <name>.data</name>
         <load_address>0x200060d4</load_address>
         <run_address>0x200060d4</run_address>
         <size>0xc</size>
         <input_file_ref idref="fl-b"/>
      </object_component>
      <object_component id="oc-98">
         <name>.data</name>
         <load_address>0x200060c8</load_address>
         <run_address>0x200060c8</run_address>
         <size>0xc</size>
         <input_file_ref idref="fl-c"/>
      </object_component>
      <object_component id="oc-302">
         <name>.data</name>
         <load_address>0x200060b0</load_address>
         <run_address>0x200060b0</run_address>
         <size>0x18</size>
         <input_file_ref idref="fl-e"/>
      </object_component>
      <object_component id="oc-23d">
         <name>.data</name>
         <load_address>0x200060f1</load_address>
         <run_address>0x200060f1</run_address>
         <size>0x3</size>
         <input_file_ref idref="fl-30"/>
      </object_component>
      <object_component id="oc-213">
         <name>.data:g_pui32CPUUsageTimerPeriph</name>
         <load_address>0x20006098</load_address>
         <run_address>0x20006098</run_address>
         <size>0x18</size>
         <input_file_ref idref="fl-36"/>
      </object_component>
      <object_component id="oc-20d">
         <name>.data:g_pui32CPUUsageTimerBase</name>
         <load_address>0x20006080</load_address>
         <run_address>0x20006080</run_address>
         <size>0x18</size>
         <input_file_ref idref="fl-36"/>
      </object_component>
      <object_component id="oc-11c">
         <name>.data</name>
         <load_address>0x200060e0</load_address>
         <run_address>0x200060e0</run_address>
         <size>0xc</size>
         <input_file_ref idref="fl-37"/>
      </object_component>
      <object_component id="oc-4f7">
         <name>.data</name>
         <load_address>0x200060f4</load_address>
         <run_address>0x200060f4</run_address>
         <size>0x4</size>
         <input_file_ref idref="fl-112"/>
      </object_component>
      <object_component id="oc-35c">
         <name>.bss:pxReadyCoRoutineLists</name>
         <uninitialized>true</uninitialized>
         <run_address>0x200055ac</run_address>
         <size>0x28</size>
         <input_file_ref idref="fl-5"/>
      </object_component>
      <object_component id="oc-35f">
         <name>.bss:xDelayedCoRoutineList1</name>
         <uninitialized>true</uninitialized>
         <run_address>0x20005654</run_address>
         <size>0x14</size>
         <input_file_ref idref="fl-5"/>
      </object_component>
      <object_component id="oc-362">
         <name>.bss:xDelayedCoRoutineList2</name>
         <uninitialized>true</uninitialized>
         <run_address>0x20005668</run_address>
         <size>0x14</size>
         <input_file_ref idref="fl-5"/>
      </object_component>
      <object_component id="oc-356">
         <name>.bss:xPendingReadyCoRoutineList</name>
         <uninitialized>true</uninitialized>
         <run_address>0x200056a4</run_address>
         <size>0x14</size>
         <input_file_ref idref="fl-5"/>
      </object_component>
      <object_component id="oc-19d">
         <name>.bss:pxReadyTasksLists</name>
         <uninitialized>true</uninitialized>
         <run_address>0x2000546c</run_address>
         <size>0x140</size>
         <input_file_ref idref="fl-a"/>
      </object_component>
      <object_component id="oc-1b0">
         <name>.bss:xDelayedTaskList1</name>
         <uninitialized>true</uninitialized>
         <run_address>0x2000567c</run_address>
         <size>0x14</size>
         <input_file_ref idref="fl-a"/>
      </object_component>
      <object_component id="oc-1b3">
         <name>.bss:xDelayedTaskList2</name>
         <uninitialized>true</uninitialized>
         <run_address>0x20005690</run_address>
         <size>0x14</size>
         <input_file_ref idref="fl-a"/>
      </object_component>
      <object_component id="oc-1a0">
         <name>.bss</name>
         <uninitialized>true</uninitialized>
         <run_address>0x20005708</run_address>
         <size>0x8</size>
         <input_file_ref idref="fl-a"/>
      </object_component>
      <object_component id="oc-19a">
         <name>.bss:xPendingReadyList</name>
         <uninitialized>true</uninitialized>
         <run_address>0x200056b8</run_address>
         <size>0x14</size>
         <input_file_ref idref="fl-a"/>
      </object_component>
      <object_component id="oc-1b6">
         <name>.bss:xTasksWaitingTermination</name>
         <uninitialized>true</uninitialized>
         <run_address>0x200056e0</run_address>
         <size>0x14</size>
         <input_file_ref idref="fl-a"/>
      </object_component>
      <object_component id="oc-197">
         <name>.bss:xSuspendedTaskList</name>
         <uninitialized>true</uninitialized>
         <run_address>0x200056cc</run_address>
         <size>0x14</size>
         <input_file_ref idref="fl-a"/>
      </object_component>
      <object_component id="oc-316">
         <name>.bss:xActiveTimerList1</name>
         <uninitialized>true</uninitialized>
         <run_address>0x2000562c</run_address>
         <size>0x14</size>
         <input_file_ref idref="fl-b"/>
      </object_component>
      <object_component id="oc-319">
         <name>.bss:xActiveTimerList2</name>
         <uninitialized>true</uninitialized>
         <run_address>0x20005640</run_address>
         <size>0x14</size>
         <input_file_ref idref="fl-b"/>
      </object_component>
      <object_component id="oc-31c">
         <name>.bss</name>
         <uninitialized>true</uninitialized>
         <run_address>0x20005710</run_address>
         <size>0x8</size>
         <input_file_ref idref="fl-b"/>
      </object_component>
      <object_component id="oc-308">
         <name>.bss:ucHeap</name>
         <uninitialized>true</uninitialized>
         <run_address>0x2000026c</run_address>
         <size>0x5000</size>
         <input_file_ref idref="fl-e"/>
      </object_component>
      <object_component id="oc-305">
         <name>.bss:xStart</name>
         <uninitialized>true</uninitialized>
         <run_address>0x20005718</run_address>
         <size>0x8</size>
         <input_file_ref idref="fl-e"/>
      </object_component>
      <object_component id="oc-28a">
         <name>.bss:g_pui8OversampleFactor</name>
         <uninitialized>true</uninitialized>
         <run_address>0x20005700</run_address>
         <size>0x8</size>
         <input_file_ref idref="fl-f"/>
      </object_component>
      <object_component id="oc-3a4">
         <name>.bss:g_ppcArgv</name>
         <uninitialized>true</uninitialized>
         <run_address>0x200055d4</run_address>
         <size>0x24</size>
         <input_file_ref idref="fl-35"/>
      </object_component>
      <object_component id="oc-210">
         <name>.bss</name>
         <uninitialized>true</uninitialized>
         <run_address>0x200056f4</run_address>
         <size>0xc</size>
         <input_file_ref idref="fl-36"/>
      </object_component>
      <object_component id="oc-11f">
         <name>.bss</name>
         <uninitialized>true</uninitialized>
         <run_address>0x20005618</run_address>
         <size>0x14</size>
         <input_file_ref idref="fl-37"/>
      </object_component>
      <object_component id="oc-125">
         <name>.bss:g_pcUARTRxHistoryBuffer</name>
         <uninitialized>true</uninitialized>
         <run_address>0x2000526c</run_address>
         <size>0x200</size>
         <input_file_ref idref="fl-37"/>
      </object_component>
      <object_component id="oc-128">
         <name>.bss:g_usUARTRxHistoryOffset</name>
         <uninitialized>true</uninitialized>
         <run_address>0x200055f8</run_address>
         <size>0x20</size>
         <input_file_ref idref="fl-37"/>
      </object_component>
      <object_component id="oc-c7">
         <name>.common:g_ui32CPUUsage</name>
         <uninitialized>true</uninitialized>
         <run_address>0x20005728</run_address>
         <size>0x4</size>
      </object_component>
      <object_component id="oc-fb">
         <name>.common:g_ui32SystemClock</name>
         <uninitialized>true</uninitialized>
         <run_address>0x2000572c</run_address>
         <size>0x4</size>
      </object_component>
      <object_component id="oc-d9">
         <name>.common:g_servo_mode</name>
         <uninitialized>true</uninitialized>
         <run_address>0x20005724</run_address>
         <size>0x4</size>
      </object_component>
      <object_component id="oc-e1">
         <name>.common:servos_ctl</name>
         <uninitialized>true</uninitialized>
         <run_address>0x20005748</run_address>
         <size>0x4</size>
      </object_component>
      <object_component id="oc-d7">
         <name>.common:servos_mode</name>
         <uninitialized>true</uninitialized>
         <run_address>0x2000574c</run_address>
         <size>0x4</size>
      </object_component>
      <object_component id="oc-da">
         <name>.common:cola_adc</name>
         <uninitialized>true</uninitialized>
         <run_address>0x20005720</run_address>
         <size>0x4</size>
      </object_component>
      <object_component id="oc-d8">
         <name>.common:q_encoders</name>
         <uninitialized>true</uninitialized>
         <run_address>0x20005734</run_address>
         <size>0x4</size>
      </object_component>
      <object_component id="oc-fa">
         <name>.common:servos_set</name>
         <uninitialized>true</uninitialized>
         <run_address>0x20005750</run_address>
         <size>0x4</size>
      </object_component>
      <object_component id="oc-ce">
         <name>.common:move_set</name>
         <uninitialized>true</uninitialized>
         <run_address>0x20005730</run_address>
         <size>0x4</size>
      </object_component>
      <object_component id="oc-cf">
         <name>.common:s_der</name>
         <uninitialized>true</uninitialized>
         <run_address>0x20005740</run_address>
         <size>0x4</size>
      </object_component>
      <object_component id="oc-d0">
         <name>.common:s_izq</name>
         <uninitialized>true</uninitialized>
         <run_address>0x20005744</run_address>
         <size>0x4</size>
      </object_component>
      <object_component id="oc-ca">
         <name>.common:s_control</name>
         <uninitialized>true</uninitialized>
         <run_address>0x2000573c</run_address>
         <size>0x4</size>
      </object_component>
      <object_component id="oc-cb">
         <name>.common:q_steps</name>
         <uninitialized>true</uninitialized>
         <run_address>0x20005738</run_address>
         <size>0x4</size>
      </object_component>
      <object_component id="oc-24">
         <name>.stack</name>
         <uninitialized>true</uninitialized>
         <run_address>0x20005758</run_address>
         <size>0x4</size>
         <input_file_ref idref="fl-fd"/>
      </object_component>
      <object_component id="oc-592">
         <name>.stack</name>
         <uninitialized>true</uninitialized>
         <run_address>0x20005758</run_address>
         <size>0x0</size>
      </object_component>
      <object_component id="oc-1ea">
         <name>.debug_info</name>
         <load_address>0x0</load_address>
         <run_address>0x0</run_address>
         <size>0x85d</size>
         <input_file_ref idref="fl-2"/>
      </object_component>
      <object_component id="oc-266">
         <name>.debug_info</name>
         <load_address>0x85d</load_address>
         <run_address>0x85d</run_address>
         <size>0xf0</size>
         <input_file_ref idref="fl-2"/>
      </object_component>
      <object_component id="oc-f5">
         <name>.debug_info</name>
         <load_address>0x94d</load_address>
         <run_address>0x94d</run_address>
         <size>0x96d</size>
         <input_file_ref idref="fl-2"/>
      </object_component>
      <object_component id="oc-102">
         <name>.debug_info</name>
         <load_address>0x12ba</load_address>
         <run_address>0x12ba</run_address>
         <size>0x315</size>
         <input_file_ref idref="fl-2"/>
      </object_component>
      <object_component id="oc-10c">
         <name>.debug_info</name>
         <load_address>0x15cf</load_address>
         <run_address>0x15cf</run_address>
         <size>0xbd</size>
         <input_file_ref idref="fl-2"/>
      </object_component>
      <object_component id="oc-349">
         <name>.debug_info</name>
         <load_address>0x168c</load_address>
         <run_address>0x168c</run_address>
         <size>0x7f</size>
         <input_file_ref idref="fl-2"/>
      </object_component>
      <object_component id="oc-150">
         <name>.debug_info</name>
         <load_address>0x170b</load_address>
         <run_address>0x170b</run_address>
         <size>0x26b</size>
         <input_file_ref idref="fl-2"/>
      </object_component>
      <object_component id="oc-155">
         <name>.debug_info</name>
         <load_address>0x1976</load_address>
         <run_address>0x1976</run_address>
         <size>0x48b</size>
         <input_file_ref idref="fl-2"/>
      </object_component>
      <object_component id="oc-3ef">
         <name>.debug_info</name>
         <load_address>0x1e01</load_address>
         <run_address>0x1e01</run_address>
         <size>0x109</size>
         <input_file_ref idref="fl-2"/>
      </object_component>
      <object_component id="oc-107">
         <name>.debug_info</name>
         <load_address>0x1f0a</load_address>
         <run_address>0x1f0a</run_address>
         <size>0x4f</size>
         <input_file_ref idref="fl-2"/>
      </object_component>
      <object_component id="oc-221">
         <name>.debug_info</name>
         <load_address>0x1f59</load_address>
         <run_address>0x1f59</run_address>
         <size>0x2c</size>
         <input_file_ref idref="fl-2"/>
      </object_component>
      <object_component id="oc-53">
         <name>.debug_info</name>
         <load_address>0x1f85</load_address>
         <run_address>0x1f85</run_address>
         <size>0x84</size>
         <input_file_ref idref="fl-2"/>
      </object_component>
      <object_component id="oc-9d">
         <name>.debug_info</name>
         <load_address>0x2009</load_address>
         <run_address>0x2009</run_address>
         <size>0x2c</size>
         <input_file_ref idref="fl-2"/>
      </object_component>
      <object_component id="oc-1eb">
         <name>.debug_info</name>
         <load_address>0x2035</load_address>
         <run_address>0x2035</run_address>
         <size>0x2a4</size>
         <input_file_ref idref="fl-2"/>
      </object_component>
      <object_component id="oc-1fa">
         <name>.debug_info</name>
         <load_address>0x22d9</load_address>
         <run_address>0x22d9</run_address>
         <size>0xef</size>
         <input_file_ref idref="fl-2"/>
      </object_component>
      <object_component id="oc-a7">
         <name>.debug_info</name>
         <load_address>0x23c8</load_address>
         <run_address>0x23c8</run_address>
         <size>0xbb</size>
         <input_file_ref idref="fl-2"/>
      </object_component>
      <object_component id="oc-14b">
         <name>.debug_info</name>
         <load_address>0x2483</load_address>
         <run_address>0x2483</run_address>
         <size>0x53</size>
         <input_file_ref idref="fl-2"/>
      </object_component>
      <object_component id="oc-a2">
         <name>.debug_info</name>
         <load_address>0x24d6</load_address>
         <run_address>0x24d6</run_address>
         <size>0x53</size>
         <input_file_ref idref="fl-2"/>
      </object_component>
      <object_component id="oc-136">
         <name>.debug_info</name>
         <load_address>0x2529</load_address>
         <run_address>0x2529</run_address>
         <size>0x2c</size>
         <input_file_ref idref="fl-2"/>
      </object_component>
      <object_component id="oc-1e5">
         <name>.debug_info</name>
         <load_address>0x2555</load_address>
         <run_address>0x2555</run_address>
         <size>0x14c</size>
         <input_file_ref idref="fl-2"/>
      </object_component>
      <object_component id="oc-c8">
         <name>.debug_info</name>
         <load_address>0x26a1</load_address>
         <run_address>0x26a1</run_address>
         <size>0xde2</size>
         <input_file_ref idref="fl-3"/>
      </object_component>
      <object_component id="oc-df">
         <name>.debug_info</name>
         <load_address>0x3483</load_address>
         <run_address>0x3483</run_address>
         <size>0xeb</size>
         <input_file_ref idref="fl-3"/>
      </object_component>
      <object_component id="oc-dc">
         <name>.debug_info</name>
         <load_address>0x356e</load_address>
         <run_address>0x356e</run_address>
         <size>0xeb</size>
         <input_file_ref idref="fl-3"/>
      </object_component>
      <object_component id="oc-c5">
         <name>.debug_info</name>
         <load_address>0x3659</load_address>
         <run_address>0x3659</run_address>
         <size>0xeb</size>
         <input_file_ref idref="fl-3"/>
      </object_component>
      <object_component id="oc-39">
         <name>.debug_info</name>
         <load_address>0x3744</load_address>
         <run_address>0x3744</run_address>
         <size>0x11a2</size>
         <input_file_ref idref="fl-3"/>
      </object_component>
      <object_component id="oc-299">
         <name>.debug_info</name>
         <load_address>0x48e6</load_address>
         <run_address>0x48e6</run_address>
         <size>0xed</size>
         <input_file_ref idref="fl-3"/>
      </object_component>
      <object_component id="oc-fd">
         <name>.debug_info</name>
         <load_address>0x49d3</load_address>
         <run_address>0x49d3</run_address>
         <size>0x8b</size>
         <input_file_ref idref="fl-3"/>
      </object_component>
      <object_component id="oc-21c">
         <name>.debug_info</name>
         <load_address>0x4a5e</load_address>
         <run_address>0x4a5e</run_address>
         <size>0x35</size>
         <input_file_ref idref="fl-3"/>
      </object_component>
      <object_component id="oc-4c">
         <name>.debug_info</name>
         <load_address>0x4a93</load_address>
         <run_address>0x4a93</run_address>
         <size>0x4bd</size>
         <input_file_ref idref="fl-4"/>
      </object_component>
      <object_component id="oc-13">
         <name>.debug_info</name>
         <load_address>0x4f50</load_address>
         <run_address>0x4f50</run_address>
         <size>0xf2</size>
         <input_file_ref idref="fl-4"/>
      </object_component>
      <object_component id="oc-28">
         <name>.debug_info</name>
         <load_address>0x5042</load_address>
         <run_address>0x5042</run_address>
         <size>0x212</size>
         <input_file_ref idref="fl-4"/>
      </object_component>
      <object_component id="oc-36b">
         <name>.debug_info</name>
         <load_address>0x5254</load_address>
         <run_address>0x5254</run_address>
         <size>0x573</size>
         <input_file_ref idref="fl-5"/>
      </object_component>
      <object_component id="oc-35d">
         <name>.debug_info</name>
         <load_address>0x57c7</load_address>
         <run_address>0x57c7</run_address>
         <size>0x110</size>
         <input_file_ref idref="fl-5"/>
      </object_component>
      <object_component id="oc-360">
         <name>.debug_info</name>
         <load_address>0x58d7</load_address>
         <run_address>0x58d7</run_address>
         <size>0x112</size>
         <input_file_ref idref="fl-5"/>
      </object_component>
      <object_component id="oc-363">
         <name>.debug_info</name>
         <load_address>0x59e9</load_address>
         <run_address>0x59e9</run_address>
         <size>0x112</size>
         <input_file_ref idref="fl-5"/>
      </object_component>
      <object_component id="oc-35a">
         <name>.debug_info</name>
         <load_address>0x5afb</load_address>
         <run_address>0x5afb</run_address>
         <size>0x263</size>
         <input_file_ref idref="fl-5"/>
      </object_component>
      <object_component id="oc-357">
         <name>.debug_info</name>
         <load_address>0x5d5e</load_address>
         <run_address>0x5d5e</run_address>
         <size>0x11a</size>
         <input_file_ref idref="fl-5"/>
      </object_component>
      <object_component id="oc-201">
         <name>.debug_info</name>
         <load_address>0x5e78</load_address>
         <run_address>0x5e78</run_address>
         <size>0x93e</size>
         <input_file_ref idref="fl-5"/>
      </object_component>
      <object_component id="oc-366">
         <name>.debug_info</name>
         <load_address>0x67b6</load_address>
         <run_address>0x67b6</run_address>
         <size>0xcc</size>
         <input_file_ref idref="fl-5"/>
      </object_component>
      <object_component id="oc-3df">
         <name>.debug_info</name>
         <load_address>0x6882</load_address>
         <run_address>0x6882</run_address>
         <size>0x76b</size>
         <input_file_ref idref="fl-6"/>
      </object_component>
      <object_component id="oc-486">
         <name>.debug_info</name>
         <load_address>0x6fed</load_address>
         <run_address>0x6fed</run_address>
         <size>0x76</size>
         <input_file_ref idref="fl-6"/>
      </object_component>
      <object_component id="oc-48b">
         <name>.debug_info</name>
         <load_address>0x7063</load_address>
         <run_address>0x7063</run_address>
         <size>0x39</size>
         <input_file_ref idref="fl-6"/>
      </object_component>
      <object_component id="oc-2ee">
         <name>.debug_info</name>
         <load_address>0x709c</load_address>
         <run_address>0x709c</run_address>
         <size>0x4f</size>
         <input_file_ref idref="fl-6"/>
      </object_component>
      <object_component id="oc-2f9">
         <name>.debug_info</name>
         <load_address>0x70eb</load_address>
         <run_address>0x70eb</run_address>
         <size>0x398</size>
         <input_file_ref idref="fl-7"/>
      </object_component>
      <object_component id="oc-194">
         <name>.debug_info</name>
         <load_address>0x7483</load_address>
         <run_address>0x7483</run_address>
         <size>0x4fd</size>
         <input_file_ref idref="fl-7"/>
      </object_component>
      <object_component id="oc-20c">
         <name>.debug_info</name>
         <load_address>0x7980</load_address>
         <run_address>0x7980</run_address>
         <size>0x9de</size>
         <input_file_ref idref="fl-8"/>
      </object_component>
      <object_component id="oc-b5">
         <name>.debug_info</name>
         <load_address>0x835e</load_address>
         <run_address>0x835e</run_address>
         <size>0x4197</size>
         <input_file_ref idref="fl-8"/>
      </object_component>
      <object_component id="oc-36e">
         <name>.debug_info</name>
         <load_address>0xc4f5</load_address>
         <run_address>0xc4f5</run_address>
         <size>0x203</size>
         <input_file_ref idref="fl-8"/>
      </object_component>
      <object_component id="oc-207">
         <name>.debug_info</name>
         <load_address>0xc6f8</load_address>
         <run_address>0xc6f8</run_address>
         <size>0x46</size>
         <input_file_ref idref="fl-8"/>
      </object_component>
      <object_component id="oc-189">
         <name>.debug_info</name>
         <load_address>0xc73e</load_address>
         <run_address>0xc73e</run_address>
         <size>0xa1f</size>
         <input_file_ref idref="fl-a"/>
      </object_component>
      <object_component id="oc-8c">
         <name>.debug_info</name>
         <load_address>0xd15d</load_address>
         <run_address>0xd15d</run_address>
         <size>0x3c3</size>
         <input_file_ref idref="fl-a"/>
      </object_component>
      <object_component id="oc-19e">
         <name>.debug_info</name>
         <load_address>0xd520</load_address>
         <run_address>0xd520</run_address>
         <size>0x106</size>
         <input_file_ref idref="fl-a"/>
      </object_component>
      <object_component id="oc-1b1">
         <name>.debug_info</name>
         <load_address>0xd626</load_address>
         <run_address>0xd626</run_address>
         <size>0x106</size>
         <input_file_ref idref="fl-a"/>
      </object_component>
      <object_component id="oc-1b4">
         <name>.debug_info</name>
         <load_address>0xd72c</load_address>
         <run_address>0xd72c</run_address>
         <size>0x106</size>
         <input_file_ref idref="fl-a"/>
      </object_component>
      <object_component id="oc-1a1">
         <name>.debug_info</name>
         <load_address>0xd832</load_address>
         <run_address>0xd832</run_address>
         <size>0x149</size>
         <input_file_ref idref="fl-a"/>
      </object_component>
      <object_component id="oc-19b">
         <name>.debug_info</name>
         <load_address>0xd97b</load_address>
         <run_address>0xd97b</run_address>
         <size>0x106</size>
         <input_file_ref idref="fl-a"/>
      </object_component>
      <object_component id="oc-1b7">
         <name>.debug_info</name>
         <load_address>0xda81</load_address>
         <run_address>0xda81</run_address>
         <size>0x114</size>
         <input_file_ref idref="fl-a"/>
      </object_component>
      <object_component id="oc-198">
         <name>.debug_info</name>
         <load_address>0xdb95</load_address>
         <run_address>0xdb95</run_address>
         <size>0x108</size>
         <input_file_ref idref="fl-a"/>
      </object_component>
      <object_component id="oc-1c6">
         <name>.debug_info</name>
         <load_address>0xdc9d</load_address>
         <run_address>0xdc9d</run_address>
         <size>0x107</size>
         <input_file_ref idref="fl-a"/>
      </object_component>
      <object_component id="oc-92">
         <name>.debug_info</name>
         <load_address>0xdda4</load_address>
         <run_address>0xdda4</run_address>
         <size>0x59eb</size>
         <input_file_ref idref="fl-a"/>
      </object_component>
      <object_component id="oc-18a">
         <name>.debug_info</name>
         <load_address>0x1378f</load_address>
         <run_address>0x1378f</run_address>
         <size>0x30c</size>
         <input_file_ref idref="fl-a"/>
      </object_component>
      <object_component id="oc-2f3">
         <name>.debug_info</name>
         <load_address>0x13a9b</load_address>
         <run_address>0x13a9b</run_address>
         <size>0x159</size>
         <input_file_ref idref="fl-a"/>
      </object_component>
      <object_component id="oc-325">
         <name>.debug_info</name>
         <load_address>0x13bf4</load_address>
         <run_address>0x13bf4</run_address>
         <size>0x873</size>
         <input_file_ref idref="fl-b"/>
      </object_component>
      <object_component id="oc-317">
         <name>.debug_info</name>
         <load_address>0x14467</load_address>
         <run_address>0x14467</run_address>
         <size>0x106</size>
         <input_file_ref idref="fl-b"/>
      </object_component>
      <object_component id="oc-31a">
         <name>.debug_info</name>
         <load_address>0x1456d</load_address>
         <run_address>0x1456d</run_address>
         <size>0x106</size>
         <input_file_ref idref="fl-b"/>
      </object_component>
      <object_component id="oc-31d">
         <name>.debug_info</name>
         <load_address>0x14673</load_address>
         <run_address>0x14673</run_address>
         <size>0x13e</size>
         <input_file_ref idref="fl-b"/>
      </object_component>
      <object_component id="oc-314">
         <name>.debug_info</name>
         <load_address>0x147b1</load_address>
         <run_address>0x147b1</run_address>
         <size>0x12a</size>
         <input_file_ref idref="fl-b"/>
      </object_component>
      <object_component id="oc-1bb">
         <name>.debug_info</name>
         <load_address>0x148db</load_address>
         <run_address>0x148db</run_address>
         <size>0x244d</size>
         <input_file_ref idref="fl-b"/>
      </object_component>
      <object_component id="oc-326">
         <name>.debug_info</name>
         <load_address>0x16d28</load_address>
         <run_address>0x16d28</run_address>
         <size>0x1e2</size>
         <input_file_ref idref="fl-b"/>
      </object_component>
      <object_component id="oc-320">
         <name>.debug_info</name>
         <load_address>0x16f0a</load_address>
         <run_address>0x16f0a</run_address>
         <size>0x46</size>
         <input_file_ref idref="fl-b"/>
      </object_component>
      <object_component id="oc-9c">
         <name>.debug_info</name>
         <load_address>0x16f50</load_address>
         <run_address>0x16f50</run_address>
         <size>0x4ea</size>
         <input_file_ref idref="fl-c"/>
      </object_component>
      <object_component id="oc-8f">
         <name>.debug_info</name>
         <load_address>0x1743a</load_address>
[...]
      </symbol>
      <symbol id="sm-ef5">
         <name>UARTIntEnable</name>
         <value>0x8071</value>
         <object_component_ref idref="oc-111"/>
      </symbol>
      <symbol id="sm-ef6">
         <name>UARTCharsAvail</name>
         <value>0x83d1</value>
         <object_component_ref idref="oc-111"/>
      </symbol>
      <symbol id="sm-ef7">
         <name>UARTCharGetNonBlocking</name>
         <value>0x8439</value>
         <object_component_ref idref="oc-111"/>
      </symbol>
      <symbol id="sm-ef8">
         <name>UARTClockSourceSet</name>
         <value>0x8389</value>
         <object_component_ref idref="oc-111"/>
      </symbol>
      <symbol id="sm-ef9">
         <name>UARTTxIntModeGet</name>
         <value>0x7d99</value>
         <object_component_ref idref="oc-111"/>
      </symbol>
      <symbol id="sm-efa">
         <name>UARTModemStatusGet</name>
         <value>0x7eab</value>
         <object_component_ref idref="oc-111"/>
      </symbol>
      <symbol id="sm-efb">
         <name>UARTIntDisable</name>
         <value>0x808f</value>
         <object_component_ref idref="oc-111"/>
      </symbol>
      <symbol id="sm-efc">
         <name>UARTCharPut</name>
         <value>0x8419</value>
         <object_component_ref idref="oc-111"/>
      </symbol>
      <symbol id="sm-efd">
         <name>UARTParityModeSet</name>
         <value>0x7e55</value>
         <object_component_ref idref="oc-111"/>
      </symbol>
      <symbol id="sm-efe">
         <name>UARTRxErrorGet</name>
         <value>0x7e1f</value>
         <object_component_ref idref="oc-111"/>
      </symbol>
      <symbol id="sm-eff">
         <name>UARTConfigGetExpClk</name>
         <value>0x8345</value>
         <object_component_ref idref="oc-111"/>
      </symbol>
      <symbol id="sm-f00">
         <name>UARTEnableSIR</name>
         <value>0x81d3</value>
         <object_component_ref idref="oc-111"/>
      </symbol>
      <symbol id="sm-f01">
         <name>UARTEnable</name>
         <value>0x8201</value>
         <object_component_ref idref="oc-111"/>
      </symbol>
      <symbol id="sm-f02">
         <name>UART9BitAddrSend</name>
         <value>0x8527</value>
         <object_component_ref idref="oc-111"/>
      </symbol>
      <symbol id="sm-f03">
         <name>UARTModemControlGet</name>
         <value>0x7efd</value>
         <object_component_ref idref="oc-111"/>
      </symbol>
      <symbol id="sm-f04">
         <name>UARTSmartCardEnable</name>
         <value>0x7dd7</value>
         <object_component_ref idref="oc-111"/>
      </symbol>
      <symbol id="sm-f05">
         <name>UARTFlowControlGet</name>
         <value>0x80fb</value>
         <object_component_ref idref="oc-111"/>
      </symbol>
      <symbol id="sm-f06">
         <name>UARTFIFOEnable</name>
         <value>0x8197</value>
         <object_component_ref idref="oc-111"/>
      </symbol>
      <symbol id="sm-f07">
         <name>UARTIntClear</name>
         <value>0x80ad</value>
         <object_component_ref idref="oc-111"/>
      </symbol>
      <symbol id="sm-f08">
         <name>UARTIntStatus</name>
         <value>0x7fdf</value>
         <object_component_ref idref="oc-111"/>
      </symbol>
      <symbol id="sm-f09">
         <name>UARTDMADisable</name>
         <value>0x82a7</value>
         <object_component_ref idref="oc-111"/>
      </symbol>
      <symbol id="sm-f0a">
         <name>UART9BitEnable</name>
         <value>0x84c1</value>
         <object_component_ref idref="oc-111"/>
      </symbol>
      <symbol id="sm-f0b">
         <name>UARTSpaceAvail</name>
         <value>0x7db5</value>
         <object_component_ref idref="oc-111"/>
      </symbol>
      <symbol id="sm-f0c">
         <name>UARTCharGet</name>
         <value>0x845d</value>
         <object_component_ref idref="oc-111"/>
      </symbol>
      <symbol id="sm-f0d">
         <name>UARTFIFOLevelSet</name>
         <value>0x8117</value>
         <object_component_ref idref="oc-111"/>
      </symbol>
      <symbol id="sm-f0e">
         <name>UARTModemControlClear</name>
         <value>0x7f19</value>
         <object_component_ref idref="oc-111"/>
      </symbol>
      <symbol id="sm-f0f">
         <name>UARTParityModeGet</name>
         <value>0x7e91</value>
         <object_component_ref idref="oc-111"/>
      </symbol>
      <symbol id="sm-f10">
         <name>UARTIntRegister</name>
         <value>0x8021</value>
         <object_component_ref idref="oc-111"/>
      </symbol>
      <symbol id="sm-f11">
         <name>UARTBreakCtl</name>
         <value>0x8497</value>
         <object_component_ref idref="oc-111"/>
      </symbol>
      <symbol id="sm-f12">
         <name>UART9BitAddrSet</name>
         <value>0x8505</value>
         <object_component_ref idref="oc-111"/>
      </symbol>
      <symbol id="sm-f39">
         <name>ButtonsInit</name>
         <value>0xb3c1</value>
         <object_component_ref idref="oc-e8"/>
      </symbol>
      <symbol id="sm-f3a">
         <name>ButtonsPoll</name>
         <value>0xb341</value>
         <object_component_ref idref="oc-e8"/>
      </symbol>
      <symbol id="sm-f56">
         <name>configADC_LeeADC</name>
         <value>0xaedd</value>
         <object_component_ref idref="oc-44"/>
      </symbol>
      <symbol id="sm-f57">
         <name>configADC_DisparaADC</name>
         <value>0xafe7</value>
         <object_component_ref idref="oc-44"/>
      </symbol>
      <symbol id="sm-f58">
         <name>configADC_ISR</name>
         <value>0xafa9</value>
         <object_component_ref idref="oc-44"/>
      </symbol>
      <symbol id="sm-f59">
         <name>configADC_IniciaADC</name>
         <value>0xaeeb</value>
         <object_component_ref idref="oc-44"/>
      </symbol>
      <symbol id="sm-f86">
         <name>q_steps</name>
         <value>0x20005738</value>
      </symbol>
      <symbol id="sm-f87">
         <name>setSingleServoSpeed</name>
         <value>0xa471</value>
         <object_component_ref idref="oc-be"/>
      </symbol>
      <symbol id="sm-f88">
         <name>configServos</name>
         <value>0xa5bb</value>
         <object_component_ref idref="oc-be"/>
      </symbol>
      <symbol id="sm-f89">
         <name>girar_robot</name>
         <value>0xa585</value>
         <object_component_ref idref="oc-be"/>
      </symbol>
      <symbol id="sm-f8a">
         <name>girar_robot_v</name>
         <value>0xa51b</value>
         <object_component_ref idref="oc-be"/>
      </symbol>
      <symbol id="sm-f8b">
         <name>setServosSpeed</name>
         <value>0xa4b3</value>
         <object_component_ref idref="oc-be"/>
      </symbol>
      <symbol id="sm-f8c">
         <name>mover_robot</name>
         <value>0xa4fd</value>
         <object_component_ref idref="oc-be"/>
      </symbol>
      <symbol id="sm-f8d">
         <name>mover_robot_v</name>
         <value>0xa4d7</value>
         <object_component_ref idref="oc-be"/>
      </symbol>
      <symbol id="sm-fa7">
         <name>GetOverflowCounts</name>
         <value>0xbf8d</value>
         <object_component_ref idref="oc-1a9"/>
      </symbol>
      <symbol id="sm-fa8">
         <name>vConfigureTimerForRunTimeStats</name>
         <value>0xbae1</value>
         <object_component_ref idref="oc-1bf"/>
      </symbol>
      <symbol id="sm-fc8">
         <name>CmdLineProcess</name>
         <value>0xbb45</value>
         <object_component_ref idref="oc-259"/>
      </symbol>
      <symbol id="sm-ff8">
         <name>CPUUsageInit</name>
         <value>0xb46d</value>
         <object_component_ref idref="oc-b8"/>
      </symbol>
      <symbol id="sm-ff9">
         <name>CPUUsageTick</name>
         <value>0xb439</value>
         <object_component_ref idref="oc-b8"/>
      </symbol>
      <symbol id="sm-10ec">
         <name>UARTTxBytesFree</name>
         <value>0x7a9f</value>
         <object_component_ref idref="oc-3e"/>
      </symbol>
      <symbol id="sm-10ed">
         <name>UARTFlushRx</name>
         <value>0x7b91</value>
         <object_component_ref idref="oc-3e"/>
      </symbol>
      <symbol id="sm-10ee">
         <name>UARTgetc</name>
         <value>0x7a89</value>
         <object_component_ref idref="oc-3e"/>
      </symbol>
      <symbol id="sm-10ef">
         <name>UARTgets</name>
         <value>0x776d</value>
         <object_component_ref idref="oc-3e"/>
      </symbol>
      <symbol id="sm-10f0">
         <name>UARTFlushTx</name>
         <value>0x7ba1</value>
         <object_component_ref idref="oc-3e"/>
      </symbol>
      <symbol id="sm-10f1">
         <name>UARTStdioConfig</name>
         <value>0x7bc9</value>
         <object_component_ref idref="oc-3e"/>
      </symbol>
      <symbol id="sm-10f2">
         <name>UARTStdioIntHandler</name>
         <value>0x7abd</value>
         <object_component_ref idref="oc-3e"/>
      </symbol>
      <symbol id="sm-10f3">
         <name>UARTRxBytesAvail</name>
         <value>0x7cd1</value>
         <object_component_ref idref="oc-3e"/>
      </symbol>
      <symbol id="sm-10f4">
         <name>UARTwrite</name>
         <value>0x7497</value>
         <object_component_ref idref="oc-3e"/>
      </symbol>
      <symbol id="sm-10f5">
         <name>UARTEchoSet</name>
         <value>0x7ce1</value>
         <object_component_ref idref="oc-3e"/>
      </symbol>
      <symbol id="sm-10f6">
         <name>UARTprintf</name>
         <value>0x7739</value>
         <object_component_ref idref="oc-3e"/>
      </symbol>
      <symbol id="sm-10f7">
         <name>UARTvprintf</name>
         <value>0x752b</value>
         <object_component_ref idref="oc-3e"/>
      </symbol>
      <symbol id="sm-111e">
         <name>sprintf</name>
         <value>0xbe21</value>
         <object_component_ref idref="oc-1d4"/>
      </symbol>
      <symbol id="sm-113a">
         <name>memcpy</name>
         <value>0xb6bf</value>
         <object_component_ref idref="oc-58"/>
      </symbol>
      <symbol id="sm-113b">
         <name>__aeabi_memcpy</name>
         <value>0xb6bf</value>
         <object_component_ref idref="oc-58"/>
      </symbol>
      <symbol id="sm-113c">
         <name>__aeabi_memcpy8</name>
         <value>0xb6bf</value>
         <object_component_ref idref="oc-58"/>
      </symbol>
      <symbol id="sm-113d">
         <name>__aeabi_memcpy4</name>
         <value>0xb6bf</value>
         <object_component_ref idref="oc-58"/>
      </symbol>
      <symbol id="sm-114c">
         <name>__aeabi_memset</name>
         <value>0xb993</value>
         <object_component_ref idref="oc-16f"/>
      </symbol>
      <symbol id="sm-114d">
         <name>memset</name>
         <value>0xb999</value>
         <object_component_ref idref="oc-16f"/>
      </symbol>
      <symbol id="sm-114e">
         <name>__aeabi_memset8</name>
         <value>0xb993</value>
         <object_component_ref idref="oc-16f"/>
      </symbol>
      <symbol id="sm-114f">
         <name>__aeabi_memset4</name>
         <value>0xb993</value>
         <object_component_ref idref="oc-16f"/>
      </symbol>
      <symbol id="sm-1150">
         <name>__aeabi_memclr8</name>
         <value>0xb991</value>
         <object_component_ref idref="oc-16f"/>
      </symbol>
      <symbol id="sm-1151">
         <name>__aeabi_memclr4</name>
         <value>0xb991</value>
         <object_component_ref idref="oc-16f"/>
      </symbol>
      <symbol id="sm-1152">
         <name>__aeabi_memclr</name>
         <value>0xb991</value>
         <object_component_ref idref="oc-16f"/>
      </symbol>
      <symbol id="sm-1161">
         <name>__aeabi_uidivmod</name>
         <value>0xbde1</value>
         <object_component_ref idref="oc-117"/>
      </symbol>
      <symbol id="sm-1162">
         <name>__aeabi_uidiv</name>
         <value>0xbde1</value>
         <object_component_ref idref="oc-117"/>
      </symbol>
      <symbol id="sm-1179">
         <name>__TI_zero_init</name>
         <value>0xc075</value>
         <object_component_ref idref="oc-6a"/>
      </symbol>
      <symbol id="sm-1190">
         <name>__TI_decompress_none</name>
         <value>0xc067</value>
         <object_component_ref idref="oc-1b"/>
      </symbol>
      <symbol id="sm-11b3">
         <name>__TI_decompress_lzss</name>
         <value>0xba79</value>
         <object_component_ref idref="oc-15"/>
      </symbol>
      <symbol id="sm-11c2">
         <name>strcmp</name>
         <value>0xbfff</value>
         <object_component_ref idref="oc-39e"/>
      </symbol>
      <symbol id="sm-11d0">
         <name>strcpy</name>
         <value>0xc02d</value>
         <object_component_ref idref="oc-1c8"/>
      </symbol>
      <symbol id="sm-11de">
         <name>strlen</name>
         <value>0xc041</value>
         <object_component_ref idref="oc-1ce"/>
      </symbol>
      <symbol id="sm-11ee">
         <name>strncmp</name>
         <value>0xbf37</value>
         <object_component_ref idref="oc-25f"/>
      </symbol>
      <symbol id="sm-1201">
         <name>__stack</name>
         <value>0x20005758</value>
         <object_component_ref idref="oc-24"/>
      </symbol>
      <symbol id="sm-1202">
         <name>_c_int00_noargs</name>
         <value>0xbed5</value>
         <object_component_ref idref="oc-76"/>
      </symbol>
      <symbol id="sm-1367">
         <name>__TI_printfi</name>
         <value>0x5fbd</value>
         <object_component_ref idref="oc-332"/>
      </symbol>
      <symbol id="sm-1371">
         <name>__aeabi_idiv0</name>
         <value>0x6a0b</value>
         <object_component_ref idref="oc-271"/>
      </symbol>
      <symbol id="sm-1372">
         <name>__aeabi_ldiv0</name>
         <value>0x6a0b</value>
         <object_component_ref idref="oc-271"/>
      </symbol>
      <symbol id="sm-1389">
         <name>__aeabi_dsub</name>
         <value>0xaab1</value>
         <object_component_ref idref="oc-4bb"/>
      </symbol>
      <symbol id="sm-138a">
         <name>__aeabi_dadd</name>
         <value>0xaabb</value>
         <object_component_ref idref="oc-4bb"/>
      </symbol>
      <symbol id="sm-13ac">
         <name>__aeabi_cdcmpeq</name>
         <value>0xb885</value>
         <object_component_ref idref="oc-40e"/>
      </symbol>
      <symbol id="sm-13ad">
         <name>__aeabi_cdcmple</name>
         <value>0xb885</value>
         <object_component_ref idref="oc-40e"/>
      </symbol>
      <symbol id="sm-13ae">
         <name>__aeabi_cdrcmple</name>
         <value>0xb90b</value>
         <object_component_ref idref="oc-4a6"/>
      </symbol>
      <symbol id="sm-13c2">
         <name>__aeabi_ddiv</name>
         <value>0xada5</value>
         <object_component_ref idref="oc-4a1"/>
      </symbol>
      <symbol id="sm-13cd">
         <name>__aeabi_dmul</name>
         <value>0xb245</value>
         <object_component_ref idref="oc-49c"/>
      </symbol>
      <symbol id="sm-13d7">
         <name>__aeabi_d2iz</name>
         <value>0xbd55</value>
         <object_component_ref idref="oc-4ab"/>
      </symbol>
      <symbol id="sm-13e1">
         <name>__aeabi_i2d</name>
         <value>0xbf09</value>
         <object_component_ref idref="oc-4b6"/>
      </symbol>
      <symbol id="sm-13ee">
         <name>__aeabi_uldivmod</name>
         <value>0xb75b</value>
         <object_component_ref idref="oc-495"/>
      </symbol>
      <symbol id="sm-1416">
         <name>__TI_auto_init_nobinit_nopinit</name>
         <value>0xbd9d</value>
         <object_component_ref idref="oc-2ba"/>
      </symbol>
      <symbol id="sm-1420">
         <name>_system_pre_init</name>
         <value>0xc09b</value>
         <object_component_ref idref="oc-175"/>
      </symbol>
      <symbol id="sm-142c">
         <name>C$$EXIT</name>
         <value>0xc09f</value>
         <object_component_ref idref="oc-2ae"/>
      </symbol>
      <symbol id="sm-142d">
         <name>abort</name>
         <value>0xc09f</value>
         <object_component_ref idref="oc-2ae"/>
      </symbol>
      <symbol id="sm-143d">
         <name>__TI_ltoa</name>
         <value>0xbc63</value>
         <object_component_ref idref="oc-4b0"/>
      </symbol>
      <symbol id="sm-1454">
         <name>atoi</name>
         <value>0xbd09</value>
         <object_component_ref idref="oc-402"/>
      </symbol>
      <symbol id="sm-145f">
         <name>_ctypes_</name>
         <value>0xc380</value>
         <object_component_ref idref="oc-490"/>
      </symbol>
      <symbol id="sm-146f">
         <name>memccpy</name>
         <value>0xbfb1</value>
         <object_component_ref idref="oc-42b"/>
      </symbol>
      <symbol id="sm-147f">
         <name>strchr</name>
         <value>0xc017</value>
         <object_component_ref idref="oc-4e7"/>
      </symbol>
      <symbol id="sm-1495">
         <name>__aeabi_errno_addr</name>
         <value>0xc08d</value>
         <object_component_ref idref="oc-437"/>
      </symbol>
      <symbol id="sm-1496">
         <name>errno</name>
         <value>0x200060f4</value>
         <object_component_ref idref="oc-4f7"/>
      </symbol>
      <symbol id="sm-14b6">
         <name>frexpl</name>
         <value>0xbba9</value>
         <object_component_ref idref="oc-4db"/>
      </symbol>
      <symbol id="sm-14b7">
         <name>frexp</name>
         <value>0xbba9</value>
         <object_component_ref idref="oc-4db"/>
      </symbol>
      <symbol id="sm-14d4">
         <name>scalbn</name>
         <value>0xb135</value>
         <object_component_ref idref="oc-4e1"/>
      </symbol>
      <symbol id="sm-14d5">
         <name>scalbnl</name>
         <value>0xb135</value>
         <object_component_ref idref="oc-4e1"/>
      </symbol>
      <symbol id="sm-14d6">
         <name>ldexpl</name>
         <value>0xb135</value>
         <object_component_ref idref="oc-4e1"/>
      </symbol>
      <symbol id="sm-14d7">
         <name>ldexp</name>
         <value>0xb135</value>
         <object_component_ref idref="oc-4e1"/>
      </symbol>
      <symbol id="sm-14f0">
         <name>wcslen</name>
         <value>0xc055</value>
         <object_component_ref idref="oc-431"/>
      </symbol>
      <symbol id="sm-14fa">
         <name>copysign</name>
         <value>0xbfcd</value>
         <object_component_ref idref="oc-537"/>
      </symbol>
      <symbol id="sm-14fb">
         <name>copysignl</name>
         <value>0xbfcd</value>
         <object_component_ref idref="oc-537"/>
      </symbol>
      <symbol id="sm-14fc">
         <name>__TI_static_base__</name>
         <value>0x0</value>
      </symbol>
      <symbol id="sm-14ff">
         <name>__mpu_init</name>
         <value>0x0</value>
      </symbol>
      <symbol id="sm-1500">
         <name>_system_post_cinit</name>
         <value>0x0</value>
      </symbol>
      <symbol id="sm-1501">
         <name>vApplicationIdleHook</name>
         <value>0xbe9f</value>
      </symbol>
      <symbol id="sm-1502">
         <name>IntPriorityMaskSet</name>
         <value>0xbec5</value>
      </symbol>
      <symbol id="sm-1503">
         <name>IntPriorityMaskGet</name>
         <value>0xbecb</value>
      </symbol>
      <symbol id="sm-1504">
         <name>SysCtlSleep</name>
         <value>0xbe9f</value>
      </symbol>
   </symbol_table>
   <title>Link successful</title>
</link_info>
